<html>
<body>
<pre>
<h1>礦ision Build Log</h1>
<h2>Project:</h2>
C:\Documents and Settings\Administrator\桌面\STM32F103RBT6-2\串口通信\GONGC.uvproj
Project File Date:  05/28/2014

<h2>Output:</h2>
Rebuild target 'Target 1'
assembling cortexm3_macro.s...
assembling stm32f10x_vector.s...
compiling main.c...
compiling stm32f10x_it.c...
compiling delay.c...
compiling stm32f10x_flash.c...
compiling stm32f10x_gpio.c...
compiling stm32f10x_usart.c...
compiling stm32f10x_rcc.c...
compiling RCC_Configuration.c...
linking...
Program Size: Code=3496 RO-data=356 RW-data=16 ZI-data=1024  
FromELF: creating hex file...
".\obj\GONGC.axf" - 0 Errors, 0 Warning(s).
