<html>
<body>
<pre>
<h1>礦ision Build Log</h1>
<h2>Project:</h2>
G:\IAP原型\STM32F10x_AN2557_FW_V3.3.0官方F1xx的例程\Project\IAP\MDK-ARM\IAP.uvproj
Project File Date:  04/19/2016

<h2>Output:</h2>
Build target 'STM32100E-EVAL'
compiling main.c...
linking...
Program Size: Code=5872 RO-data=972 RW-data=132 ZI-data=3332  
FromELF: creating hex file...
".\STM32100E-EVAL\STM32100E-EVAL.axf" - 0 Error(s), 0 Warning(s).
</pre>
</body>
</html>
        int cnt = 10;
..\src\main.c(84): warning:  #177-D: variable "i" was declared but never referenced
        int i ;
..\src\main.c(85): warning:  #177-D: variable "cnt_disp" was declared but never referenced
        char cnt_disp[3];
..\src\main.c: 4 warnings, 0 errors
linking...
Program Size: Code=2076 RO-data=508 RW-data=112 ZI-data=2048  
FromELF: creating hex file...
".\STM32100E-EVAL\STM32100E-EVAL.axf" - 0 Error(s), 4 Warning(s).
