<html>
<body>
<pre>
<h1>礦ision Build Log</h1>
<h2>Project:</h2>
G:\IAPV1\菜鸟专用平衡小车源码 （Mini版）\USER\Minibalance.uvproj
Project File Date:  04/19/2016

<h2>Output:</h2>
Build target 'Target 1'
assembling startup_stm32f10x_md.s...
compiling Minibalance.c...
compiling delay.c...
compiling sys.c...
compiling usart.c...
compiling LED.C...
compiling key.c...
compiling oled.c...
compiling adc.c...
compiling timer.c...
compiling motor.c...
compiling encoder.c...
compiling IOI2C.c...
compiling 24l01.c...
compiling spi.c...
compiling usart2.c...
compiling control.c...
compiling DataScope_DP.C...
compiling inv_mpu.c...
compiling inv_mpu_dmp_motion_driver.c...
compiling filter.c...
compiling MPU6050.c...
compiling show.c...
linking...
Program Size: Code=39144 RO-data=4480 RW-data=348 ZI-data=2012  
FromELF: creating hex file...
After Build - User command #1: fromelf.exe --bin -o ./Minibalance.bin ../OBJ/Minibalance.axf
"..\OBJ\Minibalance.axf" - 0 Error(s), 0 Warning(s).
</pre>
</body>
</html>
ed
reated
