ARM Linker, 5.03 [Build 76] [MDK-ARM Professional]

==============================================================================

Section Cross References

    startup_stm32f10x_md.o(STACK) refers (Special) to heapauxi.o(.text) for __use_two_region_memory
    startup_stm32f10x_md.o(HEAP) refers (Special) to heapauxi.o(.text) for __use_two_region_memory
    startup_stm32f10x_md.o(RESET) refers (Special) to heapauxi.o(.text) for __use_two_region_memory
    startup_stm32f10x_md.o(RESET) refers to startup_stm32f10x_md.o(STACK) for __initial_sp
    startup_stm32f10x_md.o(RESET) refers to startup_stm32f10x_md.o(.text) for Reset_Handler
    startup_stm32f10x_md.o(RESET) refers to control.o(.text) for TIM1_UP_IRQHandler
    startup_stm32f10x_md.o(RESET) refers to usart2.o(.text) for USART2_IRQHandler
    startup_stm32f10x_md.o(.text) refers (Special) to heapauxi.o(.text) for __use_two_region_memory
    startup_stm32f10x_md.o(.text) refers to __main.o(!!!main) for __main
    startup_stm32f10x_md.o(.text) refers to startup_stm32f10x_md.o(HEAP) for Heap_Mem
    startup_stm32f10x_md.o(.text) refers to startup_stm32f10x_md.o(STACK) for Stack_Mem
    minibalance.o(.text) refers to sys.o(.text) for Stm32_Clock_Init
    minibalance.o(.text) refers to delay.o(.text) for delay_init
    minibalance.o(.text) refers to led.o(.text) for LED_Init
    minibalance.o(.text) refers to key.o(.text) for KEY_Init
    minibalance.o(.text) refers to oled.o(.text) for OLED_Init
    minibalance.o(.text) refers to usart.o(.text) for uart_init
    minibalance.o(.text) refers to usart2.o(.text) for uart2_init
    minibalance.o(.text) refers to motor.o(.text) for MiniBalance_PWM_Init
    minibalance.o(.text) refers to encoder.o(.text) for Encoder_Init_TIM2
    minibalance.o(.text) refers to ioi2c.o(.text) for IIC_Init
    minibalance.o(.text) refers to mpu6050.o(.text) for MPU6050_initialize
    minibalance.o(.text) refers to noretval__2printf.o(.text) for __2printf
    minibalance.o(.text) refers to timer.o(.text) for Timer1_Init
    minibalance.o(.text) refers to show.o(.text) for oled_show
    minibalance.o(.text) refers to minibalance.o(.data) for Temperature
    delay.o(.text) refers to delay.o(.data) for fac_us
    sys.o(.text) refers to sys.o(.emb_text) for WFI_SET
    usart.o(.rev16_text) refers (Special) to use_no_semi_2.o(.text) for __use_no_semihosting
    usart.o(.revsh_text) refers (Special) to use_no_semi_2.o(.text) for __use_no_semihosting
    usart.o(.text) refers (Special) to use_no_semi_2.o(.text) for __use_no_semihosting
    usart.o(.text) refers to fflt_clz.o(x$fpl$ffltu) for __aeabi_ui2f
    usart.o(.text) refers to fdiv.o(x$fpl$fdiv) for __aeabi_fdiv
    usart.o(.text) refers to ffixu.o(x$fpl$ffixu) for __aeabi_f2uiz
    usart.o(.text) refers to faddsub_clz.o(x$fpl$frsb) for __aeabi_frsub
    usart.o(.text) refers to fmul.o(x$fpl$fmul) for __aeabi_fmul
    usart.o(.data) refers (Special) to use_no_semi_2.o(.text) for __use_no_semihosting
    led.o(.text) refers to led.o(.data) for temp
    key.o(.text) refers to key.o(.data) for flag_key
    oled.o(.text) refers to delay.o(.text) for delay_ms
    oled.o(.text) refers to oled.o(.bss) for OLED_GRAM
    oled.o(.text) refers to oled.o(.constdata) for oled_asc2_1206
    adc.o(.text) refers to dflt_clz.o(x$fpl$dfltu) for __aeabi_ui2d
    adc.o(.text) refers to dmul.o(x$fpl$dmul) for __aeabi_dmul
    adc.o(.text) refers to ddiv.o(x$fpl$ddiv) for __aeabi_ddiv
    adc.o(.text) refers to dfix.o(x$fpl$dfix) for __aeabi_d2iz
    adc.o(.text) refers to usart.o(.text) for usart1_send
    adc.o(.text) refers to delay.o(.text) for delay_ms
    adc.o(.text) refers to adc.o(.bss) for ADV
    timer.o(.text) refers to noretval__2printf.o(.text) for __2printf
    timer.o(.text) refers to sys.o(.text) for MY_NVIC_Init
    ioi2c.o(.text) refers to delay.o(.text) for delay_us
    24l01.o(.text) refers to _printf_percent.o(.ARM.Collect$$_printf_percent$$00000000) for _printf_percent
    24l01.o(.text) refers to _printf_d.o(.ARM.Collect$$_printf_percent$$00000009) for _printf_d
    24l01.o(.text) refers to _printf_dec.o(.text) for _printf_int_dec
    24l01.o(.text) refers to spi.o(.text) for SPIx_Init
    24l01.o(.text) refers to delay.o(.text) for delay_us
    24l01.o(.text) refers to faddsub_clz.o(x$fpl$fadd) for __aeabi_fadd
    24l01.o(.text) refers to ffixu.o(x$fpl$ffixu) for __aeabi_f2uiz
    24l01.o(.text) refers to noretval__2printf.o(.text) for __2printf
    24l01.o(.text) refers to 24l01.o(.constdata) for RX_ADDRESS
    24l01.o(.text) refers to minibalance.o(.data) for Angle_Balance
    usart2.o(.text) refers to fflt_clz.o(x$fpl$ffltu) for __aeabi_ui2f
    usart2.o(.text) refers to fdiv.o(x$fpl$fdiv) for __aeabi_fdiv
    usart2.o(.text) refers to ffixu.o(x$fpl$ffixu) for __aeabi_f2uiz
    usart2.o(.text) refers to faddsub_clz.o(x$fpl$frsb) for __aeabi_frsub
    usart2.o(.text) refers to fmul.o(x$fpl$fmul) for __aeabi_fmul
    usart2.o(.text) refers to sys.o(.text) for MY_NVIC_Init
[...]
    ..\HARDWARE\TIMER\timer.c                0x00000000   Number         0  timer.o ABSOLUTE
    ..\HARDWARE\USART2\usart2.c              0x00000000   Number         0  usart2.o ABSOLUTE
    ..\SYSTEM\delay\delay.c                  0x00000000   Number         0  delay.o ABSOLUTE
    ..\SYSTEM\sys\sys.c                      0x00000000   Number         0  sys.o ABSOLUTE
    ..\SYSTEM\usart\usart.c                  0x00000000   Number         0  usart.o ABSOLUTE
    ..\\BALANCE\\CONTROL\\control.c          0x00000000   Number         0  control.o ABSOLUTE
    ..\\BALANCE\\DMP\\inv_mpu.c              0x00000000   Number         0  inv_mpu.o ABSOLUTE
    ..\\BALANCE\\DMP\\inv_mpu_dmp_motion_driver.c 0x00000000   Number         0  inv_mpu_dmp_motion_driver.o ABSOLUTE
    ..\\BALANCE\\MPU6050\\MPU6050.c          0x00000000   Number         0  mpu6050.o ABSOLUTE
    ..\\BALANCE\\show\\show.c                0x00000000   Number         0  show.o ABSOLUTE
    ..\\HARDWARE\\ADC\\adc.c                 0x00000000   Number         0  adc.o ABSOLUTE
    ..\\HARDWARE\\ENCODER\\encoder.c         0x00000000   Number         0  encoder.o ABSOLUTE
    ..\\HARDWARE\\IIC\\IOI2C.c               0x00000000   Number         0  ioi2c.o ABSOLUTE
    ..\\HARDWARE\\KEY\\key.c                 0x00000000   Number         0  key.o ABSOLUTE
    ..\\HARDWARE\\LED\\LED.C                 0x00000000   Number         0  led.o ABSOLUTE
    ..\\HARDWARE\\MOTOR\\motor.c             0x00000000   Number         0  motor.o ABSOLUTE
    ..\\HARDWARE\\NRF24L01\\24l01.c          0x00000000   Number         0  24l01.o ABSOLUTE
    ..\\HARDWARE\\OLED\\oled.c               0x00000000   Number         0  oled.o ABSOLUTE
    ..\\HARDWARE\\SPI\\spi.c                 0x00000000   Number         0  spi.o ABSOLUTE
    ..\\HARDWARE\\TIMER\\timer.c             0x00000000   Number         0  timer.o ABSOLUTE
    ..\\HARDWARE\\USART2\\usart2.c           0x00000000   Number         0  usart2.o ABSOLUTE
    ..\\SYSTEM\\delay\\delay.c               0x00000000   Number         0  delay.o ABSOLUTE
    ..\\SYSTEM\\sys\\sys.c                   0x00000000   Number         0  sys.o ABSOLUTE
    ..\\SYSTEM\\usart\\usart.c               0x00000000   Number         0  usart.o ABSOLUTE
    Minibalance.c                            0x00000000   Number         0  minibalance.o ABSOLUTE
    Minibalance.c                            0x00000000   Number         0  minibalance.o ABSOLUTE
    dc.s                                     0x00000000   Number         0  dc.o ABSOLUTE
    startup_stm32f10x_md.s                   0x00000000   Number         0  startup_stm32f10x_md.o ABSOLUTE
    RESET                                    0x08003000   Section      236  startup_stm32f10x_md.o(RESET)
    !!!main                                  0x080030ec   Section        8  __main.o(!!!main)
    !!!scatter                               0x080030f4   Section       52  __scatter.o(!!!scatter)
    !!dczerorl2                              0x08003128   Section       90  __dczerorl2.o(!!dczerorl2)
    !!handler_zi                             0x08003184   Section       28  __scatter_zi.o(!!handler_zi)
    .ARM.Collect$$_printf_percent$$00000000  0x080031a0   Section        0  _printf_percent.o(.ARM.Collect$$_printf_percent$$00000000)
    .ARM.Collect$$_printf_percent$$00000009  0x080031a0   Section        6  _printf_d.o(.ARM.Collect$$_printf_percent$$00000009)
    .ARM.Collect$$_printf_percent$$00000017  0x080031a6   Section        4  _printf_percent_end.o(.ARM.Collect$$_printf_percent$$00000017)
    .ARM.Collect$$libinit$$00000000          0x080031aa   Section        2  libinit.o(.ARM.Collect$$libinit$$00000000)
    .ARM.Collect$$libinit$$00000002          0x080031ac   Section        0  libinit2.o(.ARM.Collect$$libinit$$00000002)
    .ARM.Collect$$libinit$$00000008          0x080031ac   Section        0  libinit2.o(.ARM.Collect$$libinit$$00000008)
    .ARM.Collect$$libinit$$0000000A          0x080031ac   Section        0  libinit2.o(.ARM.Collect$$libinit$$0000000A)
    .ARM.Collect$$libinit$$0000000C          0x080031ac   Section        0  libinit2.o(.ARM.Collect$$libinit$$0000000C)
    .ARM.Collect$$libinit$$0000000F          0x080031ac   Section        0  libinit2.o(.ARM.Collect$$libinit$$0000000F)
    .ARM.Collect$$libinit$$00000011          0x080031ac   Section        0  libinit2.o(.ARM.Collect$$libinit$$00000011)
    .ARM.Collect$$libinit$$00000013          0x080031ac   Section        0  libinit2.o(.ARM.Collect$$libinit$$00000013)
    .ARM.Collect$$libinit$$00000015          0x080031ac   Section        0  libinit2.o(.ARM.Collect$$libinit$$00000015)
    .ARM.Collect$$libinit$$00000017          0x080031ac   Section        0  libinit2.o(.ARM.Collect$$libinit$$00000017)
    .ARM.Collect$$libinit$$00000019          0x080031ac   Section        0  libinit2.o(.ARM.Collect$$libinit$$00000019)
    .ARM.Collect$$libinit$$0000001B          0x080031ac   Section        0  libinit2.o(.ARM.Collect$$libinit$$0000001B)
    .ARM.Collect$$libinit$$0000001D          0x080031ac   Section        0  libinit2.o(.ARM.Collect$$libinit$$0000001D)
    .ARM.Collect$$libinit$$0000001F          0x080031ac   Section        0  libinit2.o(.ARM.Collect$$libinit$$0000001F)
    .ARM.Collect$$libinit$$00000021          0x080031ac   Section        0  libinit2.o(.ARM.Collect$$libinit$$00000021)
    .ARM.Collect$$libinit$$00000023          0x080031ac   Section        0  libinit2.o(.ARM.Collect$$libinit$$00000023)
    .ARM.Collect$$libinit$$0000002A          0x080031ac   Section        0  libinit2.o(.ARM.Collect$$libinit$$0000002A)
    .ARM.Collect$$libinit$$0000002C          0x080031ac   Section        0  libinit2.o(.ARM.Collect$$libinit$$0000002C)
    .ARM.Collect$$libinit$$0000002E          0x080031ac   Section        0  libinit2.o(.ARM.Collect$$libinit$$0000002E)
    .ARM.Collect$$libinit$$00000030          0x080031ac   Section        0  libinit2.o(.ARM.Collect$$libinit$$00000030)
    .ARM.Collect$$libinit$$00000031          0x080031ac   Section        2  libinit2.o(.ARM.Collect$$libinit$$00000031)
    .ARM.Collect$$libshutdown$$00000000      0x080031ae   Section        2  libshutdown.o(.ARM.Collect$$libshutdown$$00000000)
    .ARM.Collect$$libshutdown$$00000003      0x080031b0   Section        0  libshutdown2.o(.ARM.Collect$$libshutdown$$00000003)
    .ARM.Collect$$libshutdown$$00000006      0x080031b0   Section        0  libshutdown2.o(.ARM.Collect$$libshutdown$$00000006)
    .ARM.Collect$$libshutdown$$00000009      0x080031b0   Section        0  libshutdown2.o(.ARM.Collect$$libshutdown$$00000009)
    .ARM.Collect$$libshutdown$$0000000B      0x080031b0   Section        0  libshutdown2.o(.ARM.Collect$$libshutdown$$0000000B)
    .ARM.Collect$$libshutdown$$0000000E      0x080031b0   Section        0  libshutdown2.o(.ARM.Collect$$libshutdown$$0000000E)
    .ARM.Collect$$libshutdown$$0000000F      0x080031b0   Section        2  libshutdown2.o(.ARM.Collect$$libshutdown$$0000000F)
    .ARM.Collect$$rtentry$$00000000          0x080031b2   Section        0  rtentry.o(.ARM.Collect$$rtentry$$00000000)
    .ARM.Collect$$rtentry$$00000002          0x080031b2   Section        0  rtentry2.o(.ARM.Collect$$rtentry$$00000002)
    .ARM.Collect$$rtentry$$00000004          0x080031b2   Section        6  rtentry4.o(.ARM.Collect$$rtentry$$00000004)
    .ARM.Collect$$rtentry$$00000009          0x080031b8   Section        0  rtentry2.o(.ARM.Collect$$rtentry$$00000009)
    .ARM.Collect$$rtentry$$0000000A          0x080031b8   Section        4  rtentry2.o(.ARM.Collect$$rtentry$$0000000A)
    .ARM.Collect$$rtentry$$0000000C          0x080031bc   Section        0  rtentry2.o(.ARM.Collect$$rtentry$$0000000C)
    .ARM.Collect$$rtentry$$0000000D          0x080031bc   Section        8  rtentry2.o(.ARM.Collect$$rtentry$$0000000D)
    .ARM.Collect$$rtexit$$00000000           0x080031c4   Section        2  rtexit.o(.ARM.Collect$$rtexit$$00000000)
    .ARM.Collect$$rtexit$$00000002           0x080031c6   Section        0  rtexit2.o(.ARM.Collect$$rtexit$$00000002)
    .ARM.Collect$$rtexit$$00000003           0x080031c6   Section        4  rtexit2.o(.ARM.Collect$$rtexit$$00000003)
    .ARM.Collect$$rtexit$$00000004           0x080031ca   Section        6  rtexit2.o(.ARM.Collect$$rtexit$$00000004)
    .emb_text                                0x080031d0   Section       12  sys.o(.emb_text)
    .text                                    0x080031dc   Section       56  startup_stm32f10x_md.o(.text)
    .text                                    0x08003214   Section        0  minibalance.o(.text)
    .text                                    0x080032b4   Section        0  delay.o(.text)
    .text                                    0x08003360   Section        0  sys.o(.text)
    .text                                    0x08003620   Section        0  usart.o(.text)
    .text                                    0x08003718   Section        0  led.o(.text)
    .text                                    0x08003788   Section        0  key.o(.text)
    .text                                    0x08003888   Section        0  oled.o(.text)
    .text                                    0x08003d14   Section        0  timer.o(.text)
    .text                                    0x08003e0c   Section        0  motor.o(.text)
    .text                                    0x08003edc   Section        0  encoder.o(.text)
    .text                                    0x0800402c   Section        0  ioi2c.o(.text)
    .text                                    0x08004538   Section        0  usart2.o(.text)
    .text                                    0x080048a8   Section        0  control.o(.text)
    .text                                    0x08005000   Section        0  inv_mpu.o(.text)
    set_int_enable                           0x08005001   Thumb Code   138  inv_mpu.o(.text)
    get_accel_prod_shift                     0x08006249   Thumb Code   168  inv_mpu.o(.text)
    accel_self_test                          0x080062f1   Thumb Code   160  inv_mpu.o(.text)
    gyro_self_test                           0x08006391   Thumb Code   276  inv_mpu.o(.text)
    get_st_biases                            0x080064a5   Thumb Code  1136  inv_mpu.o(.text)
    .text                                    0x08006e88   Section        0  inv_mpu_dmp_motion_driver.o(.text)
    decode_gesture                           0x0800793d   Thumb Code    94  inv_mpu_dmp_motion_driver.o(.text)
    .text                                    0x08007bf4   Section        0  filter.o(.text)
    .text                                    0x08007f5c   Section        0  mpu6050.o(.text)
    inv_row_2_scale                          0x08007f5d   Thumb Code    78  mpu6050.o(.text)
    inv_orientation_matrix_to_scalar         0x08007fab   Thumb Code    40  mpu6050.o(.text)
    run_self_test                            0x08007fd3   Thumb Code   150  mpu6050.o(.text)
    .text                                    0x08008798   Section        0  show.o(.text)
    .text                                    0x08008acc   Section        2  use_no_semi_2.o(.text)
    .text                                    0x08008ace   Section       72  llsdiv.o(.text)
    .text                                    0x08008b18   Section        0  noretval__2printf.o(.text)
    .text                                    0x08008b30   Section        0  __printf.o(.text)
    .text                                    0x08008b98   Section        0  _printf_dec.o(.text)
    .text                                    0x08008c10   Section        0  memcmp.o(.text)
    .text                                    0x08008c68   Section       16  aeabi_memset.o(.text)
    .text                                    0x08008c78   Section        0  heapauxi.o(.text)
    .text                                    0x08008c7e   Section        2  use_no_semi.o(.text)
    .text                                    0x08008c80   Section      238  lludivv7m.o(.text)
    .text                                    0x08008d6e   Section        0  _rserrno.o(.text)
    .text                                    0x08008d84   Section        0  _printf_intcommon.o(.text)
    .text                                    0x08008e3c   Section        0  _printf_char_file.o(.text)
    .text                                    0x08008e60   Section       68  rt_memclr.o(.text)
    .text                                    0x08008ea4   Section        8  rt_errno_addr_intlibspace.o(.text)
    .text                                    0x08008eac   Section        0  _printf_char_common.o(.text)
    _printf_input_char                       0x08008ead   Thumb Code    10  _printf_char_common.o(.text)
    .text                                    0x08008edc   Section        0  ferror.o(.text)
    .text                                    0x08008ee4   Section       78  rt_memclr_w.o(.text)
    .text                                    0x08008f34   Section        8  libspace.o(.text)
    .text                                    0x08008f3c   Section       74  sys_stackheap_outer.o(.text)
    .text                                    0x08008f86   Section        0  exit.o(.text)
    i.__ARM_fpclassify                       0x08008f92   Section        0  fpclassify.o(i.__ARM_fpclassify)
    i.__kernel_poly                          0x08008fba   Section        0  poly.o(i.__kernel_poly)
    i.__mathlib_dbl_underflow                0x08009064   Section        0  dunder.o(i.__mathlib_dbl_underflow)
    i.asin                                   0x08009074   Section        0  asin.o(i.asin)
    i.atan                                   0x080092f0   Section        0  atan.o(i.atan)
    i.atan2                                  0x08009514   Section        0  atan2.o(i.atan2)
    i.sqrt                                   0x08009694   Section        0  sqrt.o(i.sqrt)
    x$fpl$d2f                                0x080096e0   Section       98  d2f.o(x$fpl$d2f)
    x$fpl$dadd                               0x08009744   Section      336  daddsub_clz.o(x$fpl$dadd)
    _dadd1                                   0x08009755   Thumb Code     0  daddsub_clz.o(x$fpl$dadd)
    x$fpl$dcheck1                            0x08009894   Section       16  dcheck1.o(x$fpl$dcheck1)
    x$fpl$dcmpinf                            0x080098a4   Section       24  dcmpi.o(x$fpl$dcmpinf)
    x$fpl$ddiv                               0x080098bc   Section      688  ddiv.o(x$fpl$ddiv)
    ddiv_entry                               0x080098c3   Thumb Code     0  ddiv.o(x$fpl$ddiv)
    x$fpl$dfix                               0x08009b6c   Section       94  dfix.o(x$fpl$dfix)
    x$fpl$dflt                               0x08009bca   Section       46  dflt_clz.o(x$fpl$dflt)
    x$fpl$dleqf                              0x08009bf8   Section      120  dleqf.o(x$fpl$dleqf)
    x$fpl$dmul                               0x08009c70   Section      340  dmul.o(x$fpl$dmul)
    x$fpl$dnaninf                            0x08009dc4   Section      156  dnaninf.o(x$fpl$dnaninf)
    x$fpl$dretinf                            0x08009e60   Section       12  dretinf.o(x$fpl$dretinf)
    x$fpl$drsb                               0x08009e6c   Section       22  daddsub_clz.o(x$fpl$drsb)
    x$fpl$dsqrt                              0x08009e84   Section      460  dsqrt_noumaal.o(x$fpl$dsqrt)
    x$fpl$dsub                               0x0800a050   Section      468  daddsub_clz.o(x$fpl$dsub)
    _dsub1                                   0x0800a061   Thumb Code     0  daddsub_clz.o(x$fpl$dsub)
    x$fpl$f2d                                0x0800a224   Section       86  f2d.o(x$fpl$f2d)
    x$fpl$fadd                               0x0800a27c   Section      196  faddsub_clz.o(x$fpl$fadd)
    _fadd1                                   0x0800a28b   Thumb Code     0  faddsub_clz.o(x$fpl$fadd)
    x$fpl$fcmpinf                            0x0800a340   Section       24  fcmpi.o(x$fpl$fcmpinf)
    x$fpl$fdiv                               0x0800a358   Section      388  fdiv.o(x$fpl$fdiv)
    _fdiv1                                   0x0800a359   Thumb Code     0  fdiv.o(x$fpl$fdiv)
    x$fpl$feqf                               0x0800a4dc   Section      104  feqf.o(x$fpl$feqf)
    x$fpl$ffix                               0x0800a544   Section       54  ffix.o(x$fpl$ffix)
    x$fpl$ffixu                              0x0800a57c   Section       62  ffixu.o(x$fpl$ffixu)
    x$fpl$fflt                               0x0800a5bc   Section       48  fflt_clz.o(x$fpl$fflt)
    x$fpl$ffltu                              0x0800a5ec   Section       38  fflt_clz.o(x$fpl$ffltu)
    x$fpl$fleqf                              0x0800a614   Section      104  fleqf.o(x$fpl$fleqf)
    x$fpl$fmul                               0x0800a67c   Section      258  fmul.o(x$fpl$fmul)
    x$fpl$fnaninf                            0x0800a77e   Section      140  fnaninf.o(x$fpl$fnaninf)
    x$fpl$fretinf                            0x0800a80a   Section       10  fretinf.o(x$fpl$fretinf)
    x$fpl$frleqf                             0x0800a814   Section       98  frleqf.o(x$fpl$frleqf)
    x$fpl$frsb                               0x0800a876   Section       20  faddsub_clz.o(x$fpl$frsb)
    x$fpl$fsub                               0x0800a88c   Section      234  faddsub_clz.o(x$fpl$fsub)
    _fsub1                                   0x0800a89b   Thumb Code     0  faddsub_clz.o(x$fpl$fsub)
    x$fpl$retnan                             0x0800a976   Section      100  retnan.o(x$fpl$retnan)
    x$fpl$scalbn                             0x0800a9da   Section       92  scalbn.o(x$fpl$scalbn)
    x$fpl$trapveneer                         0x0800aa36   Section       48  trapv.o(x$fpl$trapveneer)
    .constdata                               0x0800aa66   Section     2660  oled.o(.constdata)
    x$fpl$usenofp                            0x0800aa66   Section        0  usenofp.o(x$fpl$usenofp)
    .constdata                               0x0800b4cc   Section      158  inv_mpu.o(.constdata)
    .constdata                               0x0800b56a   Section     3062  inv_mpu_dmp_motion_driver.o(.constdata)
    dmp_memory                               0x0800b56a   Data        3062  inv_mpu_dmp_motion_driver.o(.constdata)
    .constdata                               0x0800c160   Section       80  asin.o(.constdata)
    pS                                       0x0800c160   Data          48  asin.o(.constdata)
    qS                                       0x0800c190   Data          32  asin.o(.constdata)
    .constdata                               0x0800c1b0   Section      152  atan.o(.constdata)
    atanhi                                   0x0800c1b0   Data          32  atan.o(.constdata)
    atanlo                                   0x0800c1d0   Data          32  atan.o(.constdata)
    aTodd                                    0x0800c1f0   Data          40  atan.o(.constdata)
    aTeven                                   0x0800c218   Data          48  atan.o(.constdata)
    .constdata                               0x0800c248   Section        8  qnan.o(.constdata)
    .data                                    0x20000000   Section       48  minibalance.o(.data)
    .data                                    0x20000030   Section        4  delay.o(.data)
    fac_us                                   0x20000030   Data           1  delay.o(.data)
    fac_ms                                   0x20000032   Data           2  delay.o(.data)
    .data                                    0x20000034   Section        4  usart.o(.data)
    .data                                    0x20000038   Section        4  led.o(.data)
    temp                                     0x20000038   Data           4  led.o(.data)
    .data                                    0x2000003c   Section        7  key.o(.data)
    flag_key                                 0x2000003c   Data           1  key.o(.data)
    count_key                                0x2000003d   Data           1  key.o(.data)
    double_key                               0x2000003e   Data           1  key.o(.data)
    count_single                             0x20000040   Data           2  key.o(.data)
    flag_key                                 0x20000042   Data           1  key.o(.data)
    .data                                    0x20000044   Section       20  usart2.o(.data)
    uart_receive                             0x2000004c   Data           4  usart2.o(.data)
    .data                                    0x20000058   Section       53  control.o(.data)
    Velocity                                 0x20000058   Data           4  control.o(.data)
    Encoder_Least                            0x2000005c   Data           4  control.o(.data)
    Encoder                                  0x20000060   Data           4  control.o(.data)
    Movement                                 0x20000064   Data           4  control.o(.data)
    Encoder_Integral                         0x20000068   Data           4  control.o(.data)
    Turn_Target                              0x2000006c   Data           4  control.o(.data)
    Turn                                     0x20000070   Data           4  control.o(.data)
    Encoder_temp                             0x20000074   Data           4  control.o(.data)
    Turn_Convert                             0x20000078   Data           4  control.o(.data)
    Turn_Count                               0x2000007c   Data           4  control.o(.data)
    .data                                    0x20000090   Section       44  inv_mpu.o(.data)
    st                                       0x20000090   Data          44  inv_mpu.o(.data)
    .data                                    0x200000bc   Section       84  filter.o(.data)
    .data                                    0x20000110   Section       56  mpu6050.o(.data)
    gyro_orientation                         0x20000120   Data           9  mpu6050.o(.data)
    .bss                                     0x20000148   Section     1024  oled.o(.bss)
    .bss                                     0x20000548   Section       16  inv_mpu_dmp_motion_driver.o(.bss)
    dmp                                      0x20000548   Data          16  inv_mpu_dmp_motion_driver.o(.bss)
    .bss                                     0x20000558   Section       16  filter.o(.bss)
    .bss                                     0x20000568   Section      146  mpu6050.o(.bss)
    .bss                                     0x200005fc   Section       96  libspace.o(.bss)
    HEAP                                     0x20000660   Section      512  startup_stm32f10x_md.o(HEAP)
    Heap_Mem                                 0x20000660   Data         512  startup_stm32f10x_md.o(HEAP)
    STACK                                    0x20000860   Section     1024  startup_stm32f10x_md.o(STACK)
    Stack_Mem                                0x20000860   Data        1024  startup_stm32f10x_md.o(STACK)
    __initial_sp                             0x20000c60   Data           0  startup_stm32f10x_md.o(STACK)

    Global Symbols

    Symbol Name                              Value     Ov Type        Size  Object(Section)

    BuildAttributes$$THM_ISAv4$P$D$K$B$S$PE$A:L22UL41UL21$X:L11$S22US41US21$IEEE1$IW$USESV6$~STKCKD$USESV7$~SHL$OTIME$ROPI$IEEEX$EBA8$UX$STANDARDLIB$REQ8$PRES8$EABIv2 0x00000000   Number         0  anon$$obj.o ABSOLUTE
    __ARM_use_no_argv                        0x00000000   Number         0  minibalance.o ABSOLUTE
    __ARM_exceptions_init                     - Undefined Weak Reference
    __alloca_initialize                       - Undefined Weak Reference
    __cpp_initialize__aeabi_                  - Undefined Weak Reference
    __cxa_finalize                            - Undefined Weak Reference
    __rt_locale                               - Undefined Weak Reference
    __sigvec_lookup                           - Undefined Weak Reference
    _atexit_init                              - Undefined Weak Reference
    _call_atexit_fns                          - Undefined Weak Reference
    _clock_init                               - Undefined Weak Reference
    _fp_trap_init                             - Undefined Weak Reference
    _fp_trap_shutdown                         - Undefined Weak Reference
    _get_lc_collate                           - Undefined Weak Reference
    _get_lc_ctype                             - Undefined Weak Reference
    _get_lc_monetary                          - Undefined Weak Reference
    _get_lc_numeric                           - Undefined Weak Reference
    _get_lc_time                              - Undefined Weak Reference
    _getenv_init                              - Undefined Weak Reference
    _handle_redirection                       - Undefined Weak Reference
    _init_alloc                               - Undefined Weak Reference
    _init_user_alloc                          - Undefined Weak Reference
    _initio                                   - Undefined Weak Reference
    _mutex_acquire                            - Undefined Weak Reference
    _mutex_release                            - Undefined Weak Reference
    _printf_post_padding                      - Undefined Weak Reference
    _printf_pre_padding                       - Undefined Weak Reference
    _printf_truncate_signed                   - Undefined Weak Reference
    _printf_truncate_unsigned                 - Undefined Weak Reference
    _rand_init                                - Undefined Weak Reference
    _signal_finish                            - Undefined Weak Reference
    _signal_init                              - Undefined Weak Reference
    _terminate_alloc                          - Undefined Weak Reference
    _terminate_user_alloc                     - Undefined Weak Reference
    _terminateio                              - Undefined Weak Reference
    __Vectors_Size                           0x000000ec   Number         0  startup_stm32f10x_md.o ABSOLUTE
    __Vectors                                0x08003000   Data           4  startup_stm32f10x_md.o(RESET)
    __Vectors_End                            0x080030ec   Data           0  startup_stm32f10x_md.o(RESET)
    __main                                   0x080030ed   Thumb Code     8  __main.o(!!!main)
    __scatterload                            0x080030f5   Thumb Code     0  __scatter.o(!!!scatter)
    __scatterload_rt2                        0x080030f5   Thumb Code    44  __scatter.o(!!!scatter)
    __scatterload_rt2_thumb_only             0x080030f5   Thumb Code     0  __scatter.o(!!!scatter)
    __scatterload_null                       0x08003103   Thumb Code     0  __scatter.o(!!!scatter)
    __decompress                             0x08003129   Thumb Code    90  __dczerorl2.o(!!dczerorl2)
    __decompress1                            0x08003129   Thumb Code     0  __dczerorl2.o(!!dczerorl2)
    __scatterload_zeroinit                   0x08003185   Thumb Code    28  __scatter_zi.o(!!handler_zi)
    _printf_d                                0x080031a1   Thumb Code     0  _printf_d.o(.ARM.Collect$$_printf_percent$$00000009)
    _printf_percent                          0x080031a1   Thumb Code     0  _printf_percent.o(.ARM.Collect$$_printf_percent$$00000000)
    _printf_percent_end                      0x080031a7   Thumb Code     0  _printf_percent_end.o(.ARM.Collect$$_printf_percent$$00000017)
    __rt_lib_init                            0x080031ab   Thumb Code     0  libinit.o(.ARM.Collect$$libinit$$00000000)
    __rt_lib_init_alloca_1                   0x080031ad   Thumb Code     0  libinit2.o(.ARM.Collect$$libinit$$0000002C)
    __rt_lib_init_argv_1                     0x080031ad   Thumb Code     0  libinit2.o(.ARM.Collect$$libinit$$0000002A)
    __rt_lib_init_atexit_1                   0x080031ad   Thumb Code     0  libinit2.o(.ARM.Collect$$libinit$$00000019)
    __rt_lib_init_clock_1                    0x080031ad   Thumb Code     0  libinit2.o(.ARM.Collect$$libinit$$0000001F)
    __rt_lib_init_cpp_1                      0x080031ad   Thumb Code     0  libinit2.o(.ARM.Collect$$libinit$$00000030)
    __rt_lib_init_exceptions_1               0x080031ad   Thumb Code     0  libinit2.o(.ARM.Collect$$libinit$$0000002E)
    __rt_lib_init_fp_1                       0x080031ad   Thumb Code     0  libinit2.o(.ARM.Collect$$libinit$$00000002)
    __rt_lib_init_fp_trap_1                  0x080031ad   Thumb Code     0  libinit2.o(.ARM.Collect$$libinit$$0000001D)
    __rt_lib_init_getenv_1                   0x080031ad   Thumb Code     0  libinit2.o(.ARM.Collect$$libinit$$00000021)
    __rt_lib_init_heap_1                     0x080031ad   Thumb Code     0  libinit2.o(.ARM.Collect$$libinit$$00000008)
    __rt_lib_init_lc_collate_1               0x080031ad   Thumb Code     0  libinit2.o(.ARM.Collect$$libinit$$0000000F)
    __rt_lib_init_lc_ctype_1                 0x080031ad   Thumb Code     0  libinit2.o(.ARM.Collect$$libinit$$00000011)
    __rt_lib_init_lc_monetary_1              0x080031ad   Thumb Code     0  libinit2.o(.ARM.Collect$$libinit$$00000013)
    __rt_lib_init_lc_numeric_1               0x080031ad   Thumb Code     0  libinit2.o(.ARM.Collect$$libinit$$00000015)
    __rt_lib_init_lc_time_1                  0x080031ad   Thumb Code     0  libinit2.o(.ARM.Collect$$libinit$$00000017)
    __rt_lib_init_rand_1                     0x080031ad   Thumb Code     0  libinit2.o(.ARM.Collect$$libinit$$0000000C)
    __rt_lib_init_return                     0x080031ad   Thumb Code     0  libinit2.o(.ARM.Collect$$libinit$$00000031)
    __rt_lib_init_signal_1                   0x080031ad   Thumb Code     0  libinit2.o(.ARM.Collect$$libinit$$0000001B)
    __rt_lib_init_stdio_1                    0x080031ad   Thumb Code     0  libinit2.o(.ARM.Collect$$libinit$$00000023)
    __rt_lib_init_user_alloc_1               0x080031ad   Thumb Code     0  libinit2.o(.ARM.Collect$$libinit$$0000000A)
    __rt_lib_shutdown                        0x080031af   Thumb Code     0  libshutdown.o(.ARM.Collect$$libshutdown$$00000000)
    __rt_lib_shutdown_fp_trap_1              0x080031b1   Thumb Code     0  libshutdown2.o(.ARM.Collect$$libshutdown$$00000006)
    __rt_lib_shutdown_heap_1                 0x080031b1   Thumb Code     0  libshutdown2.o(.ARM.Collect$$libshutdown$$0000000E)
    __rt_lib_shutdown_return                 0x080031b1   Thumb Code     0  libshutdown2.o(.ARM.Collect$$libshutdown$$0000000F)
    __rt_lib_shutdown_signal_1               0x080031b1   Thumb Code     0  libshutdown2.o(.ARM.Collect$$libshutdown$$00000009)
    __rt_lib_shutdown_stdio_1                0x080031b1   Thumb Code     0  libshutdown2.o(.ARM.Collect$$libshutdown$$00000003)
    __rt_lib_shutdown_user_alloc_1           0x080031b1   Thumb Code     0  libshutdown2.o(.ARM.Collect$$libshutdown$$0000000B)
    __rt_entry                               0x080031b3   Thumb Code     0  rtentry.o(.ARM.Collect$$rtentry$$00000000)
    __rt_entry_presh_1                       0x080031b3   Thumb Code     0  rtentry2.o(.ARM.Collect$$rtentry$$00000002)
    __rt_entry_sh                            0x080031b3   Thumb Code     0  rtentry4.o(.ARM.Collect$$rtentry$$00000004)
    __rt_entry_li                            0x080031b9   Thumb Code     0  rtentry2.o(.ARM.Collect$$rtentry$$0000000A)
    __rt_entry_postsh_1                      0x080031b9   Thumb Code     0  rtentry2.o(.ARM.Collect$$rtentry$$00000009)
    __rt_entry_main                          0x080031bd   Thumb Code     0  rtentry2.o(.ARM.Collect$$rtentry$$0000000D)
    __rt_entry_postli_1                      0x080031bd   Thumb Code     0  rtentry2.o(.ARM.Collect$$rtentry$$0000000C)
    __rt_exit                                0x080031c5   Thumb Code     0  rtexit.o(.ARM.Collect$$rtexit$$00000000)
    __rt_exit_ls                             0x080031c7   Thumb Code     0  rtexit2.o(.ARM.Collect$$rtexit$$00000003)
    __rt_exit_prels_1                        0x080031c7   Thumb Code     0  rtexit2.o(.ARM.Collect$$rtexit$$00000002)
    __rt_exit_exit                           0x080031cb   Thumb Code     0  rtexit2.o(.ARM.Collect$$rtexit$$00000004)
    WFI_SET                                  0x080031d1   Thumb Code     2  sys.o(.emb_text)
    INTX_DISABLE                             0x080031d3   Thumb Code     2  sys.o(.emb_text)
    INTX_ENABLE                              0x080031d5   Thumb Code     2  sys.o(.emb_text)
    MSR_MSP                                  0x080031d7   Thumb Code     6  sys.o(.emb_text)
    Reset_Handler                            0x080031dd   Thumb Code     4  startup_stm32f10x_md.o(.text)
    NMI_Handler                              0x080031e1   Thumb Code     2  startup_stm32f10x_md.o(.text)
    HardFault_Handler                        0x080031e3   Thumb Code     2  startup_stm32f10x_md.o(.text)
    MemManage_Handler                        0x080031e5   Thumb Code     2  startup_stm32f10x_md.o(.text)
    BusFault_Handler                         0x080031e7   Thumb Code     2  startup_stm32f10x_md.o(.text)
    UsageFault_Handler                       0x080031e9   Thumb Code     2  startup_stm32f10x_md.o(.text)
    SVC_Handler                              0x080031eb   Thumb Code     2  startup_stm32f10x_md.o(.text)
    DebugMon_Handler                         0x080031ed   Thumb Code     2  startup_stm32f10x_md.o(.text)
    PendSV_Handler                           0x080031ef   Thumb Code     2  startup_stm32f10x_md.o(.text)
    SysTick_Handler                          0x080031f1   Thumb Code     2  startup_stm32f10x_md.o(.text)
    ADC1_2_IRQHandler                        0x080031f3   Thumb Code     0  startup_stm32f10x_md.o(.text)
    CAN1_RX1_IRQHandler                      0x080031f3   Thumb Code     0  startup_stm32f10x_md.o(.text)
    CAN1_SCE_IRQHandler                      0x080031f3   Thumb Code     0  startup_stm32f10x_md.o(.text)
    DMA1_Channel1_IRQHandler                 0x080031f3   Thumb Code     0  startup_stm32f10x_md.o(.text)
    DMA1_Channel2_IRQHandler                 0x080031f3   Thumb Code     0  startup_stm32f10x_md.o(.text)
    DMA1_Channel3_IRQHandler                 0x080031f3   Thumb Code     0  startup_stm32f10x_md.o(.text)
    DMA1_Channel4_IRQHandler                 0x080031f3   Thumb Code     0  startup_stm32f10x_md.o(.text)
    DMA1_Channel5_IRQHandler                 0x080031f3   Thumb Code     0  startup_stm32f10x_md.o(.text)
    DMA1_Channel6_IRQHandler                 0x080031f3   Thumb Code     0  startup_stm32f10x_md.o(.text)
    DMA1_Channel7_IRQHandler                 0x080031f3   Thumb Code     0  startup_stm32f10x_md.o(.text)
    EXTI0_IRQHandler                         0x080031f3   Thumb Code     0  startup_stm32f10x_md.o(.text)
    EXTI15_10_IRQHandler                     0x080031f3   Thumb Code     0  startup_stm32f10x_md.o(.text)
    EXTI1_IRQHandler                         0x080031f3   Thumb Code     0  startup_stm32f10x_md.o(.text)
    EXTI2_IRQHandler                         0x080031f3   Thumb Code     0  startup_stm32f10x_md.o(.text)
    EXTI3_IRQHandler                         0x080031f3   Thumb Code     0  startup_stm32f10x_md.o(.text)
    EXTI4_IRQHandler                         0x080031f3   Thumb Code     0  startup_stm32f10x_md.o(.text)
    EXTI9_5_IRQHandler                       0x080031f3   Thumb Code     0  startup_stm32f10x_md.o(.text)
    FLASH_IRQHandler                         0x080031f3   Thumb Code     0  startup_stm32f10x_md.o(.text)
    I2C1_ER_IRQHandler                       0x080031f3   Thumb Code     0  startup_stm32f10x_md.o(.text)
    I2C1_EV_IRQHandler                       0x080031f3   Thumb Code     0  startup_stm32f10x_md.o(.text)
    I2C2_ER_IRQHandler                       0x080031f3   Thumb Code     0  startup_stm32f10x_md.o(.text)
    I2C2_EV_IRQHandler                       0x080031f3   Thumb Code     0  startup_stm32f10x_md.o(.text)
    PVD_IRQHandler                           0x080031f3   Thumb Code     0  startup_stm32f10x_md.o(.text)
    RCC_IRQHandler                           0x080031f3   Thumb Code     0  startup_stm32f10x_md.o(.text)
    RTCAlarm_IRQHandler                      0x080031f3   Thumb Code     0  startup_stm32f10x_md.o(.text)
    RTC_IRQHandler                           0x080031f3   Thumb Code     0  startup_stm32f10x_md.o(.text)
    SPI1_IRQHandler                          0x080031f3   Thumb Code     0  startup_stm32f10x_md.o(.text)
    SPI2_IRQHandler                          0x080031f3   Thumb Code     0  startup_stm32f10x_md.o(.text)
    TAMPER_IRQHandler                        0x080031f3   Thumb Code     0  startup_stm32f10x_md.o(.text)
    TIM1_BRK_IRQHandler                      0x080031f3   Thumb Code     0  startup_stm32f10x_md.o(.text)
    TIM1_CC_IRQHandler                       0x080031f3   Thumb Code     0  startup_stm32f10x_md.o(.text)
    TIM1_TRG_COM_IRQHandler                  0x080031f3   Thumb Code     0  startup_stm32f10x_md.o(.text)
    TIM2_IRQHandler                          0x080031f3   Thumb Code     0  startup_stm32f10x_md.o(.text)
    TIM3_IRQHandler                          0x080031f3   Thumb Code     0  startup_stm32f10x_md.o(.text)
    TIM4_IRQHandler                          0x080031f3   Thumb Code     0  startup_stm32f10x_md.o(.text)
    USART1_IRQHandler                        0x080031f3   Thumb Code     0  startup_stm32f10x_md.o(.text)
    USART3_IRQHandler                        0x080031f3   Thumb Code     0  startup_stm32f10x_md.o(.text)
    USBWakeUp_IRQHandler                     0x080031f3   Thumb Code     0  startup_stm32f10x_md.o(.text)
    USB_HP_CAN1_TX_IRQHandler                0x080031f3   Thumb Code     0  startup_stm32f10x_md.o(.text)
    USB_LP_CAN1_RX0_IRQHandler               0x080031f3   Thumb Code     0  startup_stm32f10x_md.o(.text)
    WWDG_IRQHandler                          0x080031f3   Thumb Code     0  startup_stm32f10x_md.o(.text)
    __user_initial_stackheap                 0x080031f5   Thumb Code     0  startup_stm32f10x_md.o(.text)
    main                                     0x08003215   Thumb Code   130  minibalance.o(.text)
    delay_init                               0x080032b5   Thumb Code    56  delay.o(.text)
    delay_us                                 0x080032ed   Thumb Code    54  delay.o(.text)
    delay_ms                                 0x08003323   Thumb Code    54  delay.o(.text)
    MY_NVIC_SetVectorTable                   0x08003361   Thumb Code    12  sys.o(.text)
    MY_NVIC_PriorityGroupConfig              0x0800336d   Thumb Code    36  sys.o(.text)
    MY_NVIC_Init                             0x08003391   Thumb Code   120  sys.o(.text)
    Ex_NVIC_Config                           0x08003409   Thumb Code   146  sys.o(.text)
    MYRCC_DeInit                             0x0800349b   Thumb Code    92  sys.o(.text)
    Sys_Standby                              0x080034f7   Thumb Code    68  sys.o(.text)
    Sys_Soft_Reset                           0x0800353b   Thumb Code    12  sys.o(.text)
    JTAG_Set                                 0x08003547   Thumb Code    42  sys.o(.text)
    Stm32_Clock_Init                         0x08003571   Thumb Code   130  sys.o(.text)
    _sys_exit                                0x08003621   Thumb Code     6  usart.o(.text)
    fputc                                    0x08003627   Thumb Code    22  usart.o(.text)
    usart1_send                              0x0800363d   Thumb Code    20  usart.o(.text)
    uart_init                                0x08003651   Thumb Code   182  usart.o(.text)
    LED_Init                                 0x08003719   Thumb Code    52  led.o(.text)
    Led_Flash                                0x0800374d   Thumb Code    38  led.o(.text)
    KEY_Init                                 0x08003789   Thumb Code    52  key.o(.text)
    click_N_Double                           0x080037bd   Thumb Code   132  key.o(.text)
    click                                    0x08003841   Thumb Code    38  key.o(.text)
    OLED_WR_Byte                             0x08003889   Thumb Code    88  oled.o(.text)
    OLED_Refresh_Gram                        0x080038e1   Thumb Code    70  oled.o(.text)
    OLED_Display_On                          0x08003927   Thumb Code    28  oled.o(.text)
    OLED_Display_Off                         0x08003943   Thumb Code    28  oled.o(.text)
    OLED_Clear                               0x0800395f   Thumb Code    42  oled.o(.text)
    OLED_DrawPoint                           0x08003989   Thumb Code   100  oled.o(.text)
    OLED_ShowChar                            0x080039ed   Thumb Code   158  oled.o(.text)
    oled_pow                                 0x08003a8b   Thumb Code    22  oled.o(.text)
    OLED_ShowNumber                          0x08003aa1   Thumb Code   148  oled.o(.text)
    OLED_ShowString                          0x08003b35   Thumb Code    68  oled.o(.text)
    OLED_Init                                0x08003b79   Thumb Code   410  oled.o(.text)
    Timer1_Init                              0x08003d15   Thumb Code    88  timer.o(.text)
    TIM2_Cap_Init                            0x08003d6d   Thumb Code   138  timer.o(.text)
    MiniBalance_Motor_Init                   0x08003e0d   Thumb Code    36  motor.o(.text)
    MiniBalance_PWM_Init                     0x08003e31   Thumb Code   154  motor.o(.text)
    Encoder_Init_TIM2                        0x08003edd   Thumb Code   110  encoder.o(.text)
    Encoder_Init_TIM3                        0x08003f4b   Thumb Code   136  encoder.o(.text)
    Read_Encoder                             0x08003fd3   Thumb Code    74  encoder.o(.text)
    IIC_Init                                 0x0800402d   Thumb Code    36  ioi2c.o(.text)
    IIC_Start                                0x08004051   Thumb Code    88  ioi2c.o(.text)
    IIC_Stop                                 0x080040a9   Thumb Code    62  ioi2c.o(.text)
    IIC_Wait_Ack                             0x080040e7   Thumb Code    90  ioi2c.o(.text)
    IIC_Ack                                  0x08004141   Thumb Code    68  ioi2c.o(.text)
    IIC_NAck                                 0x08004185   Thumb Code    64  ioi2c.o(.text)
    IIC_Send_Byte                            0x080041c5   Thumb Code    94  ioi2c.o(.text)
    i2cWrite                                 0x08004223   Thumb Code    96  ioi2c.o(.text)
    IIC_Read_Byte                            0x08004283   Thumb Code    98  ioi2c.o(.text)
    i2cRead                                  0x080042e5   Thumb Code   118  ioi2c.o(.text)
    I2C_ReadOneByte                          0x0800435b   Thumb Code    70  ioi2c.o(.text)
    IICreadBytes                             0x080043a1   Thumb Code   100  ioi2c.o(.text)
    IICwriteBytes                            0x08004405   Thumb Code    96  ioi2c.o(.text)
    IICreadByte                              0x08004465   Thumb Code    22  ioi2c.o(.text)
    IICwriteByte                             0x0800447b   Thumb Code    20  ioi2c.o(.text)
    IICwriteBits                             0x0800448f   Thumb Code   106  ioi2c.o(.text)
    IICwriteBit                              0x080044f9   Thumb Code    64  ioi2c.o(.text)
    uart2_init                               0x08004539   Thumb Code   228  usart2.o(.text)
    USART2_IRQHandler                        0x0800461d   Thumb Code   594  usart2.o(.text)
    myabs                                    0x080048a9   Thumb Code    14  control.o(.text)
    Set_Pwm                                  0x080048b7   Thumb Code   106  control.o(.text)
    Turn_Off                                 0x08004921   Thumb Code    66  control.o(.text)
    Xianfu_Pwm                               0x08004963   Thumb Code    62  control.o(.text)
    turn                                     0x080049a1   Thumb Code   348  control.o(.text)
    velocity                                 0x08004afd   Thumb Code   318  control.o(.text)
    balance                                  0x08004c3b   Thumb Code    64  control.o(.text)
    Key                                      0x08004c7b   Thumb Code   214  control.o(.text)
    Get_Angle                                0x08004d51   Thumb Code   388  control.o(.text)
    TIM1_UP_IRQHandler                       0x08004ed5   Thumb Code   224  control.o(.text)
    mpu_reg_dump                             0x0800508b   Thumb Code    72  inv_mpu.o(.text)
    mpu_read_reg                             0x080050d3   Thumb Code    66  inv_mpu.o(.text)
    mpu_set_int_latched                      0x08005115   Thumb Code   102  inv_mpu.o(.text)
    mpu_set_sensors                          0x0800517b   Thumb Code   202  inv_mpu.o(.text)
    mpu_set_bypass                           0x08005245   Thumb Code   328  inv_mpu.o(.text)
    mpu_reset_fifo                           0x0800538d   Thumb Code   444  inv_mpu.o(.text)
    mpu_configure_fifo                       0x08005549   Thumb Code   106  inv_mpu.o(.text)
    mpu_set_lpf                              0x080055b3   Thumb Code   126  inv_mpu.o(.text)
    mpu_lp_accel_mode                        0x08005631   Thumb Code   218  inv_mpu.o(.text)
    mpu_set_sample_rate                      0x0800570b   Thumb Code   152  inv_mpu.o(.text)
    mpu_set_accel_fsr                        0x080057a3   Thumb Code   132  inv_mpu.o(.text)
    mpu_set_gyro_fsr                         0x08005827   Thumb Code   132  inv_mpu.o(.text)
    mpu_init                                 0x080058ab   Thumb Code   416  inv_mpu.o(.text)
    myget_ms                                 0x08005a4b   Thumb Code     2  inv_mpu.o(.text)
    mpu_get_gyro_reg                         0x08005a4d   Thumb Code   110  inv_mpu.o(.text)
    mpu_get_accel_reg                        0x08005abb   Thumb Code   110  inv_mpu.o(.text)
    mpu_get_temperature                      0x08005b29   Thumb Code   150  inv_mpu.o(.text)
    mpu_set_accel_bias                       0x08005bbf   Thumb Code   468  inv_mpu.o(.text)
    mpu_get_gyro_fsr                         0x08005d93   Thumb Code    64  inv_mpu.o(.text)
    mpu_get_accel_fsr                        0x08005dd3   Thumb Code    72  inv_mpu.o(.text)
    mpu_get_lpf                              0x08005e1b   Thumb Code    74  inv_mpu.o(.text)
    mpu_get_sample_rate                      0x08005e65   Thumb Code    26  inv_mpu.o(.text)
    mpu_get_compass_sample_rate              0x08005e7f   Thumb Code    10  inv_mpu.o(.text)
    mpu_set_compass_sample_rate              0x08005e89   Thumb Code     8  inv_mpu.o(.text)
    mpu_get_gyro_sens                        0x08005e91   Thumb Code    58  inv_mpu.o(.text)
    mpu_get_accel_sens                       0x08005ecb   Thumb Code    78  inv_mpu.o(.text)
    mpu_get_fifo_config                      0x08005f19   Thumb Code    12  inv_mpu.o(.text)
    mpu_get_power_state                      0x08005f25   Thumb Code    22  inv_mpu.o(.text)
    mpu_get_int_status                       0x08005f3b   Thumb Code    64  inv_mpu.o(.text)
    mpu_read_fifo                            0x08005f7b   Thumb Code   520  inv_mpu.o(.text)
    mpu_read_fifo_stream                     0x08006183   Thumb Code   186  inv_mpu.o(.text)
    mpu_set_int_level                        0x0800623d   Thumb Code    12  inv_mpu.o(.text)
    mpu_set_dmp_state                        0x08006915   Thumb Code   138  inv_mpu.o(.text)
    mpu_run_self_test                        0x0800699f   Thumb Code   278  inv_mpu.o(.text)
    mpu_write_mem                            0x08006ab5   Thumb Code   122  inv_mpu.o(.text)
    mpu_read_mem                             0x08006b2f   Thumb Code   122  inv_mpu.o(.text)
    mpu_load_firmware                        0x08006ba9   Thumb Code   190  inv_mpu.o(.text)
    mpu_get_dmp_state                        0x08006c67   Thumb Code    14  inv_mpu.o(.text)
    mpu_get_compass_reg                      0x08006c75   Thumb Code     8  inv_mpu.o(.text)
    mpu_get_compass_fsr                      0x08006c7d   Thumb Code     8  inv_mpu.o(.text)
    mpu_lp_motion_interrupt                  0x08006c85   Thumb Code   512  inv_mpu.o(.text)
    dmp_load_motion_driver_firmware          0x08006e89   Thumb Code    20  inv_mpu_dmp_motion_driver.o(.text)
    dmp_set_orientation                      0x08006e9d   Thumb Code   290  inv_mpu_dmp_motion_driver.o(.text)
    dmp_set_gyro_bias                        0x08006fbf   Thumb Code   294  inv_mpu_dmp_motion_driver.o(.text)
    dmp_set_accel_bias                       0x080070e5   Thumb Code   300  inv_mpu_dmp_motion_driver.o(.text)
    dmp_set_fifo_rate                        0x08007211   Thumb Code   136  inv_mpu_dmp_motion_driver.o(.text)
    dmp_get_fifo_rate                        0x08007299   Thumb Code    12  inv_mpu_dmp_motion_driver.o(.text)
    dmp_set_tap_thresh                       0x080072a5   Thumb Code   396  inv_mpu_dmp_motion_driver.o(.text)
    dmp_set_tap_axes                         0x08007431   Thumb Code    70  inv_mpu_dmp_motion_driver.o(.text)
    dmp_set_tap_count                        0x08007477   Thumb Code    38  inv_mpu_dmp_motion_driver.o(.text)
    dmp_set_tap_time                         0x0800749d   Thumb Code    38  inv_mpu_dmp_motion_driver.o(.text)
    dmp_set_tap_time_multi                   0x080074c3   Thumb Code    38  inv_mpu_dmp_motion_driver.o(.text)
    dmp_set_shake_reject_thresh              0x080074e9   Thumb Code    56  inv_mpu_dmp_motion_driver.o(.text)
    dmp_set_shake_reject_time                0x08007521   Thumb Code    38  inv_mpu_dmp_motion_driver.o(.text)
    dmp_set_shake_reject_timeout             0x08007547   Thumb Code    38  inv_mpu_dmp_motion_driver.o(.text)
    dmp_get_pedometer_step_count             0x0800756d   Thumb Code    66  inv_mpu_dmp_motion_driver.o(.text)
    dmp_set_pedometer_step_count             0x080075af   Thumb Code    42  inv_mpu_dmp_motion_driver.o(.text)
    dmp_get_pedometer_walk_time              0x080075d9   Thumb Code    72  inv_mpu_dmp_motion_driver.o(.text)
    dmp_set_pedometer_walk_time              0x08007621   Thumb Code    48  inv_mpu_dmp_motion_driver.o(.text)
    dmp_enable_6x_lp_quat                    0x08007651   Thumb Code    84  inv_mpu_dmp_motion_driver.o(.text)
    dmp_enable_lp_quat                       0x080076a5   Thumb Code    60  inv_mpu_dmp_motion_driver.o(.text)
    dmp_enable_gyro_cal                      0x080076e1   Thumb Code    62  inv_mpu_dmp_motion_driver.o(.text)
    dmp_enable_feature                       0x0800771f   Thumb Code   530  inv_mpu_dmp_motion_driver.o(.text)
    dmp_get_enabled_features                 0x08007931   Thumb Code    12  inv_mpu_dmp_motion_driver.o(.text)
    dmp_set_interrupt_mode                   0x0800799b   Thumb Code    66  inv_mpu_dmp_motion_driver.o(.text)
    dmp_read_fifo                            0x080079dd   Thumb Code   512  inv_mpu_dmp_motion_driver.o(.text)
    dmp_register_tap_cb                      0x08007bdd   Thumb Code    10  inv_mpu_dmp_motion_driver.o(.text)
    dmp_register_android_orient_cb           0x08007be7   Thumb Code    10  inv_mpu_dmp_motion_driver.o(.text)
    Kalman_Filter                            0x08007bf5   Thumb Code   558  filter.o(.text)
    Yijielvbo                                0x08007e23   Thumb Code   132  filter.o(.text)
    kalman_filter                            0x08007ea7   Thumb Code    96  filter.o(.text)
    MPU6050_newValues                        0x08008069   Thumb Code   494  mpu6050.o(.text)
    MPU6050_setClockSource                   0x08008257   Thumb Code    20  mpu6050.o(.text)
    MPU6050_setFullScaleGyroRange            0x0800826b   Thumb Code    20  mpu6050.o(.text)
    MPU6050_setFullScaleAccelRange           0x0800827f   Thumb Code    20  mpu6050.o(.text)
    MPU6050_setSleepEnabled                  0x08008293   Thumb Code    18  mpu6050.o(.text)
    MPU6050_getDeviceID                      0x080082a5   Thumb Code    20  mpu6050.o(.text)
    MPU6050_testConnection                   0x080082b9   Thumb Code    18  mpu6050.o(.text)
    MPU6050_setI2CMasterModeEnabled          0x080082cb   Thumb Code    18  mpu6050.o(.text)
    MPU6050_setI2CBypassEnabled              0x080082dd   Thumb Code    18  mpu6050.o(.text)
    MPU6050_initialize                       0x080082ef   Thumb Code    40  mpu6050.o(.text)
    DMP_Init                                 0x08008317   Thumb Code   198  mpu6050.o(.text)
    Read_DMP                                 0x080083dd   Thumb Code   800  mpu6050.o(.text)
    Read_Temperature                         0x080086fd   Thumb Code   110  mpu6050.o(.text)
    oled_show                                0x08008799   Thumb Code   540  show.o(.text)
    APP_Show                                 0x080089b5   Thumb Code   140  show.o(.text)
    __use_no_semihosting                     0x08008acd   Thumb Code     2  use_no_semi_2.o(.text)
    __aeabi_ldivmod                          0x08008acf   Thumb Code     0  llsdiv.o(.text)
    _ll_sdiv                                 0x08008acf   Thumb Code    72  llsdiv.o(.text)
    __2printf                                0x08008b19   Thumb Code    20  noretval__2printf.o(.text)
    __printf                                 0x08008b31   Thumb Code   104  __printf.o(.text)
    _printf_int_dec                          0x08008b99   Thumb Code   102  _printf_dec.o(.text)
    memcmp                                   0x08008c11   Thumb Code    88  memcmp.o(.text)
    __aeabi_memset                           0x08008c69   Thumb Code    16  aeabi_memset.o(.text)
    __use_two_region_memory                  0x08008c79   Thumb Code     2  heapauxi.o(.text)
    __rt_heap_escrow$2region                 0x08008c7b   Thumb Code     2  heapauxi.o(.text)
    __rt_heap_expand$2region                 0x08008c7d   Thumb Code     2  heapauxi.o(.text)
    __I$use$semihosting                      0x08008c7f   Thumb Code     0  use_no_semi.o(.text)
    __use_no_semihosting_swi                 0x08008c7f   Thumb Code     2  use_no_semi.o(.text)
    __aeabi_uldivmod                         0x08008c81   Thumb Code     0  lludivv7m.o(.text)
    _ll_udiv                                 0x08008c81   Thumb Code   238  lludivv7m.o(.text)
    __read_errno                             0x08008d6f   Thumb Code    10  _rserrno.o(.text)
    __set_errno                              0x08008d79   Thumb Code    12  _rserrno.o(.text)
    _printf_int_common                       0x08008d85   Thumb Code   184  _printf_intcommon.o(.text)
    _printf_char_file                        0x08008e3d   Thumb Code    32  _printf_char_file.o(.text)
    __aeabi_memclr                           0x08008e61   Thumb Code     0  rt_memclr.o(.text)
    __rt_memclr                              0x08008e61   Thumb Code    68  rt_memclr.o(.text)
    _memset                                  0x08008e65   Thumb Code     0  rt_memclr.o(.text)
    __aeabi_errno_addr                       0x08008ea5   Thumb Code     8  rt_errno_addr_intlibspace.o(.text)
    __errno$intlibspace                      0x08008ea5   Thumb Code     0  rt_errno_addr_intlibspace.o(.text)
    __rt_errno_addr$intlibspace              0x08008ea5   Thumb Code     0  rt_errno_addr_intlibspace.o(.text)
    _printf_char_common                      0x08008eb7   Thumb Code    32  _printf_char_common.o(.text)
    ferror                                   0x08008edd   Thumb Code     8  ferror.o(.text)
    __aeabi_memclr4                          0x08008ee5   Thumb Code     0  rt_memclr_w.o(.text)
    __aeabi_memclr8                          0x08008ee5   Thumb Code     0  rt_memclr_w.o(.text)
    __rt_memclr_w                            0x08008ee5   Thumb Code    78  rt_memclr_w.o(.text)
    _memset_w                                0x08008ee9   Thumb Code     0  rt_memclr_w.o(.text)
    __user_libspace                          0x08008f35   Thumb Code     8  libspace.o(.text)
    __user_perproc_libspace                  0x08008f35   Thumb Code     0  libspace.o(.text)
    __user_perthread_libspace                0x08008f35   Thumb Code     0  libspace.o(.text)
    __user_setup_stackheap                   0x08008f3d   Thumb Code    74  sys_stackheap_outer.o(.text)
    exit                                     0x08008f87   Thumb Code    12  exit.o(.text)
    __ARM_fpclassify                         0x08008f93   Thumb Code    40  fpclassify.o(i.__ARM_fpclassify)
    __kernel_poly                            0x08008fbb   Thumb Code   170  poly.o(i.__kernel_poly)
    __mathlib_dbl_underflow                  0x08009065   Thumb Code    10  dunder.o(i.__mathlib_dbl_underflow)
    asin                                     0x08009075   Thumb Code   584  asin.o(i.asin)
    atan                                     0x080092f1   Thumb Code   478  atan.o(i.atan)
    atan2                                    0x08009515   Thumb Code   346  atan2.o(i.atan2)
    sqrt                                     0x08009695   Thumb Code    76  sqrt.o(i.sqrt)
    __aeabi_d2f                              0x080096e1   Thumb Code     0  d2f.o(x$fpl$d2f)
    _d2f                                     0x080096e1   Thumb Code    98  d2f.o(x$fpl$d2f)
    __aeabi_dadd                             0x08009745   Thumb Code     0  daddsub_clz.o(x$fpl$dadd)
    _dadd                                    0x08009745   Thumb Code   332  daddsub_clz.o(x$fpl$dadd)
    __fpl_dcheck_NaN1                        0x08009895   Thumb Code    10  dcheck1.o(x$fpl$dcheck1)
    __fpl_dcmp_Inf                           0x080098a5   Thumb Code    24  dcmpi.o(x$fpl$dcmpinf)
    __aeabi_ddiv                             0x080098bd   Thumb Code     0  ddiv.o(x$fpl$ddiv)
    _ddiv                                    0x080098bd   Thumb Code   552  ddiv.o(x$fpl$ddiv)
    __aeabi_d2iz                             0x08009b6d   Thumb Code     0  dfix.o(x$fpl$dfix)
    _dfix                                    0x08009b6d   Thumb Code    94  dfix.o(x$fpl$dfix)
    __aeabi_i2d                              0x08009bcb   Thumb Code     0  dflt_clz.o(x$fpl$dflt)
    _dflt                                    0x08009bcb   Thumb Code    46  dflt_clz.o(x$fpl$dflt)
    __aeabi_cdcmple                          0x08009bf9   Thumb Code     0  dleqf.o(x$fpl$dleqf)
    _dcmple                                  0x08009bf9   Thumb Code   120  dleqf.o(x$fpl$dleqf)
    __fpl_dcmple_InfNaN                      0x08009c5b   Thumb Code     0  dleqf.o(x$fpl$dleqf)
    __aeabi_dmul                             0x08009c71   Thumb Code     0  dmul.o(x$fpl$dmul)
    _dmul                                    0x08009c71   Thumb Code   332  dmul.o(x$fpl$dmul)
    __fpl_dnaninf                            0x08009dc5   Thumb Code   156  dnaninf.o(x$fpl$dnaninf)
    __fpl_dretinf                            0x08009e61   Thumb Code    12  dretinf.o(x$fpl$dretinf)
    __aeabi_drsub                            0x08009e6d   Thumb Code     0  daddsub_clz.o(x$fpl$drsb)
    _drsb                                    0x08009e6d   Thumb Code    22  daddsub_clz.o(x$fpl$drsb)
    _dsqrt                                   0x08009e85   Thumb Code   456  dsqrt_noumaal.o(x$fpl$dsqrt)
    __aeabi_dsub                             0x0800a051   Thumb Code     0  daddsub_clz.o(x$fpl$dsub)
    _dsub                                    0x0800a051   Thumb Code   464  daddsub_clz.o(x$fpl$dsub)
    __aeabi_f2d                              0x0800a225   Thumb Code     0  f2d.o(x$fpl$f2d)
    _f2d                                     0x0800a225   Thumb Code    86  f2d.o(x$fpl$f2d)
    __aeabi_fadd                             0x0800a27d   Thumb Code     0  faddsub_clz.o(x$fpl$fadd)
    _fadd                                    0x0800a27d   Thumb Code   196  faddsub_clz.o(x$fpl$fadd)
    __fpl_fcmp_Inf                           0x0800a341   Thumb Code    24  fcmpi.o(x$fpl$fcmpinf)
    __aeabi_fdiv                             0x0800a359   Thumb Code     0  fdiv.o(x$fpl$fdiv)
    _fdiv                                    0x0800a359   Thumb Code   384  fdiv.o(x$fpl$fdiv)
    __aeabi_cfcmpeq                          0x0800a4dd   Thumb Code     0  feqf.o(x$fpl$feqf)
    _fcmpeq                                  0x0800a4dd   Thumb Code   104  feqf.o(x$fpl$feqf)
    __aeabi_f2iz                             0x0800a545   Thumb Code     0  ffix.o(x$fpl$ffix)
    _ffix                                    0x0800a545   Thumb Code    54  ffix.o(x$fpl$ffix)
    __aeabi_f2uiz                            0x0800a57d   Thumb Code     0  ffixu.o(x$fpl$ffixu)
    _ffixu                                   0x0800a57d   Thumb Code    62  ffixu.o(x$fpl$ffixu)
    __aeabi_i2f                              0x0800a5bd   Thumb Code     0  fflt_clz.o(x$fpl$fflt)
    _fflt                                    0x0800a5bd   Thumb Code    48  fflt_clz.o(x$fpl$fflt)
    __aeabi_ui2f                             0x0800a5ed   Thumb Code     0  fflt_clz.o(x$fpl$ffltu)
    _ffltu                                   0x0800a5ed   Thumb Code    38  fflt_clz.o(x$fpl$ffltu)
    __aeabi_cfcmple                          0x0800a615   Thumb Code     0  fleqf.o(x$fpl$fleqf)
    _fcmple                                  0x0800a615   Thumb Code   104  fleqf.o(x$fpl$fleqf)
    __fpl_fcmple_InfNaN                      0x0800a667   Thumb Code     0  fleqf.o(x$fpl$fleqf)
    __aeabi_fmul                             0x0800a67d   Thumb Code     0  fmul.o(x$fpl$fmul)
    _fmul                                    0x0800a67d   Thumb Code   258  fmul.o(x$fpl$fmul)
    __fpl_fnaninf                            0x0800a77f   Thumb Code   140  fnaninf.o(x$fpl$fnaninf)
    __fpl_fretinf                            0x0800a80b   Thumb Code    10  fretinf.o(x$fpl$fretinf)
    __aeabi_cfrcmple                         0x0800a815   Thumb Code     0  frleqf.o(x$fpl$frleqf)
    _frcmple                                 0x0800a815   Thumb Code    98  frleqf.o(x$fpl$frleqf)
    __aeabi_frsub                            0x0800a877   Thumb Code     0  faddsub_clz.o(x$fpl$frsb)
    _frsb                                    0x0800a877   Thumb Code    20  faddsub_clz.o(x$fpl$frsb)
    __aeabi_fsub                             0x0800a88d   Thumb Code     0  faddsub_clz.o(x$fpl$fsub)
    _fsub                                    0x0800a88d   Thumb Code   234  faddsub_clz.o(x$fpl$fsub)
    __fpl_return_NaN                         0x0800a977   Thumb Code   100  retnan.o(x$fpl$retnan)
    __ARM_scalbn                             0x0800a9db   Thumb Code    92  scalbn.o(x$fpl$scalbn)
    __fpl_cmpreturn                          0x0800aa37   Thumb Code    48  trapv.o(x$fpl$trapveneer)
    __I$use$fp                               0x0800aa66   Number         0  usenofp.o(x$fpl$usenofp)
    oled_asc2_1206                           0x0800aa66   Data        1140  oled.o(.constdata)
    oled_asc2_1608                           0x0800aeda   Data        1520  oled.o(.constdata)
    hw                                       0x0800b4cc   Data          12  inv_mpu.o(.constdata)
    reg                                      0x0800b4d8   Data          27  inv_mpu.o(.constdata)
    test                                     0x0800b4f4   Data          40  inv_mpu.o(.constdata)
    __mathlib_zero                           0x0800c248   Data           8  qnan.o(.constdata)
    Region$$Table$$Base                      0x0800c250   Number         0  anon$$obj.o(Region$$Table)
    Region$$Table$$Limit                     0x0800c270   Number         0  anon$$obj.o(Region$$Table)
    Way_Angle                                0x20000000   Data           1  minibalance.o(.data)
    Flag_sudu                                0x20000001   Data           1  minibalance.o(.data)
    Flag_Stop                                0x20000002   Data           1  minibalance.o(.data)
    Flag_Show                                0x20000003   Data           1  minibalance.o(.data)
    Flag_Qian                                0x20000004   Data           1  minibalance.o(.data)
    Flag_Hou                                 0x20000005   Data           1  minibalance.o(.data)
    Flag_Left                                0x20000006   Data           1  minibalance.o(.data)
    Flag_Right                               0x20000007   Data           1  minibalance.o(.data)
    Encoder_Left                             0x20000008   Data           4  minibalance.o(.data)
    Encoder_Right                            0x2000000c   Data           4  minibalance.o(.data)
    Moto1                                    0x20000010   Data           4  minibalance.o(.data)
    Moto2                                    0x20000014   Data           4  minibalance.o(.data)
    Temperature                              0x20000018   Data           4  minibalance.o(.data)
    Voltage                                  0x2000001c   Data           4  minibalance.o(.data)
    Angle_Balance                            0x20000020   Data           4  minibalance.o(.data)
    Gyro_Balance                             0x20000024   Data           4  minibalance.o(.data)
    Gyro_Turn                                0x20000028   Data           4  minibalance.o(.data)
    Show_Data_Mb                             0x2000002c   Data           4  minibalance.o(.data)
    __stdout                                 0x20000034   Data           4  usart.o(.data)
    six_data_stop                            0x20000044   Data           3  usart2.o(.data)
    six_data_start                           0x20000047   Data           3  usart2.o(.data)
    mode_data                                0x20000050   Data           8  usart2.o(.data)
    Balance_Pwm                              0x20000080   Data           4  control.o(.data)
    Velocity_Pwm                             0x20000084   Data           4  control.o(.data)
    Turn_Pwm                                 0x20000088   Data           4  control.o(.data)
    Flag_Target                              0x2000008c   Data           1  control.o(.data)
    K1                                       0x200000bc   Data           4  filter.o(.data)
    Q_angle                                  0x200000c0   Data           4  filter.o(.data)
    Q_gyro                                   0x200000c4   Data           4  filter.o(.data)
    R_angle                                  0x200000c8   Data           4  filter.o(.data)
    dt                                       0x200000cc   Data           4  filter.o(.data)
    C_0                                      0x200000d0   Data           1  filter.o(.data)
    PP                                       0x200000d4   Data          16  filter.o(.data)
    angle                                    0x200000e4   Data           4  filter.o(.data)
    angle_dot                                0x200000e8   Data           4  filter.o(.data)
    Q_bias                                   0x200000ec   Data           4  filter.o(.data)
    Angle_err                                0x200000f0   Data           4  filter.o(.data)
    PCt_0                                    0x200000f4   Data           4  filter.o(.data)
    PCt_1                                    0x200000f8   Data           4  filter.o(.data)
    E                                        0x200000fc   Data           4  filter.o(.data)
    K_0                                      0x20000100   Data           4  filter.o(.data)
    K_1                                      0x20000104   Data           4  filter.o(.data)
    t_0                                      0x20000108   Data           4  filter.o(.data)
    t_1                                      0x2000010c   Data           4  filter.o(.data)
    q0                                       0x20000110   Data           4  mpu6050.o(.data)
    q1                                       0x20000114   Data           4  mpu6050.o(.data)
    q2                                       0x20000118   Data           4  mpu6050.o(.data)
    q3                                       0x2000011c   Data           4  mpu6050.o(.data)
    Gx_offset                                0x2000012a   Data           2  mpu6050.o(.data)
    Gy_offset                                0x2000012c   Data           2  mpu6050.o(.data)
    Gz_offset                                0x2000012e   Data           2  mpu6050.o(.data)
    gyro                                     0x20000130   Data           6  mpu6050.o(.data)
    accel                                    0x20000136   Data           6  mpu6050.o(.data)
    sensors                                  0x2000013c   Data           2  mpu6050.o(.data)
    Pitch                                    0x20000140   Data           4  mpu6050.o(.data)
    Roll                                     0x20000144   Data           4  mpu6050.o(.data)
    OLED_GRAM                                0x20000148   Data        1024  oled.o(.bss)
    Pdot                                     0x20000558   Data          16  filter.o(.bss)
    buffer                                   0x20000568   Data          14  mpu6050.o(.bss)
    MPU6050_FIFO                             0x20000576   Data         132  mpu6050.o(.bss)
    __libspace_start                         0x200005fc   Data          96  libspace.o(.bss)
    __temporary_stack_top$libspace           0x2000065c   Data           0  libspace.o(.bss)



==============================================================================

Memory Map of the image

  Image Entry point : 0x080030ed

  Load Region LR_IROM1 (Base: 0x08003000, Size: 0x000093b8, Max: 0x00010000, ABSOLUTE, COMPRESSED[0x000092b8])

    Execution Region ER_IROM1 (Base: 0x08003000, Size: 0x00009270, Max: 0x00010000, ABSOLUTE)

    Base Addr    Size         Type   Attr      Idx    E Section Name        Object

    0x08003000   0x000000ec   Data   RO            3    RESET               startup_stm32f10x_md.o
    0x080030ec   0x00000008   Code   RO          674  * !!!main             c_w.l(__main.o)
    0x080030f4   0x00000034   Code   RO          990    !!!scatter          c_w.l(__scatter.o)
    0x08003128   0x0000005a   Code   RO          988    !!dczerorl2         c_w.l(__dczerorl2.o)
    0x08003182   0x00000002   PAD
    0x08003184   0x0000001c   Code   RO          992    !!handler_zi        c_w.l(__scatter_zi.o)
    0x080031a0   0x00000000   Code   RO          667    .ARM.Collect$$_printf_percent$$00000000  c_w.l(_printf_percent.o)
    0x080031a0   0x00000006   Code   RO          666    .ARM.Collect$$_printf_percent$$00000009  c_w.l(_printf_d.o)
    0x080031a6   0x00000004   Code   RO          765    .ARM.Collect$$_printf_percent$$00000017  c_w.l(_printf_percent_end.o)
    0x080031aa   0x00000002   Code   RO          860    .ARM.Collect$$libinit$$00000000  c_w.l(libinit.o)
    0x080031ac   0x00000000   Code   RO          870    .ARM.Collect$$libinit$$00000002  c_w.l(libinit2.o)
    0x080031ac   0x00000000   Code   RO          873    .ARM.Collect$$libinit$$00000008  c_w.l(libinit2.o)
    0x080031ac   0x00000000   Code   RO          875    .ARM.Collect$$libinit$$0000000A  c_w.l(libinit2.o)
    0x080031ac   0x00000000   Code   RO          877    .ARM.Collect$$libinit$$0000000C  c_w.l(libinit2.o)
    0x080031ac   0x00000000   Code   RO          880    .ARM.Collect$$libinit$$0000000F  c_w.l(libinit2.o)
    0x080031ac   0x00000000   Code   RO          882    .ARM.Collect$$libinit$$00000011  c_w.l(libinit2.o)
    0x080031ac   0x00000000   Code   RO          884    .ARM.Collect$$libinit$$00000013  c_w.l(libinit2.o)
    0x080031ac   0x00000000   Code   RO          886    .ARM.Collect$$libinit$$00000015  c_w.l(libinit2.o)
    0x080031ac   0x00000000   Code   RO          888    .ARM.Collect$$libinit$$00000017  c_w.l(libinit2.o)
    0x080031ac   0x00000000   Code   RO          890    .ARM.Collect$$libinit$$00000019  c_w.l(libinit2.o)
    0x080031ac   0x00000000   Code   RO          892    .ARM.Collect$$libinit$$0000001B  c_w.l(libinit2.o)
    0x080031ac   0x00000000   Code   RO          894    .ARM.Collect$$libinit$$0000001D  c_w.l(libinit2.o)
    0x080031ac   0x00000000   Code   RO          896    .ARM.Collect$$libinit$$0000001F  c_w.l(libinit2.o)
    0x080031ac   0x00000000   Code   RO          898    .ARM.Collect$$libinit$$00000021  c_w.l(libinit2.o)
    0x080031ac   0x00000000   Code   RO          900    .ARM.Collect$$libinit$$00000023  c_w.l(libinit2.o)
    0x080031ac   0x00000000   Code   RO          904    .ARM.Collect$$libinit$$0000002A  c_w.l(libinit2.o)
    0x080031ac   0x00000000   Code   RO          906    .ARM.Collect$$libinit$$0000002C  c_w.l(libinit2.o)
    0x080031ac   0x00000000   Code   RO          908    .ARM.Collect$$libinit$$0000002E  c_w.l(libinit2.o)
    0x080031ac   0x00000000   Code   RO          910    .ARM.Collect$$libinit$$00000030  c_w.l(libinit2.o)
    0x080031ac   0x00000002   Code   RO          911    .ARM.Collect$$libinit$$00000031  c_w.l(libinit2.o)
    0x080031ae   0x00000002   Code   RO          941    .ARM.Collect$$libshutdown$$00000000  c_w.l(libshutdown.o)
    0x080031b0   0x00000000   Code   RO          956    .ARM.Collect$$libshutdown$$00000003  c_w.l(libshutdown2.o)
    0x080031b0   0x00000000   Code   RO          959    .ARM.Collect$$libshutdown$$00000006  c_w.l(libshutdown2.o)
    0x080031b0   0x00000000   Code   RO          962    .ARM.Collect$$libshutdown$$00000009  c_w.l(libshutdown2.o)
    0x080031b0   0x00000000   Code   RO          964    .ARM.Collect$$libshutdown$$0000000B  c_w.l(libshutdown2.o)
    0x080031b0   0x00000000   Code   RO          967    .ARM.Collect$$libshutdown$$0000000E  c_w.l(libshutdown2.o)
    0x080031b0   0x00000002   Code   RO          968    .ARM.Collect$$libshutdown$$0000000F  c_w.l(libshutdown2.o)
    0x080031b2   0x00000000   Code   RO          756    .ARM.Collect$$rtentry$$00000000  c_w.l(rtentry.o)
    0x080031b2   0x00000000   Code   RO          809    .ARM.Collect$$rtentry$$00000002  c_w.l(rtentry2.o)
    0x080031b2   0x00000006   Code   RO          821    .ARM.Collect$$rtentry$$00000004  c_w.l(rtentry4.o)
    0x080031b8   0x00000000   Code   RO          811    .ARM.Collect$$rtentry$$00000009  c_w.l(rtentry2.o)
    0x080031b8   0x00000004   Code   RO          812    .ARM.Collect$$rtentry$$0000000A  c_w.l(rtentry2.o)
    0x080031bc   0x00000000   Code   RO          814    .ARM.Collect$$rtentry$$0000000C  c_w.l(rtentry2.o)
    0x080031bc   0x00000008   Code   RO          815    .ARM.Collect$$rtentry$$0000000D  c_w.l(rtentry2.o)
    0x080031c4   0x00000002   Code   RO          863    .ARM.Collect$$rtexit$$00000000  c_w.l(rtexit.o)
    0x080031c6   0x00000000   Code   RO          915    .ARM.Collect$$rtexit$$00000002  c_w.l(rtexit2.o)
    0x080031c6   0x00000004   Code   RO          916    .ARM.Collect$$rtexit$$00000003  c_w.l(rtexit2.o)
    0x080031ca   0x00000006   Code   RO          917    .ARM.Collect$$rtexit$$00000004  c_w.l(rtexit2.o)
    0x080031d0   0x0000000c   Code   RO          163    .emb_text           sys.o
    0x080031dc   0x00000038   Code   RO            4    .text               startup_stm32f10x_md.o
    0x08003214   0x000000a0   Code   RO           12    .text               minibalance.o
    0x080032b4   0x000000ac   Code   RO          137    .text               delay.o
    0x08003360   0x000002c0   Code   RO          164    .text               sys.o
    0x08003620   0x000000f8   Code   RO          187    .text               usart.o
    0x08003718   0x00000070   Code   RO          220    .text               led.o
    0x08003788   0x00000100   Code   RO          241    .text               key.o
    0x08003888   0x0000048a   Code   RO          262    .text               oled.o
    0x08003d12   0x00000002   PAD
    0x08003d14   0x000000f8   Code   RO          312    .text               timer.o
    0x08003e0c   0x000000d0   Code   RO          332    .text               motor.o
    0x08003edc   0x00000150   Code   RO          352    .text               encoder.o
    0x0800402c   0x0000050c   Code   RO          372    .text               ioi2c.o
    0x08004538   0x00000370   Code   RO          435    .text               usart2.o
    0x080048a8   0x00000758   Code   RO          458    .text               control.o
    0x08005000   0x00001e88   Code   RO          506    .text               inv_mpu.o
    0x08006e88   0x00000d6c   Code   RO          537    .text               inv_mpu_dmp_motion_driver.o
    0x08007bf4   0x00000368   Code   RO          558    .text               filter.o
    0x08007f5c   0x0000083c   Code   RO          579    .text               mpu6050.o
    0x08008798   0x00000334   Code   RO          611    .text               show.o
    0x08008acc   0x00000002   Code   RO          634    .text               c_w.l(use_no_semi_2.o)
    0x08008ace   0x00000048   Code   RO          636    .text               c_w.l(llsdiv.o)
    0x08008b16   0x00000002   PAD
    0x08008b18   0x00000018   Code   RO          640    .text               c_w.l(noretval__2printf.o)
    0x08008b30   0x00000068   Code   RO          642    .text               c_w.l(__printf.o)
    0x08008b98   0x00000078   Code   RO          644    .text               c_w.l(_printf_dec.o)
    0x08008c10   0x00000058   Code   RO          668    .text               c_w.l(memcmp.o)
    0x08008c68   0x00000010   Code   RO          670    .text               c_w.l(aeabi_memset.o)
    0x08008c78   0x00000006   Code   RO          672    .text               c_w.l(heapauxi.o)
    0x08008c7e   0x00000002   Code   RO          754    .text               c_w.l(use_no_semi.o)
    0x08008c80   0x000000ee   Code   RO          757    .text               c_w.l(lludivv7m.o)
    0x08008d6e   0x00000016   Code   RO          759    .text               c_w.l(_rserrno.o)
    0x08008d84   0x000000b8   Code   RO          761    .text               c_w.l(_printf_intcommon.o)
    0x08008e3c   0x00000024   Code   RO          763    .text               c_w.l(_printf_char_file.o)
    0x08008e60   0x00000044   Code   RO          766    .text               c_w.l(rt_memclr.o)
    0x08008ea4   0x00000008   Code   RO          830    .text               c_w.l(rt_errno_addr_intlibspace.o)
    0x08008eac   0x00000030   Code   RO          832    .text               c_w.l(_printf_char_common.o)
    0x08008edc   0x00000008   Code   RO          834    .text               c_w.l(ferror.o)
    0x08008ee4   0x0000004e   Code   RO          838    .text               c_w.l(rt_memclr_w.o)
    0x08008f32   0x00000002   PAD
    0x08008f34   0x00000008   Code   RO          844    .text               c_w.l(libspace.o)
    0x08008f3c   0x0000004a   Code   RO          847    .text               c_w.l(sys_stackheap_outer.o)
    0x08008f86   0x0000000c   Code   RO          853    .text               c_w.l(exit.o)
    0x08008f92   0x00000028   Code   RO          795    i.__ARM_fpclassify  m_ws.l(fpclassify.o)
    0x08008fba   0x000000aa   Code   RO          797    i.__kernel_poly     m_ws.l(poly.o)
    0x08009064   0x00000010   Code   RO          793    i.__mathlib_dbl_underflow  m_ws.l(dunder.o)
    0x08009074   0x0000027c   Code   RO          737    i.asin              m_ws.l(asin.o)
    0x080092f0   0x00000224   Code   RO          784    i.atan              m_ws.l(atan.o)
    0x08009514   0x00000180   Code   RO          747    i.atan2             m_ws.l(atan2.o)
    0x08009694   0x0000004c   Code   RO          801    i.sqrt              m_ws.l(sqrt.o)
    0x080096e0   0x00000062   Code   RO          676    x$fpl$d2f           fz_ws.l(d2f.o)
    0x08009742   0x00000002   PAD
    0x08009744   0x00000150   Code   RO          678    x$fpl$dadd          fz_ws.l(daddsub_clz.o)
    0x08009894   0x00000010   Code   RO          840    x$fpl$dcheck1       fz_ws.l(dcheck1.o)
    0x080098a4   0x00000018   Code   RO          768    x$fpl$dcmpinf       fz_ws.l(dcmpi.o)
    0x080098bc   0x000002b0   Code   RO          685    x$fpl$ddiv          fz_ws.l(ddiv.o)
    0x08009b6c   0x0000005e   Code   RO          688    x$fpl$dfix          fz_ws.l(dfix.o)
    0x08009bca   0x0000002e   Code   RO          693    x$fpl$dflt          fz_ws.l(dflt_clz.o)
    0x08009bf8   0x00000078   Code   RO          698    x$fpl$dleqf         fz_ws.l(dleqf.o)
    0x08009c70   0x00000154   Code   RO          700    x$fpl$dmul          fz_ws.l(dmul.o)
    0x08009dc4   0x0000009c   Code   RO          770    x$fpl$dnaninf       fz_ws.l(dnaninf.o)
    0x08009e60   0x0000000c   Code   RO          772    x$fpl$dretinf       fz_ws.l(dretinf.o)
    0x08009e6c   0x00000016   Code   RO          679    x$fpl$drsb          fz_ws.l(daddsub_clz.o)
    0x08009e82   0x00000002   PAD
    0x08009e84   0x000001cc   Code   RO          842    x$fpl$dsqrt         fz_ws.l(dsqrt_noumaal.o)
    0x0800a050   0x000001d4   Code   RO          680    x$fpl$dsub          fz_ws.l(daddsub_clz.o)
    0x0800a224   0x00000056   Code   RO          702    x$fpl$f2d           fz_ws.l(f2d.o)
    0x0800a27a   0x00000002   PAD
    0x0800a27c   0x000000c4   Code   RO          704    x$fpl$fadd          fz_ws.l(faddsub_clz.o)
    0x0800a340   0x00000018   Code   RO          774    x$fpl$fcmpinf       fz_ws.l(fcmpi.o)
    0x0800a358   0x00000184   Code   RO          711    x$fpl$fdiv          fz_ws.l(fdiv.o)
    0x0800a4dc   0x00000068   Code   RO          714    x$fpl$feqf          fz_ws.l(feqf.o)
    0x0800a544   0x00000036   Code   RO          716    x$fpl$ffix          fz_ws.l(ffix.o)
    0x0800a57a   0x00000002   PAD
    0x0800a57c   0x0000003e   Code   RO          720    x$fpl$ffixu         fz_ws.l(ffixu.o)
    0x0800a5ba   0x00000002   PAD
    0x0800a5bc   0x00000030   Code   RO          725    x$fpl$fflt          fz_ws.l(fflt_clz.o)
    0x0800a5ec   0x00000026   Code   RO          724    x$fpl$ffltu         fz_ws.l(fflt_clz.o)
    0x0800a612   0x00000002   PAD
    0x0800a614   0x00000068   Code   RO          730    x$fpl$fleqf         fz_ws.l(fleqf.o)
    0x0800a67c   0x00000102   Code   RO          732    x$fpl$fmul          fz_ws.l(fmul.o)
    0x0800a77e   0x0000008c   Code   RO          776    x$fpl$fnaninf       fz_ws.l(fnaninf.o)
    0x0800a80a   0x0000000a   Code   RO          778    x$fpl$fretinf       fz_ws.l(fretinf.o)
    0x0800a814   0x00000062   Code   RO          734    x$fpl$frleqf        fz_ws.l(frleqf.o)
    0x0800a876   0x00000014   Code   RO          705    x$fpl$frsb          fz_ws.l(faddsub_clz.o)
    0x0800a88a   0x00000002   PAD
    0x0800a88c   0x000000ea   Code   RO          706    x$fpl$fsub          fz_ws.l(faddsub_clz.o)
    0x0800a976   0x00000064   Code   RO          861    x$fpl$retnan        fz_ws.l(retnan.o)
    0x0800a9da   0x0000005c   Code   RO          780    x$fpl$scalbn        fz_ws.l(scalbn.o)
    0x0800aa36   0x00000030   Code   RO          912    x$fpl$trapveneer    fz_ws.l(trapv.o)
    0x0800aa66   0x00000000   Code   RO          782    x$fpl$usenofp       fz_ws.l(usenofp.o)
    0x0800aa66   0x00000a64   Data   RO          264    .constdata          oled.o
    0x0800b4ca   0x00000002   PAD
    0x0800b4cc   0x0000009e   Data   RO          507    .constdata          inv_mpu.o
    0x0800b56a   0x00000bf6   Data   RO          539    .constdata          inv_mpu_dmp_motion_driver.o
    0x0800c160   0x00000050   Data   RO          738    .constdata          m_ws.l(asin.o)
    0x0800c1b0   0x00000098   Data   RO          785    .constdata          m_ws.l(atan.o)
    0x0800c248   0x00000008   Data   RO          799    .constdata          m_ws.l(qnan.o)
    0x0800c250   0x00000020   Data   RO          986    Region$$Table       anon$$obj.o


    Execution Region RW_IRAM1 (Base: 0x20000000, Size: 0x00000c60, Max: 0x00005000, ABSOLUTE, COMPRESSED[0x00000048])

    Base Addr    Size         Type   Attr      Idx    E Section Name        Object

    0x20000000   0x00000030   Data   RW           13    .data               minibalance.o
    0x20000030   0x00000004   Data   RW          138    .data               delay.o
    0x20000034   0x00000004   Data   RW          188    .data               usart.o
    0x20000038   0x00000004   Data   RW          221    .data               led.o
    0x2000003c   0x00000007   Data   RW          242    .data               key.o
    0x20000043   0x00000001   PAD
    0x20000044   0x00000014   Data   RW          436    .data               usart2.o
    0x20000058   0x00000035   Data   RW          459    .data               control.o
    0x2000008d   0x00000003   PAD
    0x20000090   0x0000002c   Data   RW          508    .data               inv_mpu.o
    0x200000bc   0x00000054   Data   RW          560    .data               filter.o
    0x20000110   0x00000038   Data   RW          581    .data               mpu6050.o
    0x20000148   0x00000400   Zero   RW          263    .bss                oled.o
    0x20000548   0x00000010   Zero   RW          538    .bss                inv_mpu_dmp_motion_driver.o
    0x20000558   0x00000010   Zero   RW          559    .bss                filter.o
    0x20000568   0x00000092   Zero   RW          580    .bss                mpu6050.o
    0x200005fa   0x00000002   PAD
    0x200005fc   0x00000060   Zero   RW          845    .bss                c_w.l(libspace.o)
    0x2000065c   0x00000004   PAD
    0x20000660   0x00000200   Zero   RW            2    HEAP                startup_stm32f10x_md.o
    0x20000860   0x00000400   Zero   RW            1    STACK               startup_stm32f10x_md.o


==============================================================================

Image component sizes


      Code (inc. data)   RO Data    RW Data    ZI Data      Debug   Object Name

      1880        250          0         53          0       4171   control.o
       172          8          0          4          0       1291   delay.o
       336         16          0          0          0       1111   encoder.o
       872         86          0         84         16       3082   filter.o
      7816        172        158         44          0      21319   inv_mpu.o
      3436        124       3062          0         16      15151   inv_mpu_dmp_motion_driver.o
      1292         24          0          0          0       5662   ioi2c.o
       256         34          0          7          0       1168   key.o
       112         22          0          4          0        765   led.o
       160         30          0         48          0     207790   minibalance.o
       208         18          0          0          0        898   motor.o
      2108        452          0         56        146      28130   mpu6050.o
      1162         52       2660          0       1024       4963   oled.o
       820        140          0          0          0       1013   show.o
        56         22        236          0       1536        840   startup_stm32f10x_md.o
       716         46          0          0          0       2915   sys.o
       248         22          0          0          0        940   timer.o
       248         18          0          4          0       3302   usart.o
       880         58          0         20          0       2452   usart2.o

    ----------------------------------------------------------------------
     22780       1594       6150        328       2740     306963   Object Totals
         0          0         32          0          0          0   (incl. Generated)
         2          0          2          4          2          0   (incl. Padding)

    ----------------------------------------------------------------------

      Code (inc. data)   RO Data    RW Data    ZI Data      Debug   Library Member Name

        90          0          0          0          0          0   __dczerorl2.o
         8          0          0          0          0         68   __main.o
       104          0          0          0          0         84   __printf.o
        52          8          0          0          0          0   __scatter.o
        28          0          0          0          0          0   __scatter_zi.o
        48          6          0          0          0         96   _printf_char_common.o
        36          4          0          0          0         80   _printf_char_file.o
         6          0          0          0          0          0   _printf_d.o
       120         18          0          0          0         92   _printf_dec.o
       184          0          0          0          0         88   _printf_intcommon.o
         0          0          0          0          0          0   _printf_percent.o
         4          0          0          0          0          0   _printf_percent_end.o
        22          0          0          0          0        100   _rserrno.o
        16          0          0          0          0         68   aeabi_memset.o
        12          0          0          0          0         72   exit.o
         8          0          0          0          0         68   ferror.o
         6          0          0          0          0        152   heapauxi.o
         2          0          0          0          0          0   libinit.o
         2          0          0          0          0          0   libinit2.o
         2          0          0          0          0          0   libshutdown.o
         2          0          0          0          0          0   libshutdown2.o
         8          4          0          0         96         68   libspace.o
        72          0          0          0          0         76   llsdiv.o
       238          0          0          0          0        100   lludivv7m.o
        88          0          0          0          0         76   memcmp.o
        24          4          0          0          0         84   noretval__2printf.o
         8          4          0          0          0         68   rt_errno_addr_intlibspace.o
        68          0          0          0          0         68   rt_memclr.o
        78          0          0          0          0         80   rt_memclr_w.o
         0          0          0          0          0          0   rtentry.o
        12          0          0          0          0          0   rtentry2.o
         6          0          0          0          0          0   rtentry4.o
         2          0          0          0          0          0   rtexit.o
        10          0          0          0          0          0   rtexit2.o
        74          0          0          0          0         80   sys_stackheap_outer.o
         2          0          0          0          0         68   use_no_semi.o
         2          0          0          0          0         68   use_no_semi_2.o
        98          4          0          0          0         92   d2f.o
       826         16          0          0          0        348   daddsub_clz.o
        16          4          0          0          0         68   dcheck1.o
        24          0          0          0          0         68   dcmpi.o
       688        140          0          0          0        208   ddiv.o
        94          4          0          0          0         92   dfix.o
        46          0          0          0          0         68   dflt_clz.o
       120          4          0          0          0         92   dleqf.o
       340         12          0          0          0        104   dmul.o
       156          4          0          0          0         92   dnaninf.o
        12          0          0          0          0         68   dretinf.o
       460         56          0          0          0        120   dsqrt_noumaal.o
        86          4          0          0          0         84   f2d.o
       450          8          0          0          0        236   faddsub_clz.o
        24          0          0          0          0         68   fcmpi.o
       388         76          0          0          0         96   fdiv.o
       104          4          0          0          0         84   feqf.o
        54          4          0          0          0         84   ffix.o
        62          4          0          0          0         84   ffixu.o
        86          0          0          0          0        136   fflt_clz.o
       104          4          0          0          0         84   fleqf.o
       258          4          0          0          0         84   fmul.o
       140          4          0          0          0         84   fnaninf.o
        10          0          0          0          0         68   fretinf.o
        98          0          0          0          0         68   frleqf.o
       100          0          0          0          0         68   retnan.o
        92          0          0          0          0         68   scalbn.o
        48          0          0          0          0         68   trapv.o
         0          0          0          0          0          0   usenofp.o
       636         52         80          0          0        168   asin.o
       548         70        152          0          0        124   atan.o
       384         38          0          0          0        144   atan2.o
        16          6          0          0          0         68   dunder.o
        40          0          0          0          0         68   fpclassify.o
       170          0          0          0          0         96   poly.o
         0          0          8          0          0          0   qnan.o
        76          0          0          0          0         84   sqrt.o

    ----------------------------------------------------------------------
      8318        570        240          0        100       5440   Library Totals
        20          0          0          0          4          0   (incl. Padding)

    ----------------------------------------------------------------------

      Code (inc. data)   RO Data    RW Data    ZI Data      Debug   Library Name

      1444         48          0          0         96       1804   c_w.l
      4984        356          0          0          0       2884   fz_ws.l
      1870        166        240          0          0        752   m_ws.l

    ----------------------------------------------------------------------
      8318        570        240          0        100       5440   Library Totals

    ----------------------------------------------------------------------

==============================================================================


      Code (inc. data)   RO Data    RW Data    ZI Data      Debug   

     31098       2164       6390        328       2840     307671   Grand Totals
     31098       2164       6390         72       2840     307671   ELF Image Totals (compressed)
     31098       2164       6390         72          0          0   ROM Totals

==============================================================================

    Total RO  Size (Code + RO Data)                37488 (  36.61kB)
    Total RW  Size (RW Data + ZI Data)              3168 (   3.09kB)
    Total ROM Size (Code + RO Data + RW Data)      37560 (  36.68kB)

==============================================================================

