ARM Linker, 5.03 [Build 76] [MDK-ARM Professional]

==============================================================================

Section Cross References

    startup_stm32f10x_md.o(STACK) refers (Special) to heapauxi.o(.text) for __use_two_region_memory
    startup_stm32f10x_md.o(HEAP) refers (Special) to heapauxi.o(.text) for __use_two_region_memory
    startup_stm32f10x_md.o(RESET) refers (Special) to heapauxi.o(.text) for __use_two_region_memory
    startup_stm32f10x_md.o(RESET) refers to startup_stm32f10x_md.o(STACK) for __initial_sp
    startup_stm32f10x_md.o(RESET) refers to startup_stm32f10x_md.o(.text) for Reset_Handler
    startup_stm32f10x_md.o(RESET) refers to control.o(.text) for TIM1_UP_IRQHandler
    startup_stm32f10x_md.o(RESET) refers to usart.o(.text) for USART1_IRQHandler
    startup_stm32f10x_md.o(RESET) refers to usart2.o(.text) for USART2_IRQHandler
    startup_stm32f10x_md.o(.text) refers (Special) to heapauxi.o(.text) for __use_two_region_memory
    startup_stm32f10x_md.o(.text) refers to __main.o(!!!main) for __main
    startup_stm32f10x_md.o(.text) refers to startup_stm32f10x_md.o(HEAP) for Heap_Mem
    startup_stm32f10x_md.o(.text) refers to startup_stm32f10x_md.o(STACK) for Stack_Mem
    minibalance.o(.text) refers to sys.o(.text) for Stm32_Clock_Init
    minibalance.o(.text) refers to delay.o(.text) for delay_init
    minibalance.o(.text) refers to led.o(.text) for LED_Init
    minibalance.o(.text) refers to key.o(.text) for KEY_Init
    minibalance.o(.text) refers to usart.o(.text) for uart_init
    minibalance.o(.text) refers to usart2.o(.text) for uart2_init
    minibalance.o(.text) refers to motor.o(.text) for MiniBalance_PWM_Init
    minibalance.o(.text) refers to ioi2c.o(.text) for IIC_Init
    minibalance.o(.text) refers to mpu6050.o(.text) for MPU6050_initialize
    minibalance.o(.text) refers to timer.o(.text) for Timer1_Init
    minibalance.o(.text) refers to minibalance.o(.data) for Temperature
    delay.o(.text) refers to delay.o(.data) for fac_us
    sys.o(.text) refers to sys.o(.emb_text) for WFI_SET
    usart.o(.rev16_text) refers (Special) to use_no_semi_2.o(.text) for __use_no_semihosting
    usart.o(.revsh_text) refers (Special) to use_no_semi_2.o(.text) for __use_no_semihosting
    usart.o(.text) refers (Special) to use_no_semi_2.o(.text) for __use_no_semihosting
    usart.o(.text) refers to scanf1.o(x$fpl$scanf1) for _scanf_real
    usart.o(.text) refers to _printf_percent.o(.ARM.Collect$$_printf_percent$$00000000) for _printf_percent
    usart.o(.text) refers to _printf_f.o(.ARM.Collect$$_printf_percent$$00000003) for _printf_f
    usart.o(.text) refers to printf1.o(x$fpl$printf1) for _printf_fp_dec
    usart.o(.text) refers to fflt_clz.o(x$fpl$ffltu) for __aeabi_ui2f
    usart.o(.text) refers to fdiv.o(x$fpl$fdiv) for __aeabi_fdiv
    usart.o(.text) refers to ffixu.o(x$fpl$ffixu) for __aeabi_f2uiz
    usart.o(.text) refers to faddsub_clz.o(x$fpl$frsb) for __aeabi_frsub
    usart.o(.text) refers to fmul.o(x$fpl$fmul) for __aeabi_fmul
    usart.o(.text) refers to sys.o(.text) for MY_NVIC_Init
    usart.o(.text) refers to __2printf.o(.text) for __2printf
    usart.o(.text) refers to c89printf.o(.text) for __c89printf
    usart.o(.text) refers to __0sscanf.o(.text) for __0sscanf
    usart.o(.text) refers to f2d.o(x$fpl$f2d) for __aeabi_f2d
    usart.o(.text) refers to usart.o(.bss) for PktBuf
    usart.o(.text) refers to usart.o(.data) for PktBuf_index
    usart.o(.bss) refers (Special) to use_no_semi_2.o(.text) for __use_no_semihosting
    usart.o(.data) refers (Special) to use_no_semi_2.o(.text) for __use_no_semihosting
    led.o(.text) refers to led.o(.data) for temp
    key.o(.text) refers to key.o(.data) for flag_key
    oled.o(.text) refers to delay.o(.text) for delay_ms
    oled.o(.text) refers to oled.o(.bss) for OLED_GRAM
    oled.o(.text) refers to oled.o(.constdata) for oled_asc2_1206
    adc.o(.text) refers to dflt_clz.o(x$fpl$dfltu) for __aeabi_ui2d
    adc.o(.text) refers to dmul.o(x$fpl$dmul) for __aeabi_dmul
    adc.o(.text) refers to ddiv.o(x$fpl$ddiv) for __aeabi_ddiv
    adc.o(.text) refers to dfix.o(x$fpl$dfix) for __aeabi_d2iz
    adc.o(.text) refers to usart.o(.text) for usart1_send
    adc.o(.text) refers to delay.o(.text) for delay_ms
    adc.o(.text) refers to adc.o(.bss) for ADV
    timer.o(.text) refers to sys.o(.text) for MY_NVIC_Init
    ioi2c.o(.text) refers to delay.o(.text) for delay_us
    24l01.o(.text) refers to _printf_percent.o(.ARM.Collect$$_printf_percent$$00000000) for _printf_percent
    24l01.o(.text) refers to _printf_d.o(.ARM.Collect$$_printf_percent$$00000009) for _printf_d
    24l01.o(.text) refers to _printf_dec.o(.text) for _printf_int_dec
    24l01.o(.text) refers to spi.o(.text) for SPIx_Init
    24l01.o(.text) refers to delay.o(.text) for delay_us
    24l01.o(.text) refers to faddsub_clz.o(x$fpl$fadd) for __aeabi_fadd
    24l01.o(.text) refers to ffixu.o(x$fpl$ffixu) for __aeabi_f2uiz
[...]
    _get_lc_collate                           - Undefined Weak Reference
    _get_lc_monetary                          - Undefined Weak Reference
    _get_lc_time                              - Undefined Weak Reference
    _getenv_init                              - Undefined Weak Reference
    _handle_redirection                       - Undefined Weak Reference
    _init_alloc                               - Undefined Weak Reference
    _init_user_alloc                          - Undefined Weak Reference
    _initio                                   - Undefined Weak Reference
    _mutex_acquire                            - Undefined Weak Reference
    _mutex_release                            - Undefined Weak Reference
    _printf_fp_hex                            - Undefined Weak Reference
    _printf_mbtowc                            - Undefined Weak Reference
    _printf_wc                                - Undefined Weak Reference
    _rand_init                                - Undefined Weak Reference
    _scanf_int                                - Undefined Weak Reference
    _scanf_longlong                           - Undefined Weak Reference
    _scanf_mbtowc                             - Undefined Weak Reference
    _scanf_string                             - Undefined Weak Reference
    _scanf_wctomb                             - Undefined Weak Reference
    _scanf_wstring                            - Undefined Weak Reference
    _signal_finish                            - Undefined Weak Reference
    _signal_init                              - Undefined Weak Reference
    _terminate_alloc                          - Undefined Weak Reference
    _terminate_user_alloc                     - Undefined Weak Reference
    _terminateio                              - Undefined Weak Reference
    __Vectors_Size                           0x000000ec   Number         0  startup_stm32f10x_md.o ABSOLUTE
    __Vectors                                0x08003000   Data           4  startup_stm32f10x_md.o(RESET)
    __Vectors_End                            0x080030ec   Data           0  startup_stm32f10x_md.o(RESET)
    __main                                   0x080030ed   Thumb Code     8  __main.o(!!!main)
    __scatterload                            0x080030f5   Thumb Code     0  __scatter.o(!!!scatter)
    __scatterload_rt2                        0x080030f5   Thumb Code    44  __scatter.o(!!!scatter)
    __scatterload_rt2_thumb_only             0x080030f5   Thumb Code     0  __scatter.o(!!!scatter)
    __scatterload_null                       0x08003103   Thumb Code     0  __scatter.o(!!!scatter)
    __decompress                             0x08003129   Thumb Code    90  __dczerorl2.o(!!dczerorl2)
    __decompress1                            0x08003129   Thumb Code     0  __dczerorl2.o(!!dczerorl2)
    __scatterload_zeroinit                   0x08003185   Thumb Code    28  __scatter_zi.o(!!handler_zi)
    _printf_n                                0x080031a1   Thumb Code     0  _printf_n.o(.ARM.Collect$$_printf_percent$$00000001)
    _printf_percent                          0x080031a1   Thumb Code     0  _printf_percent.o(.ARM.Collect$$_printf_percent$$00000000)
    _printf_p                                0x080031a7   Thumb Code     0  _printf_p.o(.ARM.Collect$$_printf_percent$$00000002)
    _printf_f                                0x080031ad   Thumb Code     0  _printf_f.o(.ARM.Collect$$_printf_percent$$00000003)
    _printf_e                                0x080031b3   Thumb Code     0  _printf_e.o(.ARM.Collect$$_printf_percent$$00000004)
    _printf_g                                0x080031b9   Thumb Code     0  _printf_g.o(.ARM.Collect$$_printf_percent$$00000005)
    _printf_a                                0x080031bf   Thumb Code     0  _printf_a.o(.ARM.Collect$$_printf_percent$$00000006)
    _printf_ll                               0x080031c5   Thumb Code     0  _printf_ll.o(.ARM.Collect$$_printf_percent$$00000007)
    _printf_i                                0x080031cf   Thumb Code     0  _printf_i.o(.ARM.Collect$$_printf_percent$$00000008)
    _printf_d                                0x080031d5   Thumb Code     0  _printf_d.o(.ARM.Collect$$_printf_percent$$00000009)
    _printf_u                                0x080031db   Thumb Code     0  _printf_u.o(.ARM.Collect$$_printf_percent$$0000000A)
    _printf_o                                0x080031e1   Thumb Code     0  _printf_o.o(.ARM.Collect$$_printf_percent$$0000000B)
    _printf_x                                0x080031e7   Thumb Code     0  _printf_x.o(.ARM.Collect$$_printf_percent$$0000000C)
    _printf_lli                              0x080031ed   Thumb Code     0  _printf_lli.o(.ARM.Collect$$_printf_percent$$0000000D)
    _printf_lld                              0x080031f3   Thumb Code     0  _printf_lld.o(.ARM.Collect$$_printf_percent$$0000000E)
    _printf_llu                              0x080031f9   Thumb Code     0  _printf_llu.o(.ARM.Collect$$_printf_percent$$0000000F)
    _printf_llo                              0x080031ff   Thumb Code     0  _printf_llo.o(.ARM.Collect$$_printf_percent$$00000010)
    _printf_llx                              0x08003205   Thumb Code     0  _printf_llx.o(.ARM.Collect$$_printf_percent$$00000011)
    _printf_l                                0x0800320b   Thumb Code     0  _printf_l.o(.ARM.Collect$$_printf_percent$$00000012)
    _printf_c                                0x08003215   Thumb Code     0  _printf_c.o(.ARM.Collect$$_printf_percent$$00000013)
    _printf_s                                0x0800321b   Thumb Code     0  _printf_s.o(.ARM.Collect$$_printf_percent$$00000014)
    _printf_lc                               0x08003221   Thumb Code     0  _printf_lc.o(.ARM.Collect$$_printf_percent$$00000015)
    _printf_ls                               0x08003227   Thumb Code     0  _printf_ls.o(.ARM.Collect$$_printf_percent$$00000016)
    _printf_percent_end                      0x0800322d   Thumb Code     0  _printf_percent_end.o(.ARM.Collect$$_printf_percent$$00000017)
    __rt_lib_init                            0x08003231   Thumb Code     0  libinit.o(.ARM.Collect$$libinit$$00000000)
    __rt_lib_init_fp_1                       0x08003233   Thumb Code     0  libinit2.o(.ARM.Collect$$libinit$$00000002)
    __rt_lib_init_heap_1                     0x08003233   Thumb Code     0  libinit2.o(.ARM.Collect$$libinit$$00000008)
    __rt_lib_init_lc_common                  0x08003233   Thumb Code     0  libinit2.o(.ARM.Collect$$libinit$$0000000D)
    __rt_lib_init_rand_1                     0x08003233   Thumb Code     0  libinit2.o(.ARM.Collect$$libinit$$0000000C)
    __rt_lib_init_user_alloc_1               0x08003233   Thumb Code     0  libinit2.o(.ARM.Collect$$libinit$$0000000A)
    __rt_lib_init_lc_collate_1               0x08003239   Thumb Code     0  libinit2.o(.ARM.Collect$$libinit$$0000000F)
    __rt_lib_init_lc_ctype_2                 0x08003239   Thumb Code     0  libinit2.o(.ARM.Collect$$libinit$$00000010)
    __rt_lib_init_lc_ctype_1                 0x08003245   Thumb Code     0  libinit2.o(.ARM.Collect$$libinit$$00000011)
    __rt_lib_init_lc_monetary_1              0x08003245   Thumb Code     0  libinit2.o(.ARM.Collect$$libinit$$00000013)
    __rt_lib_init_lc_numeric_2               0x08003245   Thumb Code     0  libinit2.o(.ARM.Collect$$libinit$$00000014)
    __rt_lib_init_alloca_1                   0x0800324f   Thumb Code     0  libinit2.o(.ARM.Collect$$libinit$$0000002C)
    __rt_lib_init_argv_1                     0x0800324f   Thumb Code     0  libinit2.o(.ARM.Collect$$libinit$$0000002A)
    __rt_lib_init_atexit_1                   0x0800324f   Thumb Code     0  libinit2.o(.ARM.Collect$$libinit$$00000019)
    __rt_lib_init_clock_1                    0x0800324f   Thumb Code     0  libinit2.o(.ARM.Collect$$libinit$$0000001F)
    __rt_lib_init_cpp_1                      0x0800324f   Thumb Code     0  libinit2.o(.ARM.Collect$$libinit$$00000030)
    __rt_lib_init_exceptions_1               0x0800324f   Thumb Code     0  libinit2.o(.ARM.Collect$$libinit$$0000002E)
    __rt_lib_init_fp_trap_1                  0x0800324f   Thumb Code     0  libinit2.o(.ARM.Collect$$libinit$$0000001D)
    __rt_lib_init_getenv_1                   0x0800324f   Thumb Code     0  libinit2.o(.ARM.Collect$$libinit$$00000021)
    __rt_lib_init_lc_numeric_1               0x0800324f   Thumb Code     0  libinit2.o(.ARM.Collect$$libinit$$00000015)
    __rt_lib_init_lc_time_1                  0x0800324f   Thumb Code     0  libinit2.o(.ARM.Collect$$libinit$$00000017)
    __rt_lib_init_return                     0x0800324f   Thumb Code     0  libinit2.o(.ARM.Collect$$libinit$$00000031)
    __rt_lib_init_signal_1                   0x0800324f   Thumb Code     0  libinit2.o(.ARM.Collect$$libinit$$0000001B)
    __rt_lib_init_stdio_1                    0x0800324f   Thumb Code     0  libinit2.o(.ARM.Collect$$libinit$$00000023)
    __rt_lib_shutdown                        0x08003251   Thumb Code     0  libshutdown.o(.ARM.Collect$$libshutdown$$00000000)
    __rt_lib_shutdown_fp_trap_1              0x08003253   Thumb Code     0  libshutdown2.o(.ARM.Collect$$libshutdown$$00000006)
    __rt_lib_shutdown_heap_1                 0x08003253   Thumb Code     0  libshutdown2.o(.ARM.Collect$$libshutdown$$0000000E)
    __rt_lib_shutdown_return                 0x08003253   Thumb Code     0  libshutdown2.o(.ARM.Collect$$libshutdown$$0000000F)
    __rt_lib_shutdown_signal_1               0x08003253   Thumb Code     0  libshutdown2.o(.ARM.Collect$$libshutdown$$00000009)
    __rt_lib_shutdown_stdio_1                0x08003253   Thumb Code     0  libshutdown2.o(.ARM.Collect$$libshutdown$$00000003)
    __rt_lib_shutdown_user_alloc_1           0x08003253   Thumb Code     0  libshutdown2.o(.ARM.Collect$$libshutdown$$0000000B)
    __rt_entry                               0x08003255   Thumb Code     0  rtentry.o(.ARM.Collect$$rtentry$$00000000)
    __rt_entry_presh_1                       0x08003255   Thumb Code     0  rtentry2.o(.ARM.Collect$$rtentry$$00000002)
    __rt_entry_sh                            0x08003255   Thumb Code     0  rtentry4.o(.ARM.Collect$$rtentry$$00000004)
    __rt_entry_li                            0x0800325b   Thumb Code     0  rtentry2.o(.ARM.Collect$$rtentry$$0000000A)
    __rt_entry_postsh_1                      0x0800325b   Thumb Code     0  rtentry2.o(.ARM.Collect$$rtentry$$00000009)
    __rt_entry_main                          0x0800325f   Thumb Code     0  rtentry2.o(.ARM.Collect$$rtentry$$0000000D)
    __rt_entry_postli_1                      0x0800325f   Thumb Code     0  rtentry2.o(.ARM.Collect$$rtentry$$0000000C)
    __rt_exit                                0x08003267   Thumb Code     0  rtexit.o(.ARM.Collect$$rtexit$$00000000)
    __rt_exit_ls                             0x08003269   Thumb Code     0  rtexit2.o(.ARM.Collect$$rtexit$$00000003)
    __rt_exit_prels_1                        0x08003269   Thumb Code     0  rtexit2.o(.ARM.Collect$$rtexit$$00000002)
    __rt_exit_exit                           0x0800326d   Thumb Code     0  rtexit2.o(.ARM.Collect$$rtexit$$00000004)
    WFI_SET                                  0x08003275   Thumb Code     2  sys.o(.emb_text)
    INTX_DISABLE                             0x08003277   Thumb Code     2  sys.o(.emb_text)
    INTX_ENABLE                              0x08003279   Thumb Code     2  sys.o(.emb_text)
    MSR_MSP                                  0x0800327b   Thumb Code     6  sys.o(.emb_text)
    Reset_Handler                            0x08003281   Thumb Code     4  startup_stm32f10x_md.o(.text)
    NMI_Handler                              0x08003285   Thumb Code     2  startup_stm32f10x_md.o(.text)
    HardFault_Handler                        0x08003287   Thumb Code     2  startup_stm32f10x_md.o(.text)
    MemManage_Handler                        0x08003289   Thumb Code     2  startup_stm32f10x_md.o(.text)
    BusFault_Handler                         0x0800328b   Thumb Code     2  startup_stm32f10x_md.o(.text)
    UsageFault_Handler                       0x0800328d   Thumb Code     2  startup_stm32f10x_md.o(.text)
    SVC_Handler                              0x0800328f   Thumb Code     2  startup_stm32f10x_md.o(.text)
    DebugMon_Handler                         0x08003291   Thumb Code     2  startup_stm32f10x_md.o(.text)
    PendSV_Handler                           0x08003293   Thumb Code     2  startup_stm32f10x_md.o(.text)
    SysTick_Handler                          0x08003295   Thumb Code     2  startup_stm32f10x_md.o(.text)
    ADC1_2_IRQHandler                        0x08003297   Thumb Code     0  startup_stm32f10x_md.o(.text)
    CAN1_RX1_IRQHandler                      0x08003297   Thumb Code     0  startup_stm32f10x_md.o(.text)
    CAN1_SCE_IRQHandler                      0x08003297   Thumb Code     0  startup_stm32f10x_md.o(.text)
    DMA1_Channel1_IRQHandler                 0x08003297   Thumb Code     0  startup_stm32f10x_md.o(.text)
    DMA1_Channel2_IRQHandler                 0x08003297   Thumb Code     0  startup_stm32f10x_md.o(.text)
    DMA1_Channel3_IRQHandler                 0x08003297   Thumb Code     0  startup_stm32f10x_md.o(.text)
    DMA1_Channel4_IRQHandler                 0x08003297   Thumb Code     0  startup_stm32f10x_md.o(.text)
    DMA1_Channel5_IRQHandler                 0x08003297   Thumb Code     0  startup_stm32f10x_md.o(.text)
    DMA1_Channel6_IRQHandler                 0x08003297   Thumb Code     0  startup_stm32f10x_md.o(.text)
    DMA1_Channel7_IRQHandler                 0x08003297   Thumb Code     0  startup_stm32f10x_md.o(.text)
    EXTI0_IRQHandler                         0x08003297   Thumb Code     0  startup_stm32f10x_md.o(.text)
    EXTI15_10_IRQHandler                     0x08003297   Thumb Code     0  startup_stm32f10x_md.o(.text)
    EXTI1_IRQHandler                         0x08003297   Thumb Code     0  startup_stm32f10x_md.o(.text)
    EXTI2_IRQHandler                         0x08003297   Thumb Code     0  startup_stm32f10x_md.o(.text)
    EXTI3_IRQHandler                         0x08003297   Thumb Code     0  startup_stm32f10x_md.o(.text)
    EXTI4_IRQHandler                         0x08003297   Thumb Code     0  startup_stm32f10x_md.o(.text)
    EXTI9_5_IRQHandler                       0x08003297   Thumb Code     0  startup_stm32f10x_md.o(.text)
    FLASH_IRQHandler                         0x08003297   Thumb Code     0  startup_stm32f10x_md.o(.text)
    I2C1_ER_IRQHandler                       0x08003297   Thumb Code     0  startup_stm32f10x_md.o(.text)
    I2C1_EV_IRQHandler                       0x08003297   Thumb Code     0  startup_stm32f10x_md.o(.text)
    I2C2_ER_IRQHandler                       0x08003297   Thumb Code     0  startup_stm32f10x_md.o(.text)
    I2C2_EV_IRQHandler                       0x08003297   Thumb Code     0  startup_stm32f10x_md.o(.text)
    PVD_IRQHandler                           0x08003297   Thumb Code     0  startup_stm32f10x_md.o(.text)
    RCC_IRQHandler                           0x08003297   Thumb Code     0  startup_stm32f10x_md.o(.text)
    RTCAlarm_IRQHandler                      0x08003297   Thumb Code     0  startup_stm32f10x_md.o(.text)
    RTC_IRQHandler                           0x08003297   Thumb Code     0  startup_stm32f10x_md.o(.text)
    SPI1_IRQHandler                          0x08003297   Thumb Code     0  startup_stm32f10x_md.o(.text)
    SPI2_IRQHandler                          0x08003297   Thumb Code     0  startup_stm32f10x_md.o(.text)
    TAMPER_IRQHandler                        0x08003297   Thumb Code     0  startup_stm32f10x_md.o(.text)
    TIM1_BRK_IRQHandler                      0x08003297   Thumb Code     0  startup_stm32f10x_md.o(.text)
    TIM1_CC_IRQHandler                       0x08003297   Thumb Code     0  startup_stm32f10x_md.o(.text)
    TIM1_TRG_COM_IRQHandler                  0x08003297   Thumb Code     0  startup_stm32f10x_md.o(.text)
    TIM2_IRQHandler                          0x08003297   Thumb Code     0  startup_stm32f10x_md.o(.text)
    TIM3_IRQHandler                          0x08003297   Thumb Code     0  startup_stm32f10x_md.o(.text)
    TIM4_IRQHandler                          0x08003297   Thumb Code     0  startup_stm32f10x_md.o(.text)
    USART3_IRQHandler                        0x08003297   Thumb Code     0  startup_stm32f10x_md.o(.text)
    USBWakeUp_IRQHandler                     0x08003297   Thumb Code     0  startup_stm32f10x_md.o(.text)
    USB_HP_CAN1_TX_IRQHandler                0x08003297   Thumb Code     0  startup_stm32f10x_md.o(.text)
    USB_LP_CAN1_RX0_IRQHandler               0x08003297   Thumb Code     0  startup_stm32f10x_md.o(.text)
    WWDG_IRQHandler                          0x08003297   Thumb Code     0  startup_stm32f10x_md.o(.text)
    __user_initial_stackheap                 0x08003299   Thumb Code     0  startup_stm32f10x_md.o(.text)
    main                                     0x080032b9   Thumb Code   102  minibalance.o(.text)
    delay_init                               0x08003325   Thumb Code    56  delay.o(.text)
    delay_us                                 0x0800335d   Thumb Code    54  delay.o(.text)
    delay_ms                                 0x08003393   Thumb Code    54  delay.o(.text)
    MY_NVIC_SetVectorTable                   0x080033d1   Thumb Code    12  sys.o(.text)
    MY_NVIC_PriorityGroupConfig              0x080033dd   Thumb Code    36  sys.o(.text)
    MY_NVIC_Init                             0x08003401   Thumb Code   120  sys.o(.text)
    Ex_NVIC_Config                           0x08003479   Thumb Code   146  sys.o(.text)
    MYRCC_DeInit                             0x0800350b   Thumb Code    92  sys.o(.text)
    Sys_Standby                              0x08003567   Thumb Code    68  sys.o(.text)
    Sys_Soft_Reset                           0x080035ab   Thumb Code    12  sys.o(.text)
    JTAG_Set                                 0x080035b7   Thumb Code    42  sys.o(.text)
    Stm32_Clock_Init                         0x080035e1   Thumb Code   130  sys.o(.text)
    _sys_exit                                0x08003691   Thumb Code     6  usart.o(.text)
    fputc                                    0x08003697   Thumb Code    22  usart.o(.text)
    usart1_send                              0x080036ad   Thumb Code    20  usart.o(.text)
    uart_init                                0x080036c1   Thumb Code   230  usart.o(.text)
    openPacket                               0x080037a7   Thumb Code   104  usart.o(.text)
    insertDataPacket                         0x0800380f   Thumb Code    32  usart.o(.text)
    USART1_IRQHandler                        0x0800382f   Thumb Code   126  usart.o(.text)
    LED_Init                                 0x0800390d   Thumb Code    52  led.o(.text)
    Led_Flash                                0x08003941   Thumb Code    38  led.o(.text)
    KEY_Init                                 0x0800397d   Thumb Code    52  key.o(.text)
    click_N_Double                           0x080039b1   Thumb Code   132  key.o(.text)
    click                                    0x08003a35   Thumb Code    38  key.o(.text)
    Timer1_Init                              0x08003a7d   Thumb Code    82  timer.o(.text)
    TIM2_Cap_Init                            0x08003acf   Thumb Code   138  timer.o(.text)
    MiniBalance_Motor_Init                   0x08003b65   Thumb Code    36  motor.o(.text)
    MiniBalance_PWM_Init                     0x08003b89   Thumb Code   154  motor.o(.text)
    IIC_Init                                 0x08003c35   Thumb Code    36  ioi2c.o(.text)
    IIC_Start                                0x08003c59   Thumb Code    88  ioi2c.o(.text)
    IIC_Stop                                 0x08003cb1   Thumb Code    62  ioi2c.o(.text)
    IIC_Wait_Ack                             0x08003cef   Thumb Code    90  ioi2c.o(.text)
    IIC_Ack                                  0x08003d49   Thumb Code    68  ioi2c.o(.text)
    IIC_NAck                                 0x08003d8d   Thumb Code    64  ioi2c.o(.text)
    IIC_Send_Byte                            0x08003dcd   Thumb Code    94  ioi2c.o(.text)
    i2cWrite                                 0x08003e2b   Thumb Code    96  ioi2c.o(.text)
    IIC_Read_Byte                            0x08003e8b   Thumb Code    98  ioi2c.o(.text)
    i2cRead                                  0x08003eed   Thumb Code   118  ioi2c.o(.text)
    I2C_ReadOneByte                          0x08003f63   Thumb Code    70  ioi2c.o(.text)
    IICreadBytes                             0x08003fa9   Thumb Code   100  ioi2c.o(.text)
    IICwriteBytes                            0x0800400d   Thumb Code    96  ioi2c.o(.text)
    IICreadByte                              0x0800406d   Thumb Code    22  ioi2c.o(.text)
    IICwriteByte                             0x08004083   Thumb Code    20  ioi2c.o(.text)
    IICwriteBits                             0x08004097   Thumb Code   106  ioi2c.o(.text)
    IICwriteBit                              0x08004101   Thumb Code    64  ioi2c.o(.text)
    uart2_init                               0x08004141   Thumb Code   228  usart2.o(.text)
    USART2_IRQHandler                        0x08004225   Thumb Code   594  usart2.o(.text)
    myabs                                    0x080044b1   Thumb Code    14  control.o(.text)
    Set_Pwm                                  0x080044bf   Thumb Code   106  control.o(.text)
    Xianfu_Pwm                               0x08004529   Thumb Code    62  control.o(.text)
    waveOut                                  0x08004567   Thumb Code   196  control.o(.text)
    Key                                      0x0800462b   Thumb Code    40  control.o(.text)
    Get_Angle                                0x08004653   Thumb Code   388  control.o(.text)
    TIM1_UP_IRQHandler                       0x080047d7   Thumb Code   174  control.o(.text)
    balance                                  0x08004885   Thumb Code   168  control.o(.text)
    Turn_Off                                 0x0800492d   Thumb Code    66  control.o(.text)
    velocity                                 0x0800496f   Thumb Code   318  control.o(.text)
    turn                                     0x08004aad   Thumb Code   348  control.o(.text)
    mpu_reg_dump                             0x08004d27   Thumb Code    72  inv_mpu.o(.text)
    mpu_read_reg                             0x08004d6f   Thumb Code    66  inv_mpu.o(.text)
    mpu_set_int_latched                      0x08004db1   Thumb Code   102  inv_mpu.o(.text)
    mpu_set_sensors                          0x08004e17   Thumb Code   202  inv_mpu.o(.text)
    mpu_set_bypass                           0x08004ee1   Thumb Code   328  inv_mpu.o(.text)
    mpu_reset_fifo                           0x08005029   Thumb Code   444  inv_mpu.o(.text)
    mpu_configure_fifo                       0x080051e5   Thumb Code   106  inv_mpu.o(.text)
    mpu_set_lpf                              0x0800524f   Thumb Code   126  inv_mpu.o(.text)
    mpu_lp_accel_mode                        0x080052cd   Thumb Code   218  inv_mpu.o(.text)
    mpu_set_sample_rate                      0x080053a7   Thumb Code   152  inv_mpu.o(.text)
    mpu_set_accel_fsr                        0x0800543f   Thumb Code   132  inv_mpu.o(.text)
    mpu_set_gyro_fsr                         0x080054c3   Thumb Code   132  inv_mpu.o(.text)
    mpu_init                                 0x08005547   Thumb Code   416  inv_mpu.o(.text)
    myget_ms                                 0x080056e7   Thumb Code     2  inv_mpu.o(.text)
    mpu_get_gyro_reg                         0x080056e9   Thumb Code   110  inv_mpu.o(.text)
    mpu_get_accel_reg                        0x08005757   Thumb Code   110  inv_mpu.o(.text)
    mpu_get_temperature                      0x080057c5   Thumb Code   150  inv_mpu.o(.text)
    mpu_set_accel_bias                       0x0800585b   Thumb Code   468  inv_mpu.o(.text)
    mpu_get_gyro_fsr                         0x08005a2f   Thumb Code    64  inv_mpu.o(.text)
    mpu_get_accel_fsr                        0x08005a6f   Thumb Code    72  inv_mpu.o(.text)
    mpu_get_lpf                              0x08005ab7   Thumb Code    74  inv_mpu.o(.text)
    mpu_get_sample_rate                      0x08005b01   Thumb Code    26  inv_mpu.o(.text)
    mpu_get_compass_sample_rate              0x08005b1b   Thumb Code    10  inv_mpu.o(.text)
    mpu_set_compass_sample_rate              0x08005b25   Thumb Code     8  inv_mpu.o(.text)
    mpu_get_gyro_sens                        0x08005b2d   Thumb Code    58  inv_mpu.o(.text)
    mpu_get_accel_sens                       0x08005b67   Thumb Code    78  inv_mpu.o(.text)
    mpu_get_fifo_config                      0x08005bb5   Thumb Code    12  inv_mpu.o(.text)
    mpu_get_power_state                      0x08005bc1   Thumb Code    22  inv_mpu.o(.text)
    mpu_get_int_status                       0x08005bd7   Thumb Code    64  inv_mpu.o(.text)
    mpu_read_fifo                            0x08005c17   Thumb Code   520  inv_mpu.o(.text)
    mpu_read_fifo_stream                     0x08005e1f   Thumb Code   186  inv_mpu.o(.text)
    mpu_set_int_level                        0x08005ed9   Thumb Code    12  inv_mpu.o(.text)
    mpu_set_dmp_state                        0x080065b1   Thumb Code   138  inv_mpu.o(.text)
    mpu_run_self_test                        0x0800663b   Thumb Code   278  inv_mpu.o(.text)
    mpu_write_mem                            0x08006751   Thumb Code   122  inv_mpu.o(.text)
    mpu_read_mem                             0x080067cb   Thumb Code   122  inv_mpu.o(.text)
    mpu_load_firmware                        0x08006845   Thumb Code   190  inv_mpu.o(.text)
    mpu_get_dmp_state                        0x08006903   Thumb Code    14  inv_mpu.o(.text)
    mpu_get_compass_reg                      0x08006911   Thumb Code     8  inv_mpu.o(.text)
    mpu_get_compass_fsr                      0x08006919   Thumb Code     8  inv_mpu.o(.text)
    mpu_lp_motion_interrupt                  0x08006921   Thumb Code   512  inv_mpu.o(.text)
    dmp_load_motion_driver_firmware          0x08006b25   Thumb Code    20  inv_mpu_dmp_motion_driver.o(.text)
    dmp_set_orientation                      0x08006b39   Thumb Code   290  inv_mpu_dmp_motion_driver.o(.text)
    dmp_set_gyro_bias                        0x08006c5b   Thumb Code   294  inv_mpu_dmp_motion_driver.o(.text)
    dmp_set_accel_bias                       0x08006d81   Thumb Code   300  inv_mpu_dmp_motion_driver.o(.text)
    dmp_set_fifo_rate                        0x08006ead   Thumb Code   136  inv_mpu_dmp_motion_driver.o(.text)
    dmp_get_fifo_rate                        0x08006f35   Thumb Code    12  inv_mpu_dmp_motion_driver.o(.text)
    dmp_set_tap_thresh                       0x08006f41   Thumb Code   396  inv_mpu_dmp_motion_driver.o(.text)
    dmp_set_tap_axes                         0x080070cd   Thumb Code    70  inv_mpu_dmp_motion_driver.o(.text)
    dmp_set_tap_count                        0x08007113   Thumb Code    38  inv_mpu_dmp_motion_driver.o(.text)
    dmp_set_tap_time                         0x08007139   Thumb Code    38  inv_mpu_dmp_motion_driver.o(.text)
    dmp_set_tap_time_multi                   0x0800715f   Thumb Code    38  inv_mpu_dmp_motion_driver.o(.text)
    dmp_set_shake_reject_thresh              0x08007185   Thumb Code    56  inv_mpu_dmp_motion_driver.o(.text)
    dmp_set_shake_reject_time                0x080071bd   Thumb Code    38  inv_mpu_dmp_motion_driver.o(.text)
    dmp_set_shake_reject_timeout             0x080071e3   Thumb Code    38  inv_mpu_dmp_motion_driver.o(.text)
    dmp_get_pedometer_step_count             0x08007209   Thumb Code    66  inv_mpu_dmp_motion_driver.o(.text)
    dmp_set_pedometer_step_count             0x0800724b   Thumb Code    42  inv_mpu_dmp_motion_driver.o(.text)
    dmp_get_pedometer_walk_time              0x08007275   Thumb Code    72  inv_mpu_dmp_motion_driver.o(.text)
    dmp_set_pedometer_walk_time              0x080072bd   Thumb Code    48  inv_mpu_dmp_motion_driver.o(.text)
    dmp_enable_6x_lp_quat                    0x080072ed   Thumb Code    84  inv_mpu_dmp_motion_driver.o(.text)
    dmp_enable_lp_quat                       0x08007341   Thumb Code    60  inv_mpu_dmp_motion_driver.o(.text)
    dmp_enable_gyro_cal                      0x0800737d   Thumb Code    62  inv_mpu_dmp_motion_driver.o(.text)
    dmp_enable_feature                       0x080073bb   Thumb Code   530  inv_mpu_dmp_motion_driver.o(.text)
    dmp_get_enabled_features                 0x080075cd   Thumb Code    12  inv_mpu_dmp_motion_driver.o(.text)
    dmp_set_interrupt_mode                   0x08007637   Thumb Code    66  inv_mpu_dmp_motion_driver.o(.text)
    dmp_read_fifo                            0x08007679   Thumb Code   512  inv_mpu_dmp_motion_driver.o(.text)
    dmp_register_tap_cb                      0x08007879   Thumb Code    10  inv_mpu_dmp_motion_driver.o(.text)
    dmp_register_android_orient_cb           0x08007883   Thumb Code    10  inv_mpu_dmp_motion_driver.o(.text)
    Kalman_Filter                            0x08007891   Thumb Code   558  filter.o(.text)
    Yijielvbo                                0x08007abf   Thumb Code   132  filter.o(.text)
    kalman_filter                            0x08007b43   Thumb Code    96  filter.o(.text)
    MPU6050_newValues                        0x08007d05   Thumb Code   494  mpu6050.o(.text)
    MPU6050_setClockSource                   0x08007ef3   Thumb Code    20  mpu6050.o(.text)
    MPU6050_setFullScaleGyroRange            0x08007f07   Thumb Code    20  mpu6050.o(.text)
    MPU6050_setFullScaleAccelRange           0x08007f1b   Thumb Code    20  mpu6050.o(.text)
    MPU6050_setSleepEnabled                  0x08007f2f   Thumb Code    18  mpu6050.o(.text)
    MPU6050_getDeviceID                      0x08007f41   Thumb Code    20  mpu6050.o(.text)
    MPU6050_testConnection                   0x08007f55   Thumb Code    18  mpu6050.o(.text)
    MPU6050_setI2CMasterModeEnabled          0x08007f67   Thumb Code    18  mpu6050.o(.text)
    MPU6050_setI2CBypassEnabled              0x08007f79   Thumb Code    18  mpu6050.o(.text)
    MPU6050_initialize                       0x08007f8b   Thumb Code    40  mpu6050.o(.text)
    DMP_Init                                 0x08007fb3   Thumb Code   198  mpu6050.o(.text)
    Read_DMP                                 0x08008079   Thumb Code   800  mpu6050.o(.text)
    Read_Temperature                         0x08008399   Thumb Code   110  mpu6050.o(.text)
    __use_no_semihosting                     0x08008435   Thumb Code     2  use_no_semi_2.o(.text)
    __aeabi_ldivmod                          0x08008437   Thumb Code     0  llsdiv.o(.text)
    _ll_sdiv                                 0x08008437   Thumb Code    72  llsdiv.o(.text)
    __c89printf                              0x08008481   Thumb Code    20  c89printf.o(.text)
    __2printf                                0x08008499   Thumb Code    20  __2printf.o(.text)
    _printf_int_dec                          0x080084b1   Thumb Code   102  _printf_dec.o(.text)
    __printf                                 0x08008529   Thumb Code   390  __printf_flags_ss_wp.o(.text)
    __0sscanf                                0x080086b5   Thumb Code    52  __0sscanf.o(.text)
    memcmp                                   0x080086f1   Thumb Code    88  memcmp.o(.text)
    __aeabi_memset                           0x08008749   Thumb Code    16  aeabi_memset.o(.text)
    __use_two_region_memory                  0x08008759   Thumb Code     2  heapauxi.o(.text)
    __rt_heap_escrow$2region                 0x0800875b   Thumb Code     2  heapauxi.o(.text)
    __rt_heap_expand$2region                 0x0800875d   Thumb Code     2  heapauxi.o(.text)
    __I$use$semihosting                      0x0800875f   Thumb Code     0  use_no_semi.o(.text)
    __use_no_semihosting_swi                 0x0800875f   Thumb Code     2  use_no_semi.o(.text)
    __aeabi_uldivmod                         0x08008761   Thumb Code     0  lludivv7m.o(.text)
    _ll_udiv                                 0x08008761   Thumb Code   238  lludivv7m.o(.text)
    __read_errno                             0x0800884f   Thumb Code    10  _rserrno.o(.text)
    __set_errno                              0x08008859   Thumb Code    12  _rserrno.o(.text)
    _printf_pre_padding                      0x08008865   Thumb Code    46  _printf_pad.o(.text)
    _printf_post_padding                     0x08008893   Thumb Code    36  _printf_pad.o(.text)
    _printf_truncate_signed                  0x080088b7   Thumb Code    18  _printf_truncate.o(.text)
    _printf_truncate_unsigned                0x080088c9   Thumb Code    18  _printf_truncate.o(.text)
    _printf_str                              0x080088db   Thumb Code    82  _printf_str.o(.text)
    _printf_int_common                       0x0800892d   Thumb Code   184  _printf_intcommon.o(.text)
    _printf_charcount                        0x080089e5   Thumb Code    42  _printf_charcount.o(.text)
    __lib_sel_fp_printf                      0x08008a0f   Thumb Code     2  _printf_fp_dec.o(.text)
    _printf_fp_dec_real                      0x08008bbb   Thumb Code   628  _printf_fp_dec.o(.text)
    _printf_char_file                        0x08008e31   Thumb Code    32  _printf_char_file.o(.text)
    _printf_wctomb                           0x08008e55   Thumb Code   182  _printf_wctomb.o(.text)
    _printf_longlong_dec                     0x08008f11   Thumb Code   104  _printf_longlong_dec.o(.text)
    _printf_longlong_oct                     0x08008f89   Thumb Code    76  _printf_oct_int_ll.o(.text)
    _printf_int_oct                          0x08008fd5   Thumb Code    24  _printf_oct_int_ll.o(.text)
    _printf_ll_oct                           0x08008fed   Thumb Code    12  _printf_oct_int_ll.o(.text)
    _printf_longlong_hex                     0x08009001   Thumb Code    92  _printf_hex_int_ll_ptr.o(.text)
    _printf_int_hex                          0x0800905d   Thumb Code    28  _printf_hex_int_ll_ptr.o(.text)
    _printf_ll_hex                           0x08009079   Thumb Code    12  _printf_hex_int_ll_ptr.o(.text)
    _printf_hex_ptr                          0x08009085   Thumb Code    18  _printf_hex_int_ll_ptr.o(.text)
    _scanf_really_real                       0x08009295   Thumb Code   672  scanf_fp.o(.text)
    __vfscanf_char                           0x0800954d   Thumb Code    24  scanf_char.o(.text)
    _sgetc                                   0x0800956d   Thumb Code    30  _sgetc.o(.text)
    _sbackspace                              0x0800958b   Thumb Code    34  _sgetc.o(.text)
    __aeabi_memclr                           0x080095ad   Thumb Code     0  rt_memclr.o(.text)
    __rt_memclr                              0x080095ad   Thumb Code    68  rt_memclr.o(.text)
    _memset                                  0x080095b1   Thumb Code     0  rt_memclr.o(.text)
    __rt_locale                              0x080095f1   Thumb Code     8  rt_locale_intlibspace.o(.text)
    __aeabi_errno_addr                       0x080095f9   Thumb Code     8  rt_errno_addr_intlibspace.o(.text)
    __errno$intlibspace                      0x080095f9   Thumb Code     0  rt_errno_addr_intlibspace.o(.text)
    __rt_errno_addr$intlibspace              0x080095f9   Thumb Code     0  rt_errno_addr_intlibspace.o(.text)
    _ll_udiv10                               0x08009601   Thumb Code   138  lludiv10.o(.text)
    isspace                                  0x0800968b   Thumb Code    18  isspace.o(.text)
    _printf_char_common                      0x080096a7   Thumb Code    32  _printf_char_common.o(.text)
    _printf_fp_infnan                        0x080096cd   Thumb Code   112  _printf_fp_infnan.o(.text)
    _printf_cs_common                        0x0800974d   Thumb Code    20  _printf_char.o(.text)
    _printf_char                             0x08009761   Thumb Code    16  _printf_char.o(.text)
    _printf_string                           0x08009771   Thumb Code     8  _printf_char.o(.text)
    _printf_lcs_common                       0x08009779   Thumb Code    20  _printf_wchar.o(.text)
    _printf_wchar                            0x0800978d   Thumb Code    16  _printf_wchar.o(.text)
    _printf_wstring                          0x0800979d   Thumb Code     8  _printf_wchar.o(.text)
    __vfscanf                                0x080097a5   Thumb Code   876  _scanf.o(.text)
    _btod_etento                             0x08009b15   Thumb Code   222  bigflt0.o(.text)
    ferror                                   0x08009bf9   Thumb Code     8  ferror.o(.text)
    _wcrtomb                                 0x08009c01   Thumb Code    64  _wcrtomb.o(.text)
    __aeabi_memclr4                          0x08009c41   Thumb Code     0  rt_memclr_w.o(.text)
    __aeabi_memclr8                          0x08009c41   Thumb Code     0  rt_memclr_w.o(.text)
    __rt_memclr_w                            0x08009c41   Thumb Code    78  rt_memclr_w.o(.text)
    _memset_w                                0x08009c45   Thumb Code     0  rt_memclr_w.o(.text)
    __user_libspace                          0x08009c91   Thumb Code     8  libspace.o(.text)
    __user_perproc_libspace                  0x08009c91   Thumb Code     0  libspace.o(.text)
    __user_perthread_libspace                0x08009c91   Thumb Code     0  libspace.o(.text)
    __user_setup_stackheap                   0x08009c99   Thumb Code    74  sys_stackheap_outer.o(.text)
    __rt_ctype_table                         0x08009ce5   Thumb Code    16  rt_ctype_table.o(.text)
    _scanf_really_hex_real                   0x08009cf5   Thumb Code   776  scanf_hexfp.o(.text)
    _scanf_really_infnan                     0x0800a009   Thumb Code   298  scanf_infnan.o(.text)
    exit                                     0x0800a145   Thumb Code    12  exit.o(.text)
    strcmp                                   0x0800a151   Thumb Code   128  strcmpv7m.o(.text)
    __aeabi_llsl                             0x0800a1d1   Thumb Code     0  llshl.o(.text)
    _ll_shift_l                              0x0800a1d1   Thumb Code    38  llshl.o(.text)
    _chval                                   0x0800a1f7   Thumb Code    28  _chval.o(.text)
    _btod_d2e                                0x0800a213   Thumb Code    62  btod.o(CL$$btod_d2e)
    _d2e_denorm_low                          0x0800a251   Thumb Code    70  btod.o(CL$$btod_d2e_denorm_low)
    _d2e_norm_op1                            0x0800a297   Thumb Code    96  btod.o(CL$$btod_d2e_norm_op1)
    __btod_div_common                        0x0800a2f7   Thumb Code   696  btod.o(CL$$btod_div_common)
    _e2d                                     0x0800a631   Thumb Code    80  btod.o(CL$$btod_e2d)
    _e2e                                     0x0800a685   Thumb Code   198  btod.o(CL$$btod_e2e)
    _btod_ediv                               0x0800a74b   Thumb Code    40  btod.o(CL$$btod_ediv)
    _btod_edivd                              0x0800a773   Thumb Code    40  btod.o(CL$$btod_edivd)
    _btod_emul                               0x0800a79b   Thumb Code    40  btod.o(CL$$btod_emul)
    _btod_emuld                              0x0800a7c3   Thumb Code    40  btod.o(CL$$btod_emuld)
    __btod_mult_common                       0x0800a7eb   Thumb Code   580  btod.o(CL$$btod_mult_common)
    __ARM_fpclassify                         0x0800aa2f   Thumb Code    40  fpclassify.o(i.__ARM_fpclassify)
    __ieee754_rem_pio2                       0x0800aa59   Thumb Code   832  rred.o(i.__ieee754_rem_pio2)
    __kernel_cos                             0x0800ade1   Thumb Code   230  cos_i.o(i.__kernel_cos)
    __kernel_poly                            0x0800aedd   Thumb Code   170  poly.o(i.__kernel_poly)
    __kernel_sin                             0x0800af89   Thumb Code   224  sin_i.o(i.__kernel_sin)
    __mathlib_dbl_underflow                  0x0800b075   Thumb Code    10  dunder.o(i.__mathlib_dbl_underflow)
    __mathlib_narrow                         0x0800b085   Thumb Code    16  narrow.o(i.__mathlib_narrow)
    __mathlib_tofloat                        0x0800b095   Thumb Code   132  narrow.o(i.__mathlib_tofloat)
    __support_ldexp                          0x0800b11d   Thumb Code    22  ldexp.o(i.__support_ldexp)
    _is_digit                                0x0800b133   Thumb Code    14  __printf_wp.o(i._is_digit)
    asin                                     0x0800b141   Thumb Code   584  asin.o(i.asin)
    atan                                     0x0800b3bd   Thumb Code   478  atan.o(i.atan)
    atan2                                    0x0800b5e1   Thumb Code   346  atan2.o(i.atan2)
    frexp                                    0x0800b761   Thumb Code    80  frexp.o(i.frexp)
    ldexp                                    0x0800b7b9   Thumb Code   126  ldexp.o(i.ldexp)
    sin                                      0x0800b839   Thumb Code   166  sin.o(i.sin)
    sqrt                                     0x0800b8e9   Thumb Code    76  sqrt.o(i.sqrt)
    _get_lc_numeric                          0x0800b935   Thumb Code    44  lc_numeric_c.o(locale$$code)
    _get_lc_ctype                            0x0800b961   Thumb Code    44  lc_ctype_c.o(locale$$code)
    __aeabi_d2f                              0x0800b98d   Thumb Code     0  d2f.o(x$fpl$d2f)
    _d2f                                     0x0800b98d   Thumb Code    98  d2f.o(x$fpl$d2f)
    __aeabi_dadd                             0x0800b9f1   Thumb Code     0  daddsub_clz.o(x$fpl$dadd)
    _dadd                                    0x0800b9f1   Thumb Code   332  daddsub_clz.o(x$fpl$dadd)
    __fpl_dcheck_NaN1                        0x0800bb41   Thumb Code    10  dcheck1.o(x$fpl$dcheck1)
    __fpl_dcmp_Inf                           0x0800bb51   Thumb Code    24  dcmpi.o(x$fpl$dcmpinf)
    __aeabi_ddiv                             0x0800bb69   Thumb Code     0  ddiv.o(x$fpl$ddiv)
    _ddiv                                    0x0800bb69   Thumb Code   552  ddiv.o(x$fpl$ddiv)
    __aeabi_cdcmpeq                          0x0800be19   Thumb Code     0  deqf.o(x$fpl$deqf)
    _dcmpeq                                  0x0800be19   Thumb Code   120  deqf.o(x$fpl$deqf)
    __aeabi_d2iz                             0x0800be91   Thumb Code     0  dfix.o(x$fpl$dfix)
    _dfix                                    0x0800be91   Thumb Code    94  dfix.o(x$fpl$dfix)
    __aeabi_i2d                              0x0800beef   Thumb Code     0  dflt_clz.o(x$fpl$dflt)
    _dflt                                    0x0800beef   Thumb Code    46  dflt_clz.o(x$fpl$dflt)
    __aeabi_ui2d                             0x0800bf1d   Thumb Code     0  dflt_clz.o(x$fpl$dfltu)
    _dfltu                                   0x0800bf1d   Thumb Code    38  dflt_clz.o(x$fpl$dfltu)
    __aeabi_cdcmple                          0x0800bf45   Thumb Code     0  dleqf.o(x$fpl$dleqf)
    _dcmple                                  0x0800bf45   Thumb Code   120  dleqf.o(x$fpl$dleqf)
    __fpl_dcmple_InfNaN                      0x0800bfa7   Thumb Code     0  dleqf.o(x$fpl$dleqf)
    __aeabi_dmul                             0x0800bfbd   Thumb Code     0  dmul.o(x$fpl$dmul)
    _dmul                                    0x0800bfbd   Thumb Code   332  dmul.o(x$fpl$dmul)
    __fpl_dnaninf                            0x0800c111   Thumb Code   156  dnaninf.o(x$fpl$dnaninf)
    __fpl_dretinf                            0x0800c1ad   Thumb Code    12  dretinf.o(x$fpl$dretinf)
    __aeabi_cdrcmple                         0x0800c1b9   Thumb Code     0  drleqf.o(x$fpl$drleqf)
    _drcmple                                 0x0800c1b9   Thumb Code   108  drleqf.o(x$fpl$drleqf)
    __aeabi_drsub                            0x0800c225   Thumb Code     0  daddsub_clz.o(x$fpl$drsb)
    _drsb                                    0x0800c225   Thumb Code    22  daddsub_clz.o(x$fpl$drsb)
    _dsqrt                                   0x0800c23d   Thumb Code   456  dsqrt_noumaal.o(x$fpl$dsqrt)
    __aeabi_dsub                             0x0800c409   Thumb Code     0  daddsub_clz.o(x$fpl$dsub)
    _dsub                                    0x0800c409   Thumb Code   464  daddsub_clz.o(x$fpl$dsub)
    __aeabi_f2d                              0x0800c5dd   Thumb Code     0  f2d.o(x$fpl$f2d)
    _f2d                                     0x0800c5dd   Thumb Code    86  f2d.o(x$fpl$f2d)
    __aeabi_fadd                             0x0800c635   Thumb Code     0  faddsub_clz.o(x$fpl$fadd)
    _fadd                                    0x0800c635   Thumb Code   196  faddsub_clz.o(x$fpl$fadd)
    __fpl_fcmp_Inf                           0x0800c6f9   Thumb Code    24  fcmpi.o(x$fpl$fcmpinf)
    __aeabi_fdiv                             0x0800c711   Thumb Code     0  fdiv.o(x$fpl$fdiv)
    _fdiv                                    0x0800c711   Thumb Code   384  fdiv.o(x$fpl$fdiv)
    __aeabi_cfcmpeq                          0x0800c895   Thumb Code     0  feqf.o(x$fpl$feqf)
    _fcmpeq                                  0x0800c895   Thumb Code   104  feqf.o(x$fpl$feqf)
    __aeabi_f2iz                             0x0800c8fd   Thumb Code     0  ffix.o(x$fpl$ffix)
    _ffix                                    0x0800c8fd   Thumb Code    54  ffix.o(x$fpl$ffix)
    __aeabi_f2uiz                            0x0800c935   Thumb Code     0  ffixu.o(x$fpl$ffixu)
    _ffixu                                   0x0800c935   Thumb Code    62  ffixu.o(x$fpl$ffixu)
    __aeabi_i2f                              0x0800c975   Thumb Code     0  fflt_clz.o(x$fpl$fflt)
    _fflt                                    0x0800c975   Thumb Code    48  fflt_clz.o(x$fpl$fflt)
    __aeabi_ui2f                             0x0800c9a5   Thumb Code     0  fflt_clz.o(x$fpl$ffltu)
    _ffltu                                   0x0800c9a5   Thumb Code    38  fflt_clz.o(x$fpl$ffltu)
    __aeabi_cfcmple                          0x0800c9cd   Thumb Code     0  fleqf.o(x$fpl$fleqf)
    _fcmple                                  0x0800c9cd   Thumb Code   104  fleqf.o(x$fpl$fleqf)
    __fpl_fcmple_InfNaN                      0x0800ca1f   Thumb Code     0  fleqf.o(x$fpl$fleqf)
    __aeabi_fmul                             0x0800ca35   Thumb Code     0  fmul.o(x$fpl$fmul)
    _fmul                                    0x0800ca35   Thumb Code   258  fmul.o(x$fpl$fmul)
    __fpl_fnaninf                            0x0800cb37   Thumb Code   140  fnaninf.o(x$fpl$fnaninf)
    __fpl_fretinf                            0x0800cbc3   Thumb Code    10  fretinf.o(x$fpl$fretinf)
    __aeabi_cfrcmple                         0x0800cbcd   Thumb Code     0  frleqf.o(x$fpl$frleqf)
    _frcmple                                 0x0800cbcd   Thumb Code    98  frleqf.o(x$fpl$frleqf)
    __aeabi_frsub                            0x0800cc2f   Thumb Code     0  faddsub_clz.o(x$fpl$frsb)
    _frsb                                    0x0800cc2f   Thumb Code    20  faddsub_clz.o(x$fpl$frsb)
    __aeabi_fsub                             0x0800cc45   Thumb Code     0  faddsub_clz.o(x$fpl$fsub)
    _fsub                                    0x0800cc45   Thumb Code   234  faddsub_clz.o(x$fpl$fsub)
    _printf_fp_dec                           0x0800cd2f   Thumb Code     4  printf1.o(x$fpl$printf1)
    __fpl_return_NaN                         0x0800cd33   Thumb Code   100  retnan.o(x$fpl$retnan)
    __ARM_scalbn                             0x0800cd97   Thumb Code    92  scalbn.o(x$fpl$scalbn)
    _scanf_real                              0x0800cdf3   Thumb Code     4  scanf1.o(x$fpl$scanf1)
    _scanf_hex_real                          0x0800cdf7   Thumb Code     4  scanf2.o(x$fpl$scanf2)
    _scanf_infnan                            0x0800cdfb   Thumb Code     4  scanf2.o(x$fpl$scanf2)
    __fpl_cmpreturn                          0x0800cdff   Thumb Code    48  trapv.o(x$fpl$trapveneer)
    __I$use$fp                               0x0800ce2e   Number         0  usenofp.o(x$fpl$usenofp)
    hw                                       0x0800ce30   Data          12  inv_mpu.o(.constdata)
    reg                                      0x0800ce3c   Data          27  inv_mpu.o(.constdata)
    test                                     0x0800ce58   Data          40  inv_mpu.o(.constdata)
    __mathlib_zero                           0x0800dc20   Data           8  qnan.o(.constdata)
    Region$$Table$$Base                      0x0800ddac   Number         0  anon$$obj.o(Region$$Table)
    Region$$Table$$Limit                     0x0800ddcc   Number         0  anon$$obj.o(Region$$Table)
    __aeabi_HUGE_VAL                         0x0800ddcc   Data           0  fpconst.o(c$$dinf)
    __aeabi_HUGE_VALL                        0x0800ddcc   Data           0  fpconst.o(c$$dinf)
    __aeabi_INFINITY                         0x0800ddcc   Data           0  fpconst.o(c$$dinf)
    __dInf                                   0x0800ddcc   Data           0  fpconst.o(c$$dinf)
    __huge_val                               0x0800ddcc   Data           0  fpconst.o(c$$dinf)
    __ctype                                  0x0800ddfd   Data           0  lc_ctype_c.o(locale$$data)
    Way_Angle                                0x20000000   Data           1  minibalance.o(.data)
    Flag_sudu                                0x20000001   Data           1  minibalance.o(.data)
    Flag_Stop                                0x20000002   Data           1  minibalance.o(.data)
    Flag_Show                                0x20000003   Data           1  minibalance.o(.data)
    Flag_Qian                                0x20000004   Data           1  minibalance.o(.data)
    Flag_Hou                                 0x20000005   Data           1  minibalance.o(.data)
    Flag_Left                                0x20000006   Data           1  minibalance.o(.data)
    Flag_Right                               0x20000007   Data           1  minibalance.o(.data)
    Encoder_Left                             0x20000008   Data           4  minibalance.o(.data)
    Encoder_Right                            0x2000000c   Data           4  minibalance.o(.data)
    Moto1                                    0x20000010   Data           4  minibalance.o(.data)
    Moto2                                    0x20000014   Data           4  minibalance.o(.data)
    Temperature                              0x20000018   Data           4  minibalance.o(.data)
    Voltage                                  0x2000001c   Data           4  minibalance.o(.data)
    Angle_Balance                            0x20000020   Data           4  minibalance.o(.data)
    Gyro_Balance                             0x20000024   Data           4  minibalance.o(.data)
    Gyro_Turn                                0x20000028   Data           4  minibalance.o(.data)
    Show_Data_Mb                             0x2000002c   Data           4  minibalance.o(.data)
    __stdout                                 0x20000044   Data           4  usart.o(.data)
    six_data_stop                            0x20000054   Data           3  usart2.o(.data)
    six_data_start                           0x20000057   Data           3  usart2.o(.data)
    mode_data                                0x20000060   Data           8  usart2.o(.data)
    Balance_Pwm                              0x20000094   Data           4  control.o(.data)
    Velocity_Pwm                             0x20000098   Data           4  control.o(.data)
    Turn_Pwm                                 0x2000009c   Data           4  control.o(.data)
    Flag_Target                              0x200000a0   Data           1  control.o(.data)
    K1                                       0x200000d0   Data           4  filter.o(.data)
    Q_angle                                  0x200000d4   Data           4  filter.o(.data)
    Q_gyro                                   0x200000d8   Data           4  filter.o(.data)
    R_angle                                  0x200000dc   Data           4  filter.o(.data)
    dt                                       0x200000e0   Data           4  filter.o(.data)
    C_0                                      0x200000e4   Data           1  filter.o(.data)
    PP                                       0x200000e8   Data          16  filter.o(.data)
    angle                                    0x200000f8   Data           4  filter.o(.data)
    angle_dot                                0x200000fc   Data           4  filter.o(.data)
    Q_bias                                   0x20000100   Data           4  filter.o(.data)
    Angle_err                                0x20000104   Data           4  filter.o(.data)
    PCt_0                                    0x20000108   Data           4  filter.o(.data)
    PCt_1                                    0x2000010c   Data           4  filter.o(.data)
    E                                        0x20000110   Data           4  filter.o(.data)
    K_0                                      0x20000114   Data           4  filter.o(.data)
    K_1                                      0x20000118   Data           4  filter.o(.data)
    t_0                                      0x2000011c   Data           4  filter.o(.data)
    t_1                                      0x20000120   Data           4  filter.o(.data)
    q0                                       0x20000124   Data           4  mpu6050.o(.data)
    q1                                       0x20000128   Data           4  mpu6050.o(.data)
    q2                                       0x2000012c   Data           4  mpu6050.o(.data)
    q3                                       0x20000130   Data           4  mpu6050.o(.data)
    Gx_offset                                0x2000013e   Data           2  mpu6050.o(.data)
    Gy_offset                                0x20000140   Data           2  mpu6050.o(.data)
    Gz_offset                                0x20000142   Data           2  mpu6050.o(.data)
    gyro                                     0x20000144   Data           6  mpu6050.o(.data)
    accel                                    0x2000014a   Data           6  mpu6050.o(.data)
    sensors                                  0x20000150   Data           2  mpu6050.o(.data)
    Pitch                                    0x20000154   Data           4  mpu6050.o(.data)
    Roll                                     0x20000158   Data           4  mpu6050.o(.data)
    Pdot                                     0x20000234   Data          16  filter.o(.bss)
    buffer                                   0x20000244   Data          14  mpu6050.o(.bss)
    MPU6050_FIFO                             0x20000252   Data         132  mpu6050.o(.bss)
    __libspace_start                         0x200002d8   Data          96  libspace.o(.bss)
    __temporary_stack_top$libspace           0x20000338   Data           0  libspace.o(.bss)



==============================================================================

Memory Map of the image

  Image Entry point : 0x080030ed

  Load Region LR_IROM1 (Base: 0x08003000, Size: 0x0000b05c, Max: 0x00010000, ABSOLUTE, COMPRESSED[0x0000af48])

    Execution Region ER_IROM1 (Base: 0x08003000, Size: 0x0000af00, Max: 0x00010000, ABSOLUTE)

    Base Addr    Size         Type   Attr      Idx    E Section Name        Object

    0x08003000   0x000000ec   Data   RO            3    RESET               startup_stm32f10x_md.o
    0x080030ec   0x00000008   Code   RO          680  * !!!main             c_w.l(__main.o)
    0x080030f4   0x00000034   Code   RO         1189    !!!scatter          c_w.l(__scatter.o)
    0x08003128   0x0000005a   Code   RO         1187    !!dczerorl2         c_w.l(__dczerorl2.o)
    0x08003182   0x00000002   PAD
    0x08003184   0x0000001c   Code   RO         1191    !!handler_zi        c_w.l(__scatter_zi.o)
    0x080031a0   0x00000000   Code   RO          671    .ARM.Collect$$_printf_percent$$00000000  c_w.l(_printf_percent.o)
    0x080031a0   0x00000006   Code   RO          829    .ARM.Collect$$_printf_percent$$00000001  c_w.l(_printf_n.o)
    0x080031a6   0x00000006   Code   RO          831    .ARM.Collect$$_printf_percent$$00000002  c_w.l(_printf_p.o)
    0x080031ac   0x00000006   Code   RO          670    .ARM.Collect$$_printf_percent$$00000003  c_w.l(_printf_f.o)
    0x080031b2   0x00000006   Code   RO          835    .ARM.Collect$$_printf_percent$$00000004  c_w.l(_printf_e.o)
    0x080031b8   0x00000006   Code   RO          836    .ARM.Collect$$_printf_percent$$00000005  c_w.l(_printf_g.o)
    0x080031be   0x00000006   Code   RO          837    .ARM.Collect$$_printf_percent$$00000006  c_w.l(_printf_a.o)
    0x080031c4   0x0000000a   Code   RO          842    .ARM.Collect$$_printf_percent$$00000007  c_w.l(_printf_ll.o)
    0x080031ce   0x00000006   Code   RO          833    .ARM.Collect$$_printf_percent$$00000008  c_w.l(_printf_i.o)
    0x080031d4   0x00000006   Code   RO          669    .ARM.Collect$$_printf_percent$$00000009  c_w.l(_printf_d.o)
    0x080031da   0x00000006   Code   RO          834    .ARM.Collect$$_printf_percent$$0000000A  c_w.l(_printf_u.o)
    0x080031e0   0x00000006   Code   RO          832    .ARM.Collect$$_printf_percent$$0000000B  c_w.l(_printf_o.o)
    0x080031e6   0x00000006   Code   RO          830    .ARM.Collect$$_printf_percent$$0000000C  c_w.l(_printf_x.o)
    0x080031ec   0x00000006   Code   RO          839    .ARM.Collect$$_printf_percent$$0000000D  c_w.l(_printf_lli.o)
    0x080031f2   0x00000006   Code   RO          840    .ARM.Collect$$_printf_percent$$0000000E  c_w.l(_printf_lld.o)
    0x080031f8   0x00000006   Code   RO          841    .ARM.Collect$$_printf_percent$$0000000F  c_w.l(_printf_llu.o)
    0x080031fe   0x00000006   Code   RO          846    .ARM.Collect$$_printf_percent$$00000010  c_w.l(_printf_llo.o)
    0x08003204   0x00000006   Code   RO          847    .ARM.Collect$$_printf_percent$$00000011  c_w.l(_printf_llx.o)
    0x0800320a   0x0000000a   Code   RO          843    .ARM.Collect$$_printf_percent$$00000012  c_w.l(_printf_l.o)
    0x08003214   0x00000006   Code   RO          827    .ARM.Collect$$_printf_percent$$00000013  c_w.l(_printf_c.o)
    0x0800321a   0x00000006   Code   RO          828    .ARM.Collect$$_printf_percent$$00000014  c_w.l(_printf_s.o)
    0x08003220   0x00000006   Code   RO          844    .ARM.Collect$$_printf_percent$$00000015  c_w.l(_printf_lc.o)
    0x08003226   0x00000006   Code   RO          845    .ARM.Collect$$_printf_percent$$00000016  c_w.l(_printf_ls.o)
    0x0800322c   0x00000004   Code   RO          838    .ARM.Collect$$_printf_percent$$00000017  c_w.l(_printf_percent_end.o)
    0x08003230   0x00000002   Code   RO         1034    .ARM.Collect$$libinit$$00000000  c_w.l(libinit.o)
    0x08003232   0x00000000   Code   RO         1036    .ARM.Collect$$libinit$$00000002  c_w.l(libinit2.o)
    0x08003232   0x00000000   Code   RO         1039    .ARM.Collect$$libinit$$00000008  c_w.l(libinit2.o)
    0x08003232   0x00000000   Code   RO         1041    .ARM.Collect$$libinit$$0000000A  c_w.l(libinit2.o)
    0x08003232   0x00000000   Code   RO         1043    .ARM.Collect$$libinit$$0000000C  c_w.l(libinit2.o)
    0x08003232   0x00000006   Code   RO         1044    .ARM.Collect$$libinit$$0000000D  c_w.l(libinit2.o)
    0x08003238   0x00000000   Code   RO         1046    .ARM.Collect$$libinit$$0000000F  c_w.l(libinit2.o)
    0x08003238   0x0000000c   Code   RO         1047    .ARM.Collect$$libinit$$00000010  c_w.l(libinit2.o)
    0x08003244   0x00000000   Code   RO         1048    .ARM.Collect$$libinit$$00000011  c_w.l(libinit2.o)
    0x08003244   0x00000000   Code   RO         1050    .ARM.Collect$$libinit$$00000013  c_w.l(libinit2.o)
    0x08003244   0x0000000a   Code   RO         1051    .ARM.Collect$$libinit$$00000014  c_w.l(libinit2.o)
    0x0800324e   0x00000000   Code   RO         1052    .ARM.Collect$$libinit$$00000015  c_w.l(libinit2.o)
    0x0800324e   0x00000000   Code   RO         1054    .ARM.Collect$$libinit$$00000017  c_w.l(libinit2.o)
    0x0800324e   0x00000000   Code   RO         1056    .ARM.Collect$$libinit$$00000019  c_w.l(libinit2.o)
    0x0800324e   0x00000000   Code   RO         1058    .ARM.Collect$$libinit$$0000001B  c_w.l(libinit2.o)
    0x0800324e   0x00000000   Code   RO         1060    .ARM.Collect$$libinit$$0000001D  c_w.l(libinit2.o)
    0x0800324e   0x00000000   Code   RO         1062    .ARM.Collect$$libinit$$0000001F  c_w.l(libinit2.o)
    0x0800324e   0x00000000   Code   RO         1064    .ARM.Collect$$libinit$$00000021  c_w.l(libinit2.o)
    0x0800324e   0x00000000   Code   RO         1066    .ARM.Collect$$libinit$$00000023  c_w.l(libinit2.o)
    0x0800324e   0x00000000   Code   RO         1070    .ARM.Collect$$libinit$$0000002A  c_w.l(libinit2.o)
    0x0800324e   0x00000000   Code   RO         1072    .ARM.Collect$$libinit$$0000002C  c_w.l(libinit2.o)
    0x0800324e   0x00000000   Code   RO         1074    .ARM.Collect$$libinit$$0000002E  c_w.l(libinit2.o)
    0x0800324e   0x00000000   Code   RO         1076    .ARM.Collect$$libinit$$00000030  c_w.l(libinit2.o)
    0x0800324e   0x00000002   Code   RO         1077    .ARM.Collect$$libinit$$00000031  c_w.l(libinit2.o)
    0x08003250   0x00000002   Code   RO         1148    .ARM.Collect$$libshutdown$$00000000  c_w.l(libshutdown.o)
    0x08003252   0x00000000   Code   RO         1158    .ARM.Collect$$libshutdown$$00000003  c_w.l(libshutdown2.o)
    0x08003252   0x00000000   Code   RO         1161    .ARM.Collect$$libshutdown$$00000006  c_w.l(libshutdown2.o)
    0x08003252   0x00000000   Code   RO         1164    .ARM.Collect$$libshutdown$$00000009  c_w.l(libshutdown2.o)
    0x08003252   0x00000000   Code   RO         1166    .ARM.Collect$$libshutdown$$0000000B  c_w.l(libshutdown2.o)
    0x08003252   0x00000000   Code   RO         1169    .ARM.Collect$$libshutdown$$0000000E  c_w.l(libshutdown2.o)
    0x08003252   0x00000002   Code   RO         1170    .ARM.Collect$$libshutdown$$0000000F  c_w.l(libshutdown2.o)
    0x08003254   0x00000000   Code   RO          776    .ARM.Collect$$rtentry$$00000000  c_w.l(rtentry.o)
    0x08003254   0x00000000   Code   RO          911    .ARM.Collect$$rtentry$$00000002  c_w.l(rtentry2.o)
    0x08003254   0x00000006   Code   RO          923    .ARM.Collect$$rtentry$$00000004  c_w.l(rtentry4.o)
    0x0800325a   0x00000000   Code   RO          913    .ARM.Collect$$rtentry$$00000009  c_w.l(rtentry2.o)
    0x0800325a   0x00000004   Code   RO          914    .ARM.Collect$$rtentry$$0000000A  c_w.l(rtentry2.o)
    0x0800325e   0x00000000   Code   RO          916    .ARM.Collect$$rtentry$$0000000C  c_w.l(rtentry2.o)
    0x0800325e   0x00000008   Code   RO          917    .ARM.Collect$$rtentry$$0000000D  c_w.l(rtentry2.o)
    0x08003266   0x00000002   Code   RO         1086    .ARM.Collect$$rtexit$$00000000  c_w.l(rtexit.o)
    0x08003268   0x00000000   Code   RO         1118    .ARM.Collect$$rtexit$$00000002  c_w.l(rtexit2.o)
    0x08003268   0x00000004   Code   RO         1119    .ARM.Collect$$rtexit$$00000003  c_w.l(rtexit2.o)
    0x0800326c   0x00000006   Code   RO         1120    .ARM.Collect$$rtexit$$00000004  c_w.l(rtexit2.o)
    0x08003272   0x00000002   PAD
    0x08003274   0x0000000c   Code   RO          163    .emb_text           sys.o
    0x08003280   0x00000038   Code   RO            4    .text               startup_stm32f10x_md.o
    0x080032b8   0x0000006c   Code   RO           12    .text               minibalance.o
    0x08003324   0x000000ac   Code   RO          137    .text               delay.o
    0x080033d0   0x000002c0   Code   RO          164    .text               sys.o
    0x08003690   0x0000027c   Code   RO          187    .text               usart.o
    0x0800390c   0x00000070   Code   RO          221    .text               led.o
    0x0800397c   0x00000100   Code   RO          242    .text               key.o
    0x08003a7c   0x000000e8   Code   RO          313    .text               timer.o
    0x08003b64   0x000000d0   Code   RO          333    .text               motor.o
    0x08003c34   0x0000050c   Code   RO          373    .text               ioi2c.o
    0x08004140   0x00000370   Code   RO          436    .text               usart2.o
    0x080044b0   0x000007ec   Code   RO          459    .text               control.o
    0x08004c9c   0x00001e88   Code   RO          507    .text               inv_mpu.o
    0x08006b24   0x00000d6c   Code   RO          538    .text               inv_mpu_dmp_motion_driver.o
    0x08007890   0x00000368   Code   RO          559    .text               filter.o
    0x08007bf8   0x0000083c   Code   RO          580    .text               mpu6050.o
    0x08008434   0x00000002   Code   RO          635    .text               c_w.l(use_no_semi_2.o)
    0x08008436   0x00000048   Code   RO          637    .text               c_w.l(llsdiv.o)
    0x0800847e   0x00000002   PAD
    0x08008480   0x00000018   Code   RO          639    .text               c_w.l(c89printf.o)
    0x08008498   0x00000018   Code   RO          641    .text               c_w.l(__2printf.o)
    0x080084b0   0x00000078   Code   RO          647    .text               c_w.l(_printf_dec.o)
    0x08008528   0x0000018c   Code   RO          666    .text               c_w.l(__printf_flags_ss_wp.o)
    0x080086b4   0x0000003c   Code   RO          672    .text               c_w.l(__0sscanf.o)
    0x080086f0   0x00000058   Code   RO          674    .text               c_w.l(memcmp.o)
    0x08008748   0x00000010   Code   RO          676    .text               c_w.l(aeabi_memset.o)
    0x08008758   0x00000006   Code   RO          678    .text               c_w.l(heapauxi.o)
    0x0800875e   0x00000002   Code   RO          774    .text               c_w.l(use_no_semi.o)
    0x08008760   0x000000ee   Code   RO          777    .text               c_w.l(lludivv7m.o)
    0x0800884e   0x00000016   Code   RO          779    .text               c_w.l(_rserrno.o)
    0x08008864   0x00000052   Code   RO          781    .text               c_w.l(_printf_pad.o)
    0x080088b6   0x00000024   Code   RO          783    .text               c_w.l(_printf_truncate.o)
    0x080088da   0x00000052   Code   RO          785    .text               c_w.l(_printf_str.o)
    0x0800892c   0x000000b8   Code   RO          787    .text               c_w.l(_printf_intcommon.o)
    0x080089e4   0x0000002a   Code   RO          789    .text               c_w.l(_printf_charcount.o)
    0x08008a0e   0x00000420   Code   RO          791    .text               c_w.l(_printf_fp_dec.o)
    0x08008e2e   0x00000002   PAD
    0x08008e30   0x00000024   Code   RO          793    .text               c_w.l(_printf_char_file.o)
    0x08008e54   0x000000bc   Code   RO          795    .text               c_w.l(_printf_wctomb.o)
    0x08008f10   0x00000078   Code   RO          798    .text               c_w.l(_printf_longlong_dec.o)
    0x08008f88   0x00000078   Code   RO          804    .text               c_w.l(_printf_oct_int_ll.o)
    0x08009000   0x0000009c   Code   RO          824    .text               c_w.l(_printf_hex_int_ll_ptr.o)
    0x0800909c   0x000004a4   Code   RO          848    .text               c_w.l(scanf_fp.o)
    0x08009540   0x0000002c   Code   RO          850    .text               c_w.l(scanf_char.o)
    0x0800956c   0x00000040   Code   RO          852    .text               c_w.l(_sgetc.o)
    0x080095ac   0x00000044   Code   RO          854    .text               c_w.l(rt_memclr.o)
    0x080095f0   0x00000008   Code   RO          932    .text               c_w.l(rt_locale_intlibspace.o)
    0x080095f8   0x00000008   Code   RO          937    .text               c_w.l(rt_errno_addr_intlibspace.o)
    0x08009600   0x0000008a   Code   RO          939    .text               c_w.l(lludiv10.o)
    0x0800968a   0x00000012   Code   RO          941    .text               c_w.l(isspace.o)
    0x0800969c   0x00000030   Code   RO          943    .text               c_w.l(_printf_char_common.o)
    0x080096cc   0x00000080   Code   RO          945    .text               c_w.l(_printf_fp_infnan.o)
    0x0800974c   0x0000002c   Code   RO          947    .text               c_w.l(_printf_char.o)
    0x08009778   0x0000002c   Code   RO          949    .text               c_w.l(_printf_wchar.o)
    0x080097a4   0x00000370   Code   RO          951    .text               c_w.l(_scanf.o)
    0x08009b14   0x000000e4   Code   RO          953    .text               c_w.l(bigflt0.o)
    0x08009bf8   0x00000008   Code   RO          978    .text               c_w.l(ferror.o)
    0x08009c00   0x00000040   Code   RO          982    .text               c_w.l(_wcrtomb.o)
    0x08009c40   0x0000004e   Code   RO          987    .text               c_w.l(rt_memclr_w.o)
    0x08009c8e   0x00000002   PAD
    0x08009c90   0x00000008   Code   RO         1010    .text               c_w.l(libspace.o)
    0x08009c98   0x0000004a   Code   RO         1013    .text               c_w.l(sys_stackheap_outer.o)
    0x08009ce2   0x00000002   PAD
    0x08009ce4   0x00000010   Code   RO         1015    .text               c_w.l(rt_ctype_table.o)
    0x08009cf4   0x00000314   Code   RO         1021    .text               c_w.l(scanf_hexfp.o)
    0x0800a008   0x0000013c   Code   RO         1023    .text               c_w.l(scanf_infnan.o)
    0x0800a144   0x0000000c   Code   RO         1025    .text               c_w.l(exit.o)
    0x0800a150   0x00000080   Code   RO         1027    .text               c_w.l(strcmpv7m.o)
    0x0800a1d0   0x00000026   Code   RO         1088    .text               c_w.l(llshl.o)
    0x0800a1f6   0x0000001c   Code   RO         1090    .text               c_w.l(_chval.o)
    0x0800a212   0x0000003e   Code   RO          956    CL$$btod_d2e        c_w.l(btod.o)
    0x0800a250   0x00000046   Code   RO          958    CL$$btod_d2e_denorm_low  c_w.l(btod.o)
    0x0800a296   0x00000060   Code   RO          957    CL$$btod_d2e_norm_op1  c_w.l(btod.o)
    0x0800a2f6   0x00000338   Code   RO          966    CL$$btod_div_common  c_w.l(btod.o)
    0x0800a62e   0x00000002   PAD
    0x0800a630   0x00000054   Code   RO          964    CL$$btod_e2d        c_w.l(btod.o)
    0x0800a684   0x000000c6   Code   RO          963    CL$$btod_e2e        c_w.l(btod.o)
    0x0800a74a   0x00000028   Code   RO          960    CL$$btod_ediv       c_w.l(btod.o)
    0x0800a772   0x00000028   Code   RO          962    CL$$btod_edivd      c_w.l(btod.o)
    0x0800a79a   0x00000028   Code   RO          959    CL$$btod_emul       c_w.l(btod.o)
    0x0800a7c2   0x00000028   Code   RO          961    CL$$btod_emuld      c_w.l(btod.o)
    0x0800a7ea   0x00000244   Code   RO          965    CL$$btod_mult_common  c_w.l(btod.o)
    0x0800aa2e   0x00000028   Code   RO          886    i.__ARM_fpclassify  m_ws.l(fpclassify.o)
    0x0800aa56   0x00000002   PAD
    0x0800aa58   0x00000388   Code   RO          891    i.__ieee754_rem_pio2  m_ws.l(rred.o)
    0x0800ade0   0x000000fc   Code   RO          881    i.__kernel_cos      m_ws.l(cos_i.o)
    0x0800aedc   0x000000aa   Code   RO          888    i.__kernel_poly     m_ws.l(poly.o)
    0x0800af86   0x00000002   PAD
    0x0800af88   0x000000ec   Code   RO          896    i.__kernel_sin      m_ws.l(sin_i.o)
    0x0800b074   0x00000010   Code   RO          884    i.__mathlib_dbl_underflow  m_ws.l(dunder.o)
    0x0800b084   0x00000010   Code   RO         1004    i.__mathlib_narrow  m_ws.l(narrow.o)
    0x0800b094   0x00000088   Code   RO         1005    i.__mathlib_tofloat  m_ws.l(narrow.o)
    0x0800b11c   0x00000016   Code   RO         1106    i.__support_ldexp   m_ws.l(ldexp.o)
    0x0800b132   0x0000000e   Code   RO          659    i._is_digit         c_w.l(__printf_wp.o)
    0x0800b140   0x0000027c   Code   RO          749    i.asin              m_ws.l(asin.o)
    0x0800b3bc   0x00000224   Code   RO          872    i.atan              m_ws.l(atan.o)
    0x0800b5e0   0x00000180   Code   RO          759    i.atan2             m_ws.l(atan2.o)
    0x0800b760   0x00000058   Code   RO         1083    i.frexp             m_ws.l(frexp.o)
    0x0800b7b8   0x0000007e   Code   RO         1107    i.ldexp             m_ws.l(ldexp.o)
    0x0800b836   0x00000002   PAD
    0x0800b838   0x000000b0   Code   RO          767    i.sin               m_ws.l(sin.o)
    0x0800b8e8   0x0000004c   Code   RO          903    i.sqrt              m_ws.l(sqrt.o)
    0x0800b934   0x0000002c   Code   RO          985    locale$$code        c_w.l(lc_numeric_c.o)
    0x0800b960   0x0000002c   Code   RO         1093    locale$$code        c_w.l(lc_ctype_c.o)
    0x0800b98c   0x00000062   Code   RO          682    x$fpl$d2f           fz_ws.l(d2f.o)
    0x0800b9ee   0x00000002   PAD
    0x0800b9f0   0x00000150   Code   RO          684    x$fpl$dadd          fz_ws.l(daddsub_clz.o)
    0x0800bb40   0x00000010   Code   RO          989    x$fpl$dcheck1       fz_ws.l(dcheck1.o)
    0x0800bb50   0x00000018   Code   RO          856    x$fpl$dcmpinf       fz_ws.l(dcmpi.o)
    0x0800bb68   0x000002b0   Code   RO          691    x$fpl$ddiv          fz_ws.l(ddiv.o)
    0x0800be18   0x00000078   Code   RO         1078    x$fpl$deqf          fz_ws.l(deqf.o)
    0x0800be90   0x0000005e   Code   RO          694    x$fpl$dfix          fz_ws.l(dfix.o)
    0x0800beee   0x0000002e   Code   RO          699    x$fpl$dflt          fz_ws.l(dflt_clz.o)
    0x0800bf1c   0x00000026   Code   RO          698    x$fpl$dfltu         fz_ws.l(dflt_clz.o)
    0x0800bf42   0x00000002   PAD
    0x0800bf44   0x00000078   Code   RO          704    x$fpl$dleqf         fz_ws.l(dleqf.o)
    0x0800bfbc   0x00000154   Code   RO          706    x$fpl$dmul          fz_ws.l(dmul.o)
    0x0800c110   0x0000009c   Code   RO          858    x$fpl$dnaninf       fz_ws.l(dnaninf.o)
    0x0800c1ac   0x0000000c   Code   RO          860    x$fpl$dretinf       fz_ws.l(dretinf.o)
    0x0800c1b8   0x0000006c   Code   RO          708    x$fpl$drleqf        fz_ws.l(drleqf.o)
    0x0800c224   0x00000016   Code   RO          685    x$fpl$drsb          fz_ws.l(daddsub_clz.o)
    0x0800c23a   0x00000002   PAD
    0x0800c23c   0x000001cc   Code   RO          991    x$fpl$dsqrt         fz_ws.l(dsqrt_noumaal.o)
    0x0800c408   0x000001d4   Code   RO          686    x$fpl$dsub          fz_ws.l(daddsub_clz.o)
    0x0800c5dc   0x00000056   Code   RO          710    x$fpl$f2d           fz_ws.l(f2d.o)
    0x0800c632   0x00000002   PAD
    0x0800c634   0x000000c4   Code   RO          712    x$fpl$fadd          fz_ws.l(faddsub_clz.o)
    0x0800c6f8   0x00000018   Code   RO          862    x$fpl$fcmpinf       fz_ws.l(fcmpi.o)
    0x0800c710   0x00000184   Code   RO          719    x$fpl$fdiv          fz_ws.l(fdiv.o)
    0x0800c894   0x00000068   Code   RO          722    x$fpl$feqf          fz_ws.l(feqf.o)
    0x0800c8fc   0x00000036   Code   RO          724    x$fpl$ffix          fz_ws.l(ffix.o)
    0x0800c932   0x00000002   PAD
    0x0800c934   0x0000003e   Code   RO          728    x$fpl$ffixu         fz_ws.l(ffixu.o)
    0x0800c972   0x00000002   PAD
    0x0800c974   0x00000030   Code   RO          733    x$fpl$fflt          fz_ws.l(fflt_clz.o)
    0x0800c9a4   0x00000026   Code   RO          732    x$fpl$ffltu         fz_ws.l(fflt_clz.o)
    0x0800c9ca   0x00000002   PAD
    0x0800c9cc   0x00000068   Code   RO          738    x$fpl$fleqf         fz_ws.l(fleqf.o)
    0x0800ca34   0x00000102   Code   RO          740    x$fpl$fmul          fz_ws.l(fmul.o)
    0x0800cb36   0x0000008c   Code   RO          864    x$fpl$fnaninf       fz_ws.l(fnaninf.o)
    0x0800cbc2   0x0000000a   Code   RO          866    x$fpl$fretinf       fz_ws.l(fretinf.o)
    0x0800cbcc   0x00000062   Code   RO          742    x$fpl$frleqf        fz_ws.l(frleqf.o)
    0x0800cc2e   0x00000014   Code   RO          713    x$fpl$frsb          fz_ws.l(faddsub_clz.o)
    0x0800cc42   0x00000002   PAD
    0x0800cc44   0x000000ea   Code   RO          714    x$fpl$fsub          fz_ws.l(faddsub_clz.o)
    0x0800cd2e   0x00000004   Code   RO          744    x$fpl$printf1       fz_ws.l(printf1.o)
    0x0800cd32   0x00000064   Code   RO         1080    x$fpl$retnan        fz_ws.l(retnan.o)
    0x0800cd96   0x0000005c   Code   RO          868    x$fpl$scalbn        fz_ws.l(scalbn.o)
    0x0800cdf2   0x00000004   Code   RO          746    x$fpl$scanf1        fz_ws.l(scanf1.o)
    0x0800cdf6   0x00000008   Code   RO          998    x$fpl$scanf2        fz_ws.l(scanf2.o)
    0x0800cdfe   0x00000030   Code   RO         1103    x$fpl$trapveneer    fz_ws.l(trapv.o)
    0x0800ce2e   0x00000000   Code   RO          870    x$fpl$usenofp       fz_ws.l(usenofp.o)
    0x0800ce2e   0x00000002   PAD
    0x0800ce30   0x0000009e   Data   RO          508    .constdata          inv_mpu.o
    0x0800cece   0x00000bf6   Data   RO          540    .constdata          inv_mpu_dmp_motion_driver.o
    0x0800dac4   0x00000011   Data   RO          667    .constdata          c_w.l(__printf_flags_ss_wp.o)
    0x0800dad5   0x00000003   PAD
    0x0800dad8   0x00000050   Data   RO          750    .constdata          m_ws.l(asin.o)
    0x0800db28   0x00000008   Data   RO          796    .constdata          c_w.l(_printf_wctomb.o)
    0x0800db30   0x00000028   Data   RO          825    .constdata          c_w.l(_printf_hex_int_ll_ptr.o)
    0x0800db58   0x00000098   Data   RO          873    .constdata          m_ws.l(atan.o)
    0x0800dbf0   0x00000030   Data   RO          882    .constdata          m_ws.l(cos_i.o)
    0x0800dc20   0x00000008   Data   RO          890    .constdata          m_ws.l(qnan.o)
    0x0800dc28   0x000000c8   Data   RO          893    .constdata          m_ws.l(rred.o)
    0x0800dcf0   0x00000028   Data   RO          897    .constdata          m_ws.l(sin_i.o)
    0x0800dd18   0x00000094   Data   RO          954    .constdata          c_w.l(bigflt0.o)
    0x0800ddac   0x00000020   Data   RO         1185    Region$$Table       anon$$obj.o
    0x0800ddcc   0x00000008   Data   RO          993    c$$dinf             fz_ws.l(fpconst.o)
    0x0800ddd4   0x0000001c   Data   RO          984    locale$$data        c_w.l(lc_numeric_c.o)
    0x0800ddf0   0x00000110   Data   RO         1092    locale$$data        c_w.l(lc_ctype_c.o)


    Execution Region RW_IRAM1 (Base: 0x20000000, Size: 0x00000938, Max: 0x00005000, ABSOLUTE, COMPRESSED[0x00000048])

    Base Addr    Size         Type   Attr      Idx    E Section Name        Object

    0x20000000   0x00000030   Data   RW           13    .data               minibalance.o
    0x20000030   0x00000004   Data   RW          138    .data               delay.o
    0x20000034   0x00000014   Data   RW          189    .data               usart.o
    0x20000048   0x00000004   Data   RW          222    .data               led.o
    0x2000004c   0x00000007   Data   RW          243    .data               key.o
    0x20000053   0x00000001   PAD
    0x20000054   0x00000014   Data   RW          437    .data               usart2.o
    0x20000068   0x00000039   Data   RW          460    .data               control.o
    0x200000a1   0x00000003   PAD
    0x200000a4   0x0000002c   Data   RW          509    .data               inv_mpu.o
    0x200000d0   0x00000054   Data   RW          561    .data               filter.o
    0x20000124   0x00000038   Data   RW          582    .data               mpu6050.o
    0x2000015c   0x000000c8   Zero   RW          188    .bss                usart.o
    0x20000224   0x00000010   Zero   RW          539    .bss                inv_mpu_dmp_motion_driver.o
    0x20000234   0x00000010   Zero   RW          560    .bss                filter.o
    0x20000244   0x00000092   Zero   RW          581    .bss                mpu6050.o
    0x200002d6   0x00000002   PAD
    0x200002d8   0x00000060   Zero   RW         1011    .bss                c_w.l(libspace.o)
    0x20000338   0x00000200   Zero   RW            2    HEAP                startup_stm32f10x_md.o
    0x20000538   0x00000400   Zero   RW            1    STACK               startup_stm32f10x_md.o


==============================================================================

Image component sizes


      Code (inc. data)   RO Data    RW Data    ZI Data      Debug   Object Name

      2028        252          0         57          0       4323   control.o
       172          8          0          4          0        979   delay.o
       872         86          0         84         16       2458   filter.o
      7816        172        158         44          0      20851   inv_mpu.o
      3436        124       3062          0         16      14683   inv_mpu_dmp_motion_driver.o
      1292         24          0          0          0       5350   ioi2c.o
       256         34          0          7          0       1012   key.o
       112         22          0          4          0        609   led.o
       108          6          0         48          0     207298   minibalance.o
       208         18          0          0          0        742   motor.o
      2108        452          0         56        146      27662   mpu6050.o
        56         22        236          0       1536        756   startup_stm32f10x_md.o
       716         46          0          0          0       2675   sys.o
       232         12          0          0          0        780   timer.o
       636         96          0         20        200       3732   usart.o
       880         58          0         20          0       1984   usart2.o

    ----------------------------------------------------------------------
     20928       1432       3488        348       1916     295894   Object Totals
         0          0         32          0          0          0   (incl. Generated)
         0          0          0          4          2          0   (incl. Padding)

    ----------------------------------------------------------------------

      Code (inc. data)   RO Data    RW Data    ZI Data      Debug   Library Member Name

        60          8          0          0          0         84   __0sscanf.o
        24          4          0          0          0         84   __2printf.o
        90          0          0          0          0          0   __dczerorl2.o
         8          0          0          0          0         68   __main.o
       396          6         17          0          0         92   __printf_flags_ss_wp.o
        14          0          0          0          0         68   __printf_wp.o
        52          8          0          0          0          0   __scatter.o
        28          0          0          0          0          0   __scatter_zi.o
        28          0          0          0          0         68   _chval.o
         6          0          0          0          0          0   _printf_a.o
         6          0          0          0          0          0   _printf_c.o
        44          0          0          0          0        108   _printf_char.o
        48          6          0          0          0         96   _printf_char_common.o
        36          4          0          0          0         80   _printf_char_file.o
        42          0          0          0          0         68   _printf_charcount.o
         6          0          0          0          0          0   _printf_d.o
       120         18          0          0          0         92   _printf_dec.o
         6          0          0          0          0          0   _printf_e.o
         6          0          0          0          0          0   _printf_f.o
      1056          0          0          0          0        216   _printf_fp_dec.o
       128         16          0          0          0         84   _printf_fp_infnan.o
         6          0          0          0          0          0   _printf_g.o
       156          6         40          0          0        160   _printf_hex_int_ll_ptr.o
         6          0          0          0          0          0   _printf_i.o
       184          0          0          0          0         88   _printf_intcommon.o
        10          0          0          0          0          0   _printf_l.o
         6          0          0          0          0          0   _printf_lc.o
        10          0          0          0          0          0   _printf_ll.o
         6          0          0          0          0          0   _printf_lld.o
         6          0          0          0          0          0   _printf_lli.o
         6          0          0          0          0          0   _printf_llo.o
         6          0          0          0          0          0   _printf_llu.o
         6          0          0          0          0          0   _printf_llx.o
       120         16          0          0          0         92   _printf_longlong_dec.o
         6          0          0          0          0          0   _printf_ls.o
         6          0          0          0          0          0   _printf_n.o
         6          0          0          0          0          0   _printf_o.o
       120          8          0          0          0        124   _printf_oct_int_ll.o
         6          0          0          0          0          0   _printf_p.o
        82          0          0          0          0        108   _printf_pad.o
         0          0          0          0          0          0   _printf_percent.o
         4          0          0          0          0          0   _printf_percent_end.o
         6          0          0          0          0          0   _printf_s.o
        82          0          0          0          0         80   _printf_str.o
        36          0          0          0          0         84   _printf_truncate.o
         6          0          0          0          0          0   _printf_u.o
        44          0          0          0          0        108   _printf_wchar.o
       188          6          8          0          0         92   _printf_wctomb.o
         6          0          0          0          0          0   _printf_x.o
        22          0          0          0          0        100   _rserrno.o
       880          4          0          0          0        100   _scanf.o
        64          0          0          0          0         84   _sgetc.o
        64          0          0          0          0         92   _wcrtomb.o
        16          0          0          0          0         68   aeabi_memset.o
       228          6        148          0          0         96   bigflt0.o
      2074        132          0          0          0        940   btod.o
        24          4          0          0          0         84   c89printf.o
        12          0          0          0          0         72   exit.o
         8          0          0          0          0         68   ferror.o
         6          0          0          0          0        152   heapauxi.o
        18          0          0          0          0         76   isspace.o
        44         10        272          0          0         76   lc_ctype_c.o
        44         10         28          0          0         76   lc_numeric_c.o
         2          0          0          0          0          0   libinit.o
        30          0          0          0          0          0   libinit2.o
         2          0          0          0          0          0   libshutdown.o
         2          0          0          0          0          0   libshutdown2.o
         8          4          0          0         96         68   libspace.o
        72          0          0          0          0         76   llsdiv.o
        38          0          0          0          0         68   llshl.o
       138          0          0          0          0         80   lludiv10.o
       238          0          0          0          0        100   lludivv7m.o
        88          0          0          0          0         76   memcmp.o
        16          4          0          0          0         76   rt_ctype_table.o
         8          4          0          0          0         68   rt_errno_addr_intlibspace.o
         8          4          0          0          0         68   rt_locale_intlibspace.o
        68          0          0          0          0         68   rt_memclr.o
        78          0          0          0          0         80   rt_memclr_w.o
         0          0          0          0          0          0   rtentry.o
        12          0          0          0          0          0   rtentry2.o
         6          0          0          0          0          0   rtentry4.o
         2          0          0          0          0          0   rtexit.o
        10          0          0          0          0          0   rtexit2.o
        44          8          0          0          0         84   scanf_char.o
      1188         12          0          0          0        148   scanf_fp.o
       788         12          0          0          0        100   scanf_hexfp.o
       316         18          0          0          0        100   scanf_infnan.o
       128          0          0          0          0         68   strcmpv7m.o
        74          0          0          0          0         80   sys_stackheap_outer.o
         2          0          0          0          0         68   use_no_semi.o
         2          0          0          0          0         68   use_no_semi_2.o
        98          4          0          0          0         92   d2f.o
       826         16          0          0          0        348   daddsub_clz.o
        16          4          0          0          0         68   dcheck1.o
        24          0          0          0          0         68   dcmpi.o
       688        140          0          0          0        208   ddiv.o
       120          4          0          0          0         92   deqf.o
        94          4          0          0          0         92   dfix.o
        84          0          0          0          0        136   dflt_clz.o
       120          4          0          0          0         92   dleqf.o
       340         12          0          0          0        104   dmul.o
       156          4          0          0          0         92   dnaninf.o
        12          0          0          0          0         68   dretinf.o
       108          0          0          0          0         80   drleqf.o
       460         56          0          0          0        120   dsqrt_noumaal.o
        86          4          0          0          0         84   f2d.o
       450          8          0          0          0        236   faddsub_clz.o
        24          0          0          0          0         68   fcmpi.o
       388         76          0          0          0         96   fdiv.o
       104          4          0          0          0         84   feqf.o
        54          4          0          0          0         84   ffix.o
        62          4          0          0          0         84   ffixu.o
        86          0          0          0          0        136   fflt_clz.o
       104          4          0          0          0         84   fleqf.o
       258          4          0          0          0         84   fmul.o
       140          4          0          0          0         84   fnaninf.o
         0          0          8          0          0          0   fpconst.o
        10          0          0          0          0         68   fretinf.o
        98          0          0          0          0         68   frleqf.o
         4          0          0          0          0         68   printf1.o
       100          0          0          0          0         68   retnan.o
        92          0          0          0          0         68   scalbn.o
         4          0          0          0          0         68   scanf1.o
         8          0          0          0          0         84   scanf2.o
        48          0          0          0          0         68   trapv.o
         0          0          0          0          0          0   usenofp.o
       636         52         80          0          0        168   asin.o
       548         70        152          0          0        124   atan.o
       384         38          0          0          0        144   atan2.o
       252         22         48          0          0        124   cos_i.o
        16          6          0          0          0         68   dunder.o
        40          0          0          0          0         68   fpclassify.o
        88          8          0          0          0         76   frexp.o
       148          0          0          0          0        160   ldexp.o
       152          4          0          0          0        160   narrow.o
       170          0          0          0          0         96   poly.o
         0          0          8          0          0          0   qnan.o
       904         72        200          0          0        140   rred.o
       176         10          0          0          0        116   sin.o
       236         12         40          0          0        128   sin_i.o
        76          0          0          0          0         84   sqrt.o

    ----------------------------------------------------------------------
     19332        994       1052          0         96      10772   Library Totals
        38          2          3          0          0          0   (incl. Padding)

    ----------------------------------------------------------------------

      Code (inc. data)   RO Data    RW Data    ZI Data      Debug   Library Name

     10202        338        513          0         96       5772   c_w.l
      5266        360          8          0          0       3344   fz_ws.l
      3826        294        528          0          0       1656   m_ws.l

    ----------------------------------------------------------------------
     19332        994       1052          0         96      10772   Library Totals

    ----------------------------------------------------------------------

==============================================================================


      Code (inc. data)   RO Data    RW Data    ZI Data      Debug   

     40260       2426       4540        348       2012     299022   Grand Totals
     40260       2426       4540         72       2012     299022   ELF Image Totals (compressed)
     40260       2426       4540         72          0          0   ROM Totals

==============================================================================

    Total RO  Size (Code + RO Data)                44800 (  43.75kB)
    Total RW  Size (RW Data + ZI Data)              2360 (   2.30kB)
    Total ROM Size (Code + RO Data + RW Data)      44872 (  43.82kB)

==============================================================================

