<html>
<body>
<pre>
<h1>礦ision Build Log</h1>
<h2>Project:</h2>
G:\IAPV1\菜鸟专用平衡小车源码 （Mini版）\USER\Minibalance.uvproj
Project File Date:  04/19/2016

<h2>Output:</h2>
Build target 'Target 1'
assembling startup_stm32f10x_md.s...
compiling Minibalance.c...
compiling delay.c...
compiling sys.c...
compiling usart.c...
compiling LED.C...
compiling key.c...
compiling oled.c...
compiling adc.c...
compiling timer.c...
compiling motor.c...
compiling encoder.c...
compiling IOI2C.c...
compiling 24l01.c...
compiling spi.c...
compiling usart2.c...
compiling control.c...
compiling DataScope_DP.C...
compiling inv_mpu.c...
compiling inv_mpu_dmp_motion_driver.c...
compiling filter.c...
compiling MPU6050.c...
compiling show.c...
linking...
Program Size: Code=40260 RO-data=4540 RW-data=348 ZI-data=2012  
FromELF: creating hex file...
After Build - User command #1: fromelf.exe --bin -o ./Minibalance.bin ../OBJ/Minibalance.axf
"..\OBJ\Minibalance.axf" - 0 Error(s), 0 Warning(s).
</pre>
</body>
</html>
 warning:  #1295-D: Deprecated declaration openPacket - give arg types
  void openPacket();
..\HARDWARE\LED\LED.C: 1 warning, 0 errors
compiling key.c...
..\SYSTEM\usart\usart.h(10): warning:  #1295-D: Deprecated declaration openPacket - give arg types
  void openPacket();
..\HARDWARE\KEY\key.c: 1 warning, 0 errors
compiling oled.c...
..\SYSTEM\usart\usart.h(10): warning:  #1295-D: Deprecated declaration openPacket - give arg types
  void openPacket();
..\HARDWARE\OLED\oled.c: 1 warning, 0 errors
compiling adc.c...
..\SYSTEM\usart\usart.h(10): warning:  #1295-D: Deprecated declaration openPacket - give arg types
  void openPacket();
..\HARDWARE\ADC\adc.c: 1 warning, 0 errors
compiling timer.c...
..\SYSTEM\usart\usart.h(10): warning:  #1295-D: Deprecated declaration openPacket - give arg types
  void openPacket();
..\HARDWARE\TIMER\timer.c: 1 warning, 0 errors
compiling motor.c...
..\SYSTEM\usart\usart.h(10): warning:  #1295-D: Deprecated declaration openPacket - give arg types
  void openPacket();
..\HARDWARE\MOTOR\motor.c: 1 warning, 0 errors
compiling encoder.c...
..\SYSTEM\usart\usart.h(10): warning:  #1295-D: Deprecated declaration openPacket - give arg types
  void openPacket();
..\HARDWARE\ENCODER\encoder.c: 1 warning, 0 errors
compiling IOI2C.c...
..\SYSTEM\usart\usart.h(10): warning:  #1295-D: Deprecated declaration openPacket - give arg types
  void openPacket();
..\HARDWARE\IIC\IOI2C.c: 1 warning, 0 errors
compiling 24l01.c...
..\SYSTEM\usart\usart.h(10): warning:  #1295-D: Deprecated declaration openPacket - give arg types
  void openPacket();
..\HARDWARE\NRF24L01\24l01.c: 1 warning, 0 errors
compiling spi.c...
..\SYSTEM\usart\usart.h(10): warning:  #1295-D: Deprecated declaration openPacket - give arg types
  void openPacket();
..\HARDWARE\SPI\spi.c: 1 warning, 0 errors
compiling usart2.c...
..\SYSTEM\usart\usart.h(10): warning:  #1295-D: Deprecated declaration openPacket - give arg types
  void openPacket();
..\HARDWARE\USART2\usart2.c: 1 warning, 0 errors
compiling control.c...
..\SYSTEM\usart\usart.h(10): warning:  #1295-D: Deprecated declaration openPacket - give arg types
  void openPacket();
..\BALANCE\CONTROL\control.c: 1 warning, 0 errors
compiling DataScope_DP.C...
compiling inv_mpu.c...
..\SYSTEM\usart\usart.h(10): warning:  #1295-D: Deprecated declaration openPacket - give arg types
  void openPacket();
..\BALANCE\DMP\inv_mpu.c: 1 warning, 0 errors
compiling inv_mpu_dmp_motion_driver.c...
..\SYSTEM\usart\usart.h(10): warning:  #1295-D: Deprecated declaration openPacket - give arg types
  void openPacket();
..\BALANCE\DMP\inv_mpu_dmp_motion_driver.c: 1 warning, 0 errors
compiling filter.c...
compiling MPU6050.c...
..\SYSTEM\usart\usart.h(10): warning:  #1295-D: Deprecated declaration openPacket - give arg types
  void openPacket();
..\BALANCE\MPU6050\MPU6050.c: 1 warning, 0 errors
compiling show.c...
..\SYSTEM\usart\usart.h(10): warning:  #1295-D: Deprecated declaration openPacket - give arg types
  void openPacket();
..\BALANCE\show\show.c: 1 warning, 0 errors
linking...
Program Size: Code=38748 RO-data=4476 RW-data=340 ZI-data=2012  
FromELF: creating hex file...
After Build - User command #1: fromelf.exe --bin -o ./Minibalance.bin ../OBJ/Minibalance.axf
"..\OBJ\Minibalance.axf" - 0 Error(s), 20 Warning(s).
ance.axf" - 0 Error(s), 20 Warning(s).
r command #1: fromelf.exe --bin -o ./Minibalance.bin ../OBJ/Minibalance.axf
"..\OBJ\Minibalance.axf" - 0 Error(s), 21 Warning(s).
x file...
After Build - User command #1: fromelf.exe --bin -o ./Minibalance.bin ../OBJ/Minibalance.axf
"..\OBJ\Minibalance.axf" - 0 Error(s), 21 Warning(s).
